2025-11-26 16:15:46,668 | INFO | Initialized experiment directories for PACS
2025-11-26 16:15:46,668 | INFO | Logs: d:\Haseeb\SPROJ\GRQO\Vit-GRQO\resnet18_experiments\PACS\logs
2025-11-26 16:15:46,669 | INFO | Checkpoints: d:\Haseeb\SPROJ\GRQO\Vit-GRQO\resnet18_experiments\PACS\checkpoints
2025-11-26 16:15:46,669 | INFO | Plots: d:\Haseeb\SPROJ\GRQO\Vit-GRQO\resnet18_experiments\PACS\plots
2025-11-26 16:15:47,675 | INFO | === LODO: Leaving out domain 'art_painting' ===
2025-11-26 16:16:55,839 | INFO | [art_painting] Epoch 1/10 | Train - Loss: 0.6758, Cls: 0.6703, GRQO: 0.0068, Acc: 0.8018 | Val - Loss: 0.9242, Cls: 0.9235, GRQO: 0.0009, Acc: 0.7075
2025-11-26 16:16:55,906 | INFO | [art_painting] New best val acc: 0.7075
2025-11-26 16:17:11,806 | INFO | [art_painting] Epoch 2/10 | Train - Loss: 0.1212, Cls: 0.1193, GRQO: 0.0023, Acc: 0.9625 | Val - Loss: 0.9419, Cls: 0.9419, GRQO: 0.0000, Acc: 0.7397
2025-11-26 16:17:11,856 | INFO | [art_painting] New best val acc: 0.7397
2025-11-26 16:17:27,607 | INFO | [art_painting] Epoch 3/10 | Train - Loss: 0.0372, Cls: 0.0354, GRQO: 0.0022, Acc: 0.9916 | Val - Loss: 0.8762, Cls: 0.8762, GRQO: -0.0001, Acc: 0.7568
2025-11-26 16:17:27,657 | INFO | [art_painting] New best val acc: 0.7568
2025-11-26 16:17:43,292 | INFO | [art_painting] Epoch 4/10 | Train - Loss: 0.0239, Cls: 0.0222, GRQO: 0.0022, Acc: 0.9955 | Val - Loss: 0.8554, Cls: 0.8553, GRQO: 0.0001, Acc: 0.7656
2025-11-26 16:17:43,340 | INFO | [art_painting] New best val acc: 0.7656
2025-11-26 16:17:59,325 | INFO | [art_painting] Epoch 5/10 | Train - Loss: 0.0088, Cls: 0.0071, GRQO: 0.0022, Acc: 0.9991 | Val - Loss: 1.0144, Cls: 1.0146, GRQO: -0.0002, Acc: 0.7393
2025-11-26 16:18:15,221 | INFO | [art_painting] Epoch 6/10 | Train - Loss: 0.0508, Cls: 0.0493, GRQO: 0.0019, Acc: 0.9859 | Val - Loss: 1.1394, Cls: 1.1398, GRQO: -0.0005, Acc: 0.6982
2025-11-26 16:18:31,088 | INFO | [art_painting] Epoch 7/10 | Train - Loss: 0.0411, Cls: 0.0397, GRQO: 0.0017, Acc: 0.9896 | Val - Loss: 0.9255, Cls: 0.9258, GRQO: -0.0004, Acc: 0.7598
2025-11-26 16:18:47,054 | INFO | [art_painting] Epoch 8/10 | Train - Loss: 0.0107, Cls: 0.0093, GRQO: 0.0017, Acc: 0.9975 | Val - Loss: 1.1026, Cls: 1.1030, GRQO: -0.0004, Acc: 0.7358
2025-11-26 16:19:03,088 | INFO | [art_painting] Epoch 9/10 | Train - Loss: 0.0140, Cls: 0.0127, GRQO: 0.0017, Acc: 0.9967 | Val - Loss: 1.2889, Cls: 1.2893, GRQO: -0.0004, Acc: 0.7031
2025-11-26 16:19:19,107 | INFO | [art_painting] Epoch 10/10 | Train - Loss: 0.0528, Cls: 0.0517, GRQO: 0.0014, Acc: 0.9856 | Val - Loss: 1.0206, Cls: 1.0209, GRQO: -0.0004, Acc: 0.7466
2025-11-26 16:19:19,107 | INFO | [art_painting] Best Acc: 0.7656
2025-11-26 16:19:19,107 | INFO | ------------------------------------------------------------
2025-11-26 16:19:19,199 | INFO | === LODO: Leaving out domain 'cartoon' ===
2025-11-26 16:19:35,116 | INFO | [cartoon] Epoch 1/10 | Train - Loss: 0.7758, Cls: 0.7707, GRQO: 0.0064, Acc: 0.7698 | Val - Loss: 0.9151, Cls: 0.9145, GRQO: 0.0007, Acc: 0.6890
2025-11-26 16:19:35,158 | INFO | [cartoon] New best val acc: 0.6890
2025-11-26 16:19:51,337 | INFO | [cartoon] Epoch 2/10 | Train - Loss: 0.1313, Cls: 0.1294, GRQO: 0.0024, Acc: 0.9587 | Val - Loss: 0.7029, Cls: 0.7029, GRQO: 0.0000, Acc: 0.7666
2025-11-26 16:19:51,398 | INFO | [cartoon] New best val acc: 0.7666
2025-11-26 16:20:08,795 | INFO | [cartoon] Epoch 3/10 | Train - Loss: 0.0330, Cls: 0.0311, GRQO: 0.0024, Acc: 0.9937 | Val - Loss: 0.8606, Cls: 0.8606, GRQO: -0.0000, Acc: 0.7526
2025-11-26 16:20:25,770 | INFO | [cartoon] Epoch 4/10 | Train - Loss: 0.0109, Cls: 0.0091, GRQO: 0.0023, Acc: 0.9992 | Val - Loss: 1.0081, Cls: 1.0082, GRQO: -0.0002, Acc: 0.7393
2025-11-26 16:20:42,657 | INFO | [cartoon] Epoch 5/10 | Train - Loss: 0.0066, Cls: 0.0048, GRQO: 0.0022, Acc: 0.9997 | Val - Loss: 1.0468, Cls: 1.0469, GRQO: -0.0002, Acc: 0.7308
2025-11-26 16:20:59,087 | INFO | [cartoon] Epoch 6/10 | Train - Loss: 0.0083, Cls: 0.0067, GRQO: 0.0020, Acc: 0.9992 | Val - Loss: 1.3017, Cls: 1.3020, GRQO: -0.0003, Acc: 0.6997
2025-11-26 16:21:15,486 | INFO | [cartoon] Epoch 7/10 | Train - Loss: 0.0046, Cls: 0.0031, GRQO: 0.0019, Acc: 1.0000 | Val - Loss: 1.0640, Cls: 1.0642, GRQO: -0.0003, Acc: 0.7457
2025-11-26 16:21:32,086 | INFO | [cartoon] Epoch 8/10 | Train - Loss: 0.0171, Cls: 0.0158, GRQO: 0.0017, Acc: 0.9956 | Val - Loss: 1.3626, Cls: 1.3630, GRQO: -0.0004, Acc: 0.7026
2025-11-26 16:21:48,719 | INFO | [cartoon] Epoch 9/10 | Train - Loss: 0.0334, Cls: 0.0322, GRQO: 0.0015, Acc: 0.9895 | Val - Loss: 1.2952, Cls: 1.2954, GRQO: -0.0003, Acc: 0.7073
2025-11-26 16:22:04,986 | INFO | [cartoon] Epoch 10/10 | Train - Loss: 0.0289, Cls: 0.0277, GRQO: 0.0015, Acc: 0.9912 | Val - Loss: 1.0348, Cls: 1.0349, GRQO: -0.0002, Acc: 0.7462
2025-11-26 16:22:04,986 | INFO | [cartoon] Best Acc: 0.7666
2025-11-26 16:22:04,986 | INFO | ------------------------------------------------------------
2025-11-26 16:22:05,085 | INFO | === LODO: Leaving out domain 'photo' ===
2025-11-26 16:22:21,014 | INFO | [photo] Epoch 1/10 | Train - Loss: 0.7773, Cls: 0.7732, GRQO: 0.0051, Acc: 0.7580 | Val - Loss: 0.2208, Cls: 0.2201, GRQO: 0.0009, Acc: 0.9341
2025-11-26 16:22:21,064 | INFO | [photo] New best val acc: 0.9341
2025-11-26 16:22:37,206 | INFO | [photo] Epoch 2/10 | Train - Loss: 0.1484, Cls: 0.1463, GRQO: 0.0027, Acc: 0.9575 | Val - Loss: 0.1938, Cls: 0.1932, GRQO: 0.0007, Acc: 0.9365
2025-11-26 16:22:37,255 | INFO | [photo] New best val acc: 0.9365
2025-11-26 16:22:53,424 | INFO | [photo] Epoch 3/10 | Train - Loss: 0.0635, Cls: 0.0612, GRQO: 0.0028, Acc: 0.9851 | Val - Loss: 0.2190, Cls: 0.2186, GRQO: 0.0005, Acc: 0.9293
2025-11-26 16:23:09,402 | INFO | [photo] Epoch 4/10 | Train - Loss: 0.0278, Cls: 0.0257, GRQO: 0.0026, Acc: 0.9946 | Val - Loss: 0.2802, Cls: 0.2799, GRQO: 0.0004, Acc: 0.9222
2025-11-26 16:23:25,555 | INFO | [photo] Epoch 5/10 | Train - Loss: 0.1086, Cls: 0.1062, GRQO: 0.0029, Acc: 0.9700 | Val - Loss: 0.2485, Cls: 0.2480, GRQO: 0.0007, Acc: 0.9251
2025-11-26 16:23:41,837 | INFO | [photo] Epoch 6/10 | Train - Loss: 0.0788, Cls: 0.0765, GRQO: 0.0029, Acc: 0.9779 | Val - Loss: 0.2819, Cls: 0.2811, GRQO: 0.0010, Acc: 0.9168
2025-11-26 16:23:57,932 | INFO | [photo] Epoch 7/10 | Train - Loss: 0.0677, Cls: 0.0647, GRQO: 0.0037, Acc: 0.9820 | Val - Loss: 0.3414, Cls: 0.3401, GRQO: 0.0016, Acc: 0.9048
2025-11-26 16:24:14,144 | INFO | [photo] Epoch 8/10 | Train - Loss: 0.0863, Cls: 0.0822, GRQO: 0.0051, Acc: 0.9737 | Val - Loss: 0.3666, Cls: 0.3649, GRQO: 0.0021, Acc: 0.9030
2025-11-26 16:24:30,250 | INFO | [photo] Epoch 9/10 | Train - Loss: 0.0653, Cls: 0.0625, GRQO: 0.0035, Acc: 0.9798 | Val - Loss: 0.2970, Cls: 0.2961, GRQO: 0.0012, Acc: 0.9222
2025-11-26 16:24:46,401 | INFO | [photo] Epoch 10/10 | Train - Loss: 0.0211, Cls: 0.0189, GRQO: 0.0028, Acc: 0.9964 | Val - Loss: 0.2960, Cls: 0.2952, GRQO: 0.0010, Acc: 0.9240
2025-11-26 16:24:46,401 | INFO | [photo] Best Acc: 0.9365
2025-11-26 16:24:46,401 | INFO | ------------------------------------------------------------
2025-11-26 16:24:46,495 | INFO | === LODO: Leaving out domain 'sketch' ===
2025-11-26 16:25:04,039 | INFO | [sketch] Epoch 1/10 | Train - Loss: 0.8240, Cls: 0.8149, GRQO: 0.0114, Acc: 0.7724 | Val - Loss: 0.8921, Cls: 0.8912, GRQO: 0.0011, Acc: 0.6778
2025-11-26 16:25:04,086 | INFO | [sketch] New best val acc: 0.6778
2025-11-26 16:25:21,900 | INFO | [sketch] Epoch 2/10 | Train - Loss: 0.1097, Cls: 0.1074, GRQO: 0.0028, Acc: 0.9696 | Val - Loss: 1.3621, Cls: 1.3620, GRQO: 0.0000, Acc: 0.5956
2025-11-26 16:25:40,050 | INFO | [sketch] Epoch 3/10 | Train - Loss: 0.0264, Cls: 0.0243, GRQO: 0.0026, Acc: 0.9960 | Val - Loss: 0.9790, Cls: 0.9786, GRQO: 0.0005, Acc: 0.6918
2025-11-26 16:25:40,102 | INFO | [sketch] New best val acc: 0.6918
2025-11-26 16:25:58,333 | INFO | [sketch] Epoch 4/10 | Train - Loss: 0.0103, Cls: 0.0083, GRQO: 0.0024, Acc: 0.9995 | Val - Loss: 1.2778, Cls: 1.2776, GRQO: 0.0003, Acc: 0.6643
2025-11-26 16:26:16,298 | INFO | [sketch] Epoch 5/10 | Train - Loss: 0.0065, Cls: 0.0047, GRQO: 0.0023, Acc: 1.0000 | Val - Loss: 1.4020, Cls: 1.4020, GRQO: 0.0000, Acc: 0.6462
2025-11-26 16:26:34,514 | INFO | [sketch] Epoch 6/10 | Train - Loss: 0.0051, Cls: 0.0034, GRQO: 0.0022, Acc: 1.0000 | Val - Loss: 1.4444, Cls: 1.4444, GRQO: -0.0000, Acc: 0.6383
