2025-11-26 12:15:22,011 | INFO | Initialized experiment directories for PACS
2025-11-26 12:15:22,012 | INFO | Logs: d:\Haseeb\SPROJ\GRQO\Vit-GRQO\resnet18_experiments\PACS\logs
2025-11-26 12:15:22,013 | INFO | Checkpoints: d:\Haseeb\SPROJ\GRQO\Vit-GRQO\resnet18_experiments\PACS\checkpoints
2025-11-26 12:15:22,013 | INFO | Plots: d:\Haseeb\SPROJ\GRQO\Vit-GRQO\resnet18_experiments\PACS\plots
2025-11-26 12:15:22,245 | INFO | === LODO: Leaving out domain 'art_painting' ===
2025-11-26 12:15:39,665 | INFO | [art_painting] Epoch 1/10 | Train - Loss: 0.6800, Cls: 0.6731, GRQO: 0.0087, Acc: 0.8022 | Val - Loss: 0.9040, Cls: 0.9024, GRQO: 0.0020, Acc: 0.7197
2025-11-26 12:15:39,717 | INFO | [art_painting] New best val acc: 0.7197
2025-11-26 12:15:56,227 | INFO | [art_painting] Epoch 2/10 | Train - Loss: 0.1226, Cls: 0.1204, GRQO: 0.0028, Acc: 0.9627 | Val - Loss: 0.8984, Cls: 0.8974, GRQO: 0.0012, Acc: 0.7461
2025-11-26 12:15:56,280 | INFO | [art_painting] New best val acc: 0.7461
2025-11-26 12:16:12,704 | INFO | [art_painting] Epoch 3/10 | Train - Loss: 0.0383, Cls: 0.0365, GRQO: 0.0022, Acc: 0.9916 | Val - Loss: 0.8843, Cls: 0.8834, GRQO: 0.0011, Acc: 0.7573
2025-11-26 12:16:12,750 | INFO | [art_painting] New best val acc: 0.7573
2025-11-26 12:16:29,116 | INFO | [art_painting] Epoch 4/10 | Train - Loss: 0.0233, Cls: 0.0216, GRQO: 0.0021, Acc: 0.9953 | Val - Loss: 0.8623, Cls: 0.8614, GRQO: 0.0010, Acc: 0.7749
2025-11-26 12:16:29,170 | INFO | [art_painting] New best val acc: 0.7749
2025-11-26 12:16:45,532 | INFO | [art_painting] Epoch 5/10 | Train - Loss: 0.0071, Cls: 0.0057, GRQO: 0.0018, Acc: 0.9999 | Val - Loss: 0.8640, Cls: 0.8634, GRQO: 0.0007, Acc: 0.7832
2025-11-26 12:16:45,580 | INFO | [art_painting] New best val acc: 0.7832
2025-11-26 12:17:01,865 | INFO | [art_painting] Epoch 6/10 | Train - Loss: 0.0104, Cls: 0.0091, GRQO: 0.0016, Acc: 0.9979 | Val - Loss: 1.3378, Cls: 1.3373, GRQO: 0.0006, Acc: 0.6880
2025-11-26 12:17:18,281 | INFO | [art_painting] Epoch 7/10 | Train - Loss: 0.0769, Cls: 0.0755, GRQO: 0.0018, Acc: 0.9796 | Val - Loss: 0.9370, Cls: 0.9365, GRQO: 0.0006, Acc: 0.7485
2025-11-26 12:17:34,681 | INFO | [art_painting] Epoch 8/10 | Train - Loss: 0.0165, Cls: 0.0153, GRQO: 0.0014, Acc: 0.9965 | Val - Loss: 1.0819, Cls: 1.0814, GRQO: 0.0006, Acc: 0.7231
2025-11-26 12:17:51,081 | INFO | [art_painting] Epoch 9/10 | Train - Loss: 0.0080, Cls: 0.0070, GRQO: 0.0013, Acc: 0.9989 | Val - Loss: 1.2818, Cls: 1.2814, GRQO: 0.0005, Acc: 0.7197
2025-11-26 12:18:07,464 | INFO | [art_painting] Epoch 10/10 | Train - Loss: 0.0170, Cls: 0.0161, GRQO: 0.0012, Acc: 0.9965 | Val - Loss: 1.1143, Cls: 1.1139, GRQO: 0.0005, Acc: 0.7271
2025-11-26 12:18:07,464 | INFO | [art_painting] Best Acc: 0.7832
2025-11-26 12:18:07,464 | INFO | ------------------------------------------------------------
2025-11-26 12:18:07,561 | INFO | === LODO: Leaving out domain 'cartoon' ===
2025-11-26 12:18:23,997 | INFO | [cartoon] Epoch 1/10 | Train - Loss: 0.7792, Cls: 0.7726, GRQO: 0.0082, Acc: 0.7700 | Val - Loss: 0.9814, Cls: 0.9800, GRQO: 0.0017, Acc: 0.6728
2025-11-26 12:18:24,057 | INFO | [cartoon] New best val acc: 0.6728
2025-11-26 12:18:40,563 | INFO | [cartoon] Epoch 2/10 | Train - Loss: 0.1311, Cls: 0.1287, GRQO: 0.0031, Acc: 0.9588 | Val - Loss: 0.7404, Cls: 0.7395, GRQO: 0.0011, Acc: 0.7585
2025-11-26 12:18:40,614 | INFO | [cartoon] New best val acc: 0.7585
2025-11-26 12:18:57,147 | INFO | [cartoon] Epoch 3/10 | Train - Loss: 0.0352, Cls: 0.0331, GRQO: 0.0027, Acc: 0.9916 | Val - Loss: 0.8724, Cls: 0.8717, GRQO: 0.0009, Acc: 0.7423
2025-11-26 12:19:13,579 | INFO | [cartoon] Epoch 4/10 | Train - Loss: 0.0131, Cls: 0.0112, GRQO: 0.0024, Acc: 0.9986 | Val - Loss: 0.9139, Cls: 0.9133, GRQO: 0.0008, Acc: 0.7487
2025-11-26 12:19:29,929 | INFO | [cartoon] Epoch 5/10 | Train - Loss: 0.0062, Cls: 0.0045, GRQO: 0.0022, Acc: 0.9999 | Val - Loss: 0.9483, Cls: 0.9478, GRQO: 0.0007, Acc: 0.7526
2025-11-26 12:19:46,295 | INFO | [cartoon] Epoch 6/10 | Train - Loss: 0.0043, Cls: 0.0028, GRQO: 0.0019, Acc: 1.0000 | Val - Loss: 0.9962, Cls: 0.9957, GRQO: 0.0006, Acc: 0.7479
2025-11-26 12:20:03,811 | INFO | [cartoon] Epoch 7/10 | Train - Loss: 0.0037, Cls: 0.0023, GRQO: 0.0017, Acc: 1.0000 | Val - Loss: 1.0057, Cls: 1.0053, GRQO: 0.0006, Acc: 0.7466
2025-11-26 12:20:20,871 | INFO | [cartoon] Epoch 8/10 | Train - Loss: 0.0032, Cls: 0.0020, GRQO: 0.0015, Acc: 1.0000 | Val - Loss: 1.0156, Cls: 1.0152, GRQO: 0.0006, Acc: 0.7496
2025-11-26 12:20:38,161 | INFO | [cartoon] Epoch 9/10 | Train - Loss: 0.0028, Cls: 0.0017, GRQO: 0.0014, Acc: 1.0000 | Val - Loss: 1.0343, Cls: 1.0339, GRQO: 0.0005, Acc: 0.7513
2025-11-26 12:20:54,927 | INFO | [cartoon] Epoch 10/10 | Train - Loss: 0.0025, Cls: 0.0015, GRQO: 0.0012, Acc: 1.0000 | Val - Loss: 1.1225, Cls: 1.1220, GRQO: 0.0005, Acc: 0.7351
2025-11-26 12:20:54,927 | INFO | [cartoon] Best Acc: 0.7585
2025-11-26 12:20:54,927 | INFO | ------------------------------------------------------------
2025-11-26 12:20:55,012 | INFO | === LODO: Leaving out domain 'photo' ===
2025-11-26 12:21:11,345 | INFO | [photo] Epoch 1/10 | Train - Loss: 0.7785, Cls: 0.7731, GRQO: 0.0068, Acc: 0.7590 | Val - Loss: 0.2153, Cls: 0.2144, GRQO: 0.0011, Acc: 0.9389
2025-11-26 12:21:11,397 | INFO | [photo] New best val acc: 0.9389
2025-11-26 12:21:27,743 | INFO | [photo] Epoch 2/10 | Train - Loss: 0.1491, Cls: 0.1467, GRQO: 0.0031, Acc: 0.9594 | Val - Loss: 0.1940, Cls: 0.1935, GRQO: 0.0006, Acc: 0.9413
2025-11-26 12:21:27,794 | INFO | [photo] New best val acc: 0.9413
2025-11-26 12:21:44,312 | INFO | [photo] Epoch 3/10 | Train - Loss: 0.0637, Cls: 0.0603, GRQO: 0.0043, Acc: 0.9844 | Val - Loss: 0.1919, Cls: 0.1906, GRQO: 0.0016, Acc: 0.9365
2025-11-26 12:22:01,044 | INFO | [photo] Epoch 4/10 | Train - Loss: 0.0656, Cls: 0.0625, GRQO: 0.0039, Acc: 0.9815 | Val - Loss: 0.3293, Cls: 0.3282, GRQO: 0.0014, Acc: 0.8952
2025-11-26 12:22:17,726 | INFO | [photo] Epoch 5/10 | Train - Loss: 0.0995, Cls: 0.0962, GRQO: 0.0042, Acc: 0.9696 | Val - Loss: 0.2471, Cls: 0.2460, GRQO: 0.0014, Acc: 0.9234
2025-11-26 12:22:34,092 | INFO | [photo] Epoch 6/10 | Train - Loss: 0.0461, Cls: 0.0423, GRQO: 0.0048, Acc: 0.9894 | Val - Loss: 0.2546, Cls: 0.2528, GRQO: 0.0023, Acc: 0.9240
2025-11-26 12:22:50,410 | INFO | [photo] Epoch 7/10 | Train - Loss: 0.0639, Cls: 0.0605, GRQO: 0.0042, Acc: 0.9832 | Val - Loss: 0.2797, Cls: 0.2783, GRQO: 0.0017, Acc: 0.9204
2025-11-26 12:23:06,794 | INFO | [photo] Epoch 8/10 | Train - Loss: 0.0139, Cls: 0.0115, GRQO: 0.0031, Acc: 0.9988 | Val - Loss: 0.2824, Cls: 0.2814, GRQO: 0.0013, Acc: 0.9186
2025-11-26 12:23:23,092 | INFO | [photo] Epoch 9/10 | Train - Loss: 0.0547, Cls: 0.0510, GRQO: 0.0047, Acc: 0.9833 | Val - Loss: 0.2689, Cls: 0.2670, GRQO: 0.0024, Acc: 0.9275
2025-11-26 12:23:39,441 | INFO | [photo] Epoch 10/10 | Train - Loss: 0.0527, Cls: 0.0484, GRQO: 0.0054, Acc: 0.9863 | Val - Loss: 0.4050, Cls: 0.4029, GRQO: 0.0026, Acc: 0.8994
2025-11-26 12:23:39,441 | INFO | [photo] Best Acc: 0.9413
2025-11-26 12:23:39,453 | INFO | ------------------------------------------------------------
2025-11-26 12:23:39,541 | INFO | === LODO: Leaving out domain 'sketch' ===
2025-11-26 12:23:57,511 | INFO | [sketch] Epoch 1/10 | Train - Loss: 0.8288, Cls: 0.8176, GRQO: 0.0140, Acc: 0.7715 | Val - Loss: 0.8903, Cls: 0.8881, GRQO: 0.0028, Acc: 0.6826
2025-11-26 12:23:57,570 | INFO | [sketch] New best val acc: 0.6826
2025-11-26 12:24:15,374 | INFO | [sketch] Epoch 2/10 | Train - Loss: 0.1069, Cls: 0.1042, GRQO: 0.0034, Acc: 0.9706 | Val - Loss: 1.2771, Cls: 1.2758, GRQO: 0.0017, Acc: 0.6210
2025-11-26 12:24:33,257 | INFO | [sketch] Epoch 3/10 | Train - Loss: 0.0258, Cls: 0.0236, GRQO: 0.0027, Acc: 0.9967 | Val - Loss: 0.9309, Cls: 0.9294, GRQO: 0.0018, Acc: 0.7020
2025-11-26 12:24:33,316 | INFO | [sketch] New best val acc: 0.7020
2025-11-26 12:24:51,881 | INFO | [sketch] Epoch 4/10 | Train - Loss: 0.0116, Cls: 0.0097, GRQO: 0.0023, Acc: 0.9990 | Val - Loss: 1.3017, Cls: 1.3004, GRQO: 0.0017, Acc: 0.6740
2025-11-26 12:25:09,906 | INFO | [sketch] Epoch 5/10 | Train - Loss: 0.0069, Cls: 0.0053, GRQO: 0.0020, Acc: 0.9997 | Val - Loss: 1.4822, Cls: 1.4811, GRQO: 0.0013, Acc: 0.6335
2025-11-26 12:25:28,139 | INFO | [sketch] Epoch 6/10 | Train - Loss: 0.0050, Cls: 0.0035, GRQO: 0.0019, Acc: 1.0000 | Val - Loss: 1.4645, Cls: 1.4635, GRQO: 0.0013, Acc: 0.6439
2025-11-26 12:25:46,039 | INFO | [sketch] Epoch 7/10 | Train - Loss: 0.0039, Cls: 0.0026, GRQO: 0.0017, Acc: 1.0000 | Val - Loss: 1.5077, Cls: 1.5068, GRQO: 0.0011, Acc: 0.6427
2025-11-26 12:26:04,354 | INFO | [sketch] Epoch 8/10 | Train - Loss: 0.0034, Cls: 0.0022, GRQO: 0.0015, Acc: 1.0000 | Val - Loss: 1.5519, Cls: 1.5510, GRQO: 0.0011, Acc: 0.6462
2025-11-26 12:26:22,805 | INFO | [sketch] Epoch 9/10 | Train - Loss: 0.0031, Cls: 0.0020, GRQO: 0.0014, Acc: 1.0000 | Val - Loss: 1.6440, Cls: 1.6432, GRQO: 0.0010, Acc: 0.6363
2025-11-26 12:26:40,971 | INFO | [sketch] Epoch 10/10 | Train - Loss: 0.0027, Cls: 0.0017, GRQO: 0.0012, Acc: 1.0000 | Val - Loss: 1.5690, Cls: 1.5682, GRQO: 0.0010, Acc: 0.6449
2025-11-26 12:26:40,971 | INFO | [sketch] Best Acc: 0.7020
2025-11-26 12:26:40,971 | INFO | ------------------------------------------------------------
2025-11-26 12:26:40,971 | INFO | LODO finished | Mean Acc: 0.7963 | Summary saved to d:\Haseeb\SPROJ\GRQO\Vit-GRQO\resnet18_experiments\PACS\logs\lodo_summary_20251126_122640.json
2025-11-26 12:26:40,989 | INFO | Initializing ResNet baseline: resnet18
2025-11-26 12:26:41,071 | INFO | === Baseline LODO: Leaving out domain 'art_painting' ===
2025-11-26 12:26:56,671 | INFO | [art_painting] Epoch 1/10 | Train - Loss: 0.5255, Acc: 0.8338 | Val Acc: 0.7129
2025-11-26 12:27:12,420 | INFO | [art_painting] Epoch 2/10 | Train - Loss: 0.1069, Acc: 0.9719 | Val Acc: 0.7588
2025-11-26 12:27:28,114 | INFO | [art_painting] Epoch 3/10 | Train - Loss: 0.0337, Acc: 0.9963 | Val Acc: 0.7363
2025-11-26 12:27:43,770 | INFO | [art_painting] Epoch 4/10 | Train - Loss: 0.0256, Acc: 0.9961 | Val Acc: 0.7847
2025-11-26 12:27:59,520 | INFO | [art_painting] Epoch 5/10 | Train - Loss: 0.0216, Acc: 0.9960 | Val Acc: 0.7549
2025-11-26 12:28:15,214 | INFO | [art_painting] Epoch 6/10 | Train - Loss: 0.0067, Acc: 0.9999 | Val Acc: 0.7686
2025-11-26 12:28:30,684 | INFO | [art_painting] Epoch 7/10 | Train - Loss: 0.0032, Acc: 1.0000 | Val Acc: 0.7773
2025-11-26 12:28:46,515 | INFO | [art_painting] Epoch 8/10 | Train - Loss: 0.0025, Acc: 1.0000 | Val Acc: 0.7852
2025-11-26 12:29:02,619 | INFO | [art_painting] Epoch 9/10 | Train - Loss: 0.0020, Acc: 1.0000 | Val Acc: 0.7759
2025-11-26 12:29:18,173 | INFO | [art_painting] Epoch 10/10 | Train - Loss: 0.0046, Acc: 0.9994 | Val Acc: 0.7402
2025-11-26 12:29:18,173 | INFO | [art_painting] Best Val Acc: 0.7852
2025-11-26 12:29:18,173 | INFO | ------------------------------------------------------------
2025-11-26 12:29:18,173 | INFO | Initializing ResNet baseline: resnet18
2025-11-26 12:29:18,252 | INFO | === Baseline LODO: Leaving out domain 'cartoon' ===
2025-11-26 12:29:34,001 | INFO | [cartoon] Epoch 1/10 | Train - Loss: 0.5471, Acc: 0.8215 | Val Acc: 0.7108
2025-11-26 12:29:49,951 | INFO | [cartoon] Epoch 2/10 | Train - Loss: 0.1003, Acc: 0.9742 | Val Acc: 0.7231
2025-11-26 12:30:05,799 | INFO | [cartoon] Epoch 3/10 | Train - Loss: 0.0279, Acc: 0.9965 | Val Acc: 0.7376
2025-11-26 12:30:21,717 | INFO | [cartoon] Epoch 4/10 | Train - Loss: 0.0092, Acc: 0.9997 | Val Acc: 0.7287
2025-11-26 12:30:37,566 | INFO | [cartoon] Epoch 5/10 | Train - Loss: 0.0046, Acc: 1.0000 | Val Acc: 0.7440
2025-11-26 12:30:53,300 | INFO | [cartoon] Epoch 6/10 | Train - Loss: 0.0030, Acc: 1.0000 | Val Acc: 0.7274
2025-11-26 12:31:09,016 | INFO | [cartoon] Epoch 7/10 | Train - Loss: 0.0022, Acc: 1.0000 | Val Acc: 0.7355
2025-11-26 12:31:25,266 | INFO | [cartoon] Epoch 8/10 | Train - Loss: 0.0017, Acc: 1.0000 | Val Acc: 0.7244
2025-11-26 12:31:40,932 | INFO | [cartoon] Epoch 9/10 | Train - Loss: 0.0014, Acc: 1.0000 | Val Acc: 0.7351
2025-11-26 12:31:56,415 | INFO | [cartoon] Epoch 10/10 | Train - Loss: 0.0012, Acc: 1.0000 | Val Acc: 0.7338
2025-11-26 12:31:56,415 | INFO | [cartoon] Best Val Acc: 0.7440
2025-11-26 12:31:56,415 | INFO | ------------------------------------------------------------
2025-11-26 12:31:56,415 | INFO | Initializing ResNet baseline: resnet18
2025-11-26 12:31:56,498 | INFO | === Baseline LODO: Leaving out domain 'photo' ===
2025-11-26 12:32:11,632 | INFO | [photo] Epoch 1/10 | Train - Loss: 0.5686, Acc: 0.8105 | Val Acc: 0.9311
2025-11-26 12:32:27,098 | INFO | [photo] Epoch 2/10 | Train - Loss: 0.1197, Acc: 0.9700 | Val Acc: 0.9539
2025-11-26 12:32:42,264 | INFO | [photo] Epoch 3/10 | Train - Loss: 0.0326, Acc: 0.9971 | Val Acc: 0.9281
2025-11-26 12:32:57,361 | INFO | [photo] Epoch 4/10 | Train - Loss: 0.0138, Acc: 0.9994 | Val Acc: 0.9491
2025-11-26 12:33:12,467 | INFO | [photo] Epoch 5/10 | Train - Loss: 0.0071, Acc: 0.9999 | Val Acc: 0.9377
2025-11-26 12:33:27,769 | INFO | [photo] Epoch 6/10 | Train - Loss: 0.0055, Acc: 0.9999 | Val Acc: 0.9401
2025-11-26 12:33:43,191 | INFO | [photo] Epoch 7/10 | Train - Loss: 0.0049, Acc: 0.9999 | Val Acc: 0.9395
2025-11-26 12:33:58,627 | INFO | [photo] Epoch 8/10 | Train - Loss: 0.0047, Acc: 0.9998 | Val Acc: 0.9413
2025-11-26 12:34:13,996 | INFO | [photo] Epoch 9/10 | Train - Loss: 0.0033, Acc: 0.9999 | Val Acc: 0.9335
2025-11-26 12:34:29,296 | INFO | [photo] Epoch 10/10 | Train - Loss: 0.0049, Acc: 0.9998 | Val Acc: 0.9365
2025-11-26 12:34:29,296 | INFO | [photo] Best Val Acc: 0.9539
2025-11-26 12:34:29,296 | INFO | ------------------------------------------------------------
2025-11-26 12:34:29,296 | INFO | Initializing ResNet baseline: resnet18
2025-11-26 12:34:29,379 | INFO | === Baseline LODO: Leaving out domain 'sketch' ===
2025-11-26 12:34:46,430 | INFO | [sketch] Epoch 1/10 | Train - Loss: 0.5376, Acc: 0.8342 | Val Acc: 0.5699
2025-11-26 12:35:03,476 | INFO | [sketch] Epoch 2/10 | Train - Loss: 0.0820, Acc: 0.9810 | Val Acc: 0.5337
2025-11-26 12:35:21,011 | INFO | [sketch] Epoch 3/10 | Train - Loss: 0.0220, Acc: 0.9988 | Val Acc: 0.5144
2025-11-26 12:35:38,895 | INFO | [sketch] Epoch 4/10 | Train - Loss: 0.0082, Acc: 1.0000 | Val Acc: 0.5556
2025-11-26 12:35:56,560 | INFO | [sketch] Epoch 5/10 | Train - Loss: 0.0044, Acc: 1.0000 | Val Acc: 0.5750
2025-11-26 12:36:13,602 | INFO | [sketch] Epoch 6/10 | Train - Loss: 0.0031, Acc: 1.0000 | Val Acc: 0.5958
2025-11-26 12:36:30,843 | INFO | [sketch] Epoch 7/10 | Train - Loss: 0.0024, Acc: 1.0000 | Val Acc: 0.5798
2025-11-26 12:36:47,927 | INFO | [sketch] Epoch 8/10 | Train - Loss: 0.0021, Acc: 1.0000 | Val Acc: 0.5828
2025-11-26 12:37:05,010 | INFO | [sketch] Epoch 9/10 | Train - Loss: 0.0016, Acc: 1.0000 | Val Acc: 0.5818
2025-11-26 12:37:22,076 | INFO | [sketch] Epoch 10/10 | Train - Loss: 0.0013, Acc: 1.0000 | Val Acc: 0.5846
2025-11-26 12:37:22,076 | INFO | [sketch] Best Val Acc: 0.5958
2025-11-26 12:37:22,076 | INFO | ------------------------------------------------------------
2025-11-26 12:37:22,076 | INFO | Baseline LODO (resnet18) finished | Mean Acc: 0.7697
2025-11-26 13:03:13,414 | INFO | Initialized experiment directories for PACS
2025-11-26 13:03:13,414 | INFO | Logs: d:\Haseeb\SPROJ\GRQO\Vit-GRQO\resnet18_experiments\PACS\logs
2025-11-26 13:03:13,414 | INFO | Checkpoints: d:\Haseeb\SPROJ\GRQO\Vit-GRQO\resnet18_experiments\PACS\checkpoints
2025-11-26 13:03:13,415 | INFO | Plots: d:\Haseeb\SPROJ\GRQO\Vit-GRQO\resnet18_experiments\PACS\plots
2025-11-26 13:03:13,611 | INFO | === LODO: Leaving out domain 'art_painting' ===
2025-11-26 13:03:30,102 | INFO | [art_painting] Epoch 1/10 | Train - Loss: 0.6779, Cls: 0.6709, GRQO: 0.0087, Acc: 0.8039 | Val - Loss: 0.8179, Cls: 0.8162, GRQO: 0.0021, Acc: 0.7422
2025-11-26 13:03:30,147 | INFO | [art_painting] New best val acc: 0.7422
2025-11-26 13:03:46,229 | INFO | [art_painting] Epoch 2/10 | Train - Loss: 0.1223, Cls: 0.1201, GRQO: 0.0028, Acc: 0.9622 | Val - Loss: 0.9841, Cls: 0.9830, GRQO: 0.0015, Acc: 0.7261
2025-11-26 13:04:02,446 | INFO | [art_painting] Epoch 3/10 | Train - Loss: 0.0330, Cls: 0.0312, GRQO: 0.0022, Acc: 0.9924 | Val - Loss: 0.7949, Cls: 0.7941, GRQO: 0.0010, Acc: 0.7725
2025-11-26 13:04:02,501 | INFO | [art_painting] New best val acc: 0.7725
2025-11-26 13:04:18,629 | INFO | [art_painting] Epoch 4/10 | Train - Loss: 0.0279, Cls: 0.0262, GRQO: 0.0022, Acc: 0.9941 | Val - Loss: 0.9457, Cls: 0.9449, GRQO: 0.0010, Acc: 0.7417
2025-11-26 13:04:34,879 | INFO | [art_painting] Epoch 5/10 | Train - Loss: 0.0083, Cls: 0.0068, GRQO: 0.0018, Acc: 0.9994 | Val - Loss: 0.9552, Cls: 0.9546, GRQO: 0.0008, Acc: 0.7432
2025-11-26 13:04:51,097 | INFO | [art_painting] Epoch 6/10 | Train - Loss: 0.0460, Cls: 0.0446, GRQO: 0.0017, Acc: 0.9883 | Val - Loss: 0.9915, Cls: 0.9911, GRQO: 0.0005, Acc: 0.7334
2025-11-26 13:05:07,415 | INFO | [art_painting] Epoch 7/10 | Train - Loss: 0.0335, Cls: 0.0323, GRQO: 0.0016, Acc: 0.9921 | Val - Loss: 0.8508, Cls: 0.8504, GRQO: 0.0005, Acc: 0.7896
2025-11-26 13:05:07,467 | INFO | [art_painting] New best val acc: 0.7896
2025-11-26 13:05:23,644 | INFO | [art_painting] Epoch 8/10 | Train - Loss: 0.0081, Cls: 0.0070, GRQO: 0.0014, Acc: 0.9987 | Val - Loss: 1.0150, Cls: 1.0145, GRQO: 0.0006, Acc: 0.7534
2025-11-26 13:05:39,828 | INFO | [art_painting] Epoch 9/10 | Train - Loss: 0.0049, Cls: 0.0039, GRQO: 0.0012, Acc: 0.9996 | Val - Loss: 1.1565, Cls: 1.1561, GRQO: 0.0004, Acc: 0.7339
2025-11-26 13:05:56,027 | INFO | [art_painting] Epoch 10/10 | Train - Loss: 0.0485, Cls: 0.0475, GRQO: 0.0013, Acc: 0.9868 | Val - Loss: 1.0874, Cls: 1.0871, GRQO: 0.0004, Acc: 0.7349
2025-11-26 13:05:56,027 | INFO | [art_painting] Best Acc: 0.7896
2025-11-26 13:05:56,027 | INFO | ------------------------------------------------------------
2025-11-26 13:05:56,111 | INFO | === LODO: Leaving out domain 'cartoon' ===
2025-11-26 13:06:12,494 | INFO | [cartoon] Epoch 1/10 | Train - Loss: 0.7770, Cls: 0.7705, GRQO: 0.0081, Acc: 0.7685 | Val - Loss: 0.8956, Cls: 0.8942, GRQO: 0.0018, Acc: 0.6890
2025-11-26 13:06:12,543 | INFO | [cartoon] New best val acc: 0.6890
2025-11-26 13:06:28,860 | INFO | [cartoon] Epoch 2/10 | Train - Loss: 0.1299, Cls: 0.1275, GRQO: 0.0030, Acc: 0.9600 | Val - Loss: 0.7928, Cls: 0.7918, GRQO: 0.0012, Acc: 0.7393
2025-11-26 13:06:28,910 | INFO | [cartoon] New best val acc: 0.7393
2025-11-26 13:06:45,303 | INFO | [cartoon] Epoch 3/10 | Train - Loss: 0.0325, Cls: 0.0303, GRQO: 0.0027, Acc: 0.9927 | Val - Loss: 0.8948, Cls: 0.8941, GRQO: 0.0009, Acc: 0.7376
2025-11-26 13:07:01,675 | INFO | [cartoon] Epoch 4/10 | Train - Loss: 0.0119, Cls: 0.0100, GRQO: 0.0024, Acc: 0.9988 | Val - Loss: 0.8954, Cls: 0.8947, GRQO: 0.0008, Acc: 0.7543
2025-11-26 13:07:01,709 | INFO | [cartoon] New best val acc: 0.7543
2025-11-26 13:07:18,059 | INFO | [cartoon] Epoch 5/10 | Train - Loss: 0.0068, Cls: 0.0051, GRQO: 0.0021, Acc: 0.9995 | Val - Loss: 0.9783, Cls: 0.9778, GRQO: 0.0006, Acc: 0.7487
2025-11-26 13:07:35,225 | INFO | [cartoon] Epoch 6/10 | Train - Loss: 0.0067, Cls: 0.0052, GRQO: 0.0019, Acc: 0.9993 | Val - Loss: 0.9727, Cls: 0.9722, GRQO: 0.0007, Acc: 0.7521
2025-11-26 13:07:51,885 | INFO | [cartoon] Epoch 7/10 | Train - Loss: 0.0054, Cls: 0.0040, GRQO: 0.0017, Acc: 0.9993 | Val - Loss: 0.9660, Cls: 0.9655, GRQO: 0.0006, Acc: 0.7521
2025-11-26 13:08:08,977 | INFO | [cartoon] Epoch 8/10 | Train - Loss: 0.0107, Cls: 0.0095, GRQO: 0.0015, Acc: 0.9974 | Val - Loss: 1.2902, Cls: 1.2899, GRQO: 0.0004, Acc: 0.7112
2025-11-26 13:08:26,058 | INFO | [cartoon] Epoch 9/10 | Train - Loss: 0.0338, Cls: 0.0326, GRQO: 0.0015, Acc: 0.9897 | Val - Loss: 1.1037, Cls: 1.1034, GRQO: 0.0004, Acc: 0.7393
2025-11-26 13:08:43,257 | INFO | [cartoon] Epoch 10/10 | Train - Loss: 0.0372, Cls: 0.0360, GRQO: 0.0014, Acc: 0.9865 | Val - Loss: 1.2993, Cls: 1.2989, GRQO: 0.0006, Acc: 0.6877
2025-11-26 13:08:43,257 | INFO | [cartoon] Best Acc: 0.7543
2025-11-26 13:08:43,257 | INFO | ------------------------------------------------------------
2025-11-26 13:08:43,357 | INFO | === LODO: Leaving out domain 'photo' ===
2025-11-26 13:08:59,681 | INFO | [photo] Epoch 1/10 | Train - Loss: 0.7778, Cls: 0.7724, GRQO: 0.0068, Acc: 0.7572 | Val - Loss: 0.2257, Cls: 0.2248, GRQO: 0.0011, Acc: 0.9281
2025-11-26 13:08:59,724 | INFO | [photo] New best val acc: 0.9281
2025-11-26 13:09:15,907 | INFO | [photo] Epoch 2/10 | Train - Loss: 0.1490, Cls: 0.1466, GRQO: 0.0031, Acc: 0.9599 | Val - Loss: 0.2170, Cls: 0.2166, GRQO: 0.0005, Acc: 0.9341
2025-11-26 13:09:15,956 | INFO | [photo] New best val acc: 0.9341
2025-11-26 13:09:32,290 | INFO | [photo] Epoch 3/10 | Train - Loss: 0.0537, Cls: 0.0512, GRQO: 0.0031, Acc: 0.9877 | Val - Loss: 0.2248, Cls: 0.2243, GRQO: 0.0006, Acc: 0.9246
2025-11-26 13:09:48,323 | INFO | [photo] Epoch 4/10 | Train - Loss: 0.0839, Cls: 0.0813, GRQO: 0.0032, Acc: 0.9778 | Val - Loss: 0.3154, Cls: 0.3149, GRQO: 0.0006, Acc: 0.9102
2025-11-26 13:10:04,844 | INFO | [photo] Epoch 5/10 | Train - Loss: 0.1015, Cls: 0.0983, GRQO: 0.0040, Acc: 0.9704 | Val - Loss: 0.2504, Cls: 0.2498, GRQO: 0.0008, Acc: 0.9251
2025-11-26 13:10:21,356 | INFO | [photo] Epoch 6/10 | Train - Loss: 0.0662, Cls: 0.0635, GRQO: 0.0034, Acc: 0.9809 | Val - Loss: 0.2443, Cls: 0.2435, GRQO: 0.0011, Acc: 0.9216
2025-11-26 13:10:37,655 | INFO | [photo] Epoch 7/10 | Train - Loss: 0.0473, Cls: 0.0418, GRQO: 0.0068, Acc: 0.9888 | Val - Loss: 0.2518, Cls: 0.2494, GRQO: 0.0030, Acc: 0.9204
2025-11-26 13:10:53,838 | INFO | [photo] Epoch 8/10 | Train - Loss: 0.0177, Cls: 0.0146, GRQO: 0.0038, Acc: 0.9982 | Val - Loss: 0.2857, Cls: 0.2841, GRQO: 0.0020, Acc: 0.9156
2025-11-26 13:11:10,071 | INFO | [photo] Epoch 9/10 | Train - Loss: 0.0462, Cls: 0.0433, GRQO: 0.0037, Acc: 0.9874 | Val - Loss: 0.2626, Cls: 0.2614, GRQO: 0.0015, Acc: 0.9240
2025-11-26 13:11:26,338 | INFO | [photo] Epoch 10/10 | Train - Loss: 0.0157, Cls: 0.0131, GRQO: 0.0032, Acc: 0.9984 | Val - Loss: 0.2685, Cls: 0.2676, GRQO: 0.0012, Acc: 0.9353
2025-11-26 13:11:26,388 | INFO | [photo] New best val acc: 0.9353
2025-11-26 13:11:26,388 | INFO | [photo] Best Acc: 0.9353
2025-11-26 13:11:26,388 | INFO | ------------------------------------------------------------
2025-11-26 13:11:26,488 | INFO | === LODO: Leaving out domain 'sketch' ===
2025-11-26 13:11:44,888 | INFO | [sketch] Epoch 1/10 | Train - Loss: 0.8301, Cls: 0.8190, GRQO: 0.0139, Acc: 0.7720 | Val - Loss: 0.9315, Cls: 0.9293, GRQO: 0.0027, Acc: 0.6681
2025-11-26 13:11:44,938 | INFO | [sketch] New best val acc: 0.6681
2025-11-26 13:12:03,588 | INFO | [sketch] Epoch 2/10 | Train - Loss: 0.1084, Cls: 0.1056, GRQO: 0.0035, Acc: 0.9703 | Val - Loss: 1.2699, Cls: 1.2684, GRQO: 0.0019, Acc: 0.6060
2025-11-26 13:12:21,503 | INFO | [sketch] Epoch 3/10 | Train - Loss: 0.0270, Cls: 0.0248, GRQO: 0.0028, Acc: 0.9955 | Val - Loss: 0.9406, Cls: 0.9390, GRQO: 0.0020, Acc: 0.6997
2025-11-26 13:12:21,554 | INFO | [sketch] New best val acc: 0.6997
2025-11-26 13:12:39,770 | INFO | [sketch] Epoch 4/10 | Train - Loss: 0.0113, Cls: 0.0094, GRQO: 0.0024, Acc: 0.9988 | Val - Loss: 1.4925, Cls: 1.4910, GRQO: 0.0019, Acc: 0.6363
2025-11-26 13:12:57,653 | INFO | [sketch] Epoch 5/10 | Train - Loss: 0.0066, Cls: 0.0049, GRQO: 0.0021, Acc: 1.0000 | Val - Loss: 1.4990, Cls: 1.4978, GRQO: 0.0015, Acc: 0.6220
2025-11-26 13:13:15,703 | INFO | [sketch] Epoch 6/10 | Train - Loss: 0.0049, Cls: 0.0034, GRQO: 0.0019, Acc: 1.0000 | Val - Loss: 1.4874, Cls: 1.4863, GRQO: 0.0014, Acc: 0.6271
2025-11-26 13:13:33,969 | INFO | [sketch] Epoch 7/10 | Train - Loss: 0.0040, Cls: 0.0027, GRQO: 0.0017, Acc: 1.0000 | Val - Loss: 1.6371, Cls: 1.6361, GRQO: 0.0012, Acc: 0.6108
2025-11-26 13:13:52,447 | INFO | [sketch] Epoch 8/10 | Train - Loss: 0.0034, Cls: 0.0022, GRQO: 0.0015, Acc: 1.0000 | Val - Loss: 1.5947, Cls: 1.5937, GRQO: 0.0012, Acc: 0.6220
2025-11-26 13:14:10,452 | INFO | [sketch] Epoch 9/10 | Train - Loss: 0.0031, Cls: 0.0019, GRQO: 0.0014, Acc: 1.0000 | Val - Loss: 1.6513, Cls: 1.6505, GRQO: 0.0011, Acc: 0.6190
2025-11-26 13:14:28,301 | INFO | [sketch] Epoch 10/10 | Train - Loss: 0.0027, Cls: 0.0017, GRQO: 0.0013, Acc: 1.0000 | Val - Loss: 1.5590, Cls: 1.5581, GRQO: 0.0011, Acc: 0.6309
2025-11-26 13:14:28,301 | INFO | [sketch] Best Acc: 0.6997
2025-11-26 13:14:28,301 | INFO | ------------------------------------------------------------
2025-11-26 13:14:28,301 | INFO | LODO finished | Mean Acc: 0.7947 | Summary saved to d:\Haseeb\SPROJ\GRQO\Vit-GRQO\resnet18_experiments\PACS\logs\lodo_summary_20251126_131428.json
2025-11-26 13:14:28,311 | INFO | Initializing ResNet baseline: resnet18
2025-11-26 13:14:28,385 | INFO | === Baseline LODO: Leaving out domain 'art_painting' ===
2025-11-26 13:14:44,351 | INFO | [art_painting] Epoch 1/10 | Train - Loss: 0.5254, Acc: 0.8347 | Val Acc: 0.7124
2025-11-26 13:15:00,141 | INFO | [art_painting] Epoch 2/10 | Train - Loss: 0.1064, Acc: 0.9723 | Val Acc: 0.7534
2025-11-26 13:15:16,117 | INFO | [art_painting] Epoch 3/10 | Train - Loss: 0.0338, Acc: 0.9966 | Val Acc: 0.7427
2025-11-26 13:15:31,851 | INFO | [art_painting] Epoch 4/10 | Train - Loss: 0.0253, Acc: 0.9962 | Val Acc: 0.7905
2025-11-26 13:15:47,949 | INFO | [art_painting] Epoch 5/10 | Train - Loss: 0.0200, Acc: 0.9962 | Val Acc: 0.7554
2025-11-26 13:16:03,566 | INFO | [art_painting] Epoch 6/10 | Train - Loss: 0.0065, Acc: 0.9997 | Val Acc: 0.7710
2025-11-26 13:16:19,183 | INFO | [art_painting] Epoch 7/10 | Train - Loss: 0.0032, Acc: 1.0000 | Val Acc: 0.7764
2025-11-26 13:16:34,517 | INFO | [art_painting] Epoch 8/10 | Train - Loss: 0.0024, Acc: 1.0000 | Val Acc: 0.7866
2025-11-26 13:16:50,066 | INFO | [art_painting] Epoch 9/10 | Train - Loss: 0.0018, Acc: 1.0000 | Val Acc: 0.7754
2025-11-26 13:17:05,982 | INFO | [art_painting] Epoch 10/10 | Train - Loss: 0.0027, Acc: 0.9997 | Val Acc: 0.7554
2025-11-26 13:17:05,982 | INFO | [art_painting] Best Val Acc: 0.7905
2025-11-26 13:17:05,982 | INFO | ------------------------------------------------------------
2025-11-26 13:17:05,982 | INFO | Initializing ResNet baseline: resnet18
2025-11-26 13:17:06,182 | INFO | === Baseline LODO: Leaving out domain 'cartoon' ===
2025-11-26 13:17:21,898 | INFO | [cartoon] Epoch 1/10 | Train - Loss: 0.5471, Acc: 0.8214 | Val Acc: 0.7108
2025-11-26 13:17:38,598 | INFO | [cartoon] Epoch 2/10 | Train - Loss: 0.1002, Acc: 0.9735 | Val Acc: 0.7282
2025-11-26 13:17:54,496 | INFO | [cartoon] Epoch 3/10 | Train - Loss: 0.0277, Acc: 0.9965 | Val Acc: 0.7368
2025-11-26 13:18:10,197 | INFO | [cartoon] Epoch 4/10 | Train - Loss: 0.0091, Acc: 0.9999 | Val Acc: 0.7321
2025-11-26 13:18:26,263 | INFO | [cartoon] Epoch 5/10 | Train - Loss: 0.0047, Acc: 1.0000 | Val Acc: 0.7419
2025-11-26 13:18:42,346 | INFO | [cartoon] Epoch 6/10 | Train - Loss: 0.0030, Acc: 1.0000 | Val Acc: 0.7282
2025-11-26 13:18:58,090 | INFO | [cartoon] Epoch 7/10 | Train - Loss: 0.0022, Acc: 1.0000 | Val Acc: 0.7372
2025-11-26 13:19:13,681 | INFO | [cartoon] Epoch 8/10 | Train - Loss: 0.0017, Acc: 1.0000 | Val Acc: 0.7240
2025-11-26 13:19:29,246 | INFO | [cartoon] Epoch 9/10 | Train - Loss: 0.0014, Acc: 1.0000 | Val Acc: 0.7351
2025-11-26 13:19:45,111 | INFO | [cartoon] Epoch 10/10 | Train - Loss: 0.0012, Acc: 1.0000 | Val Acc: 0.7393
2025-11-26 13:19:45,111 | INFO | [cartoon] Best Val Acc: 0.7419
2025-11-26 13:19:45,112 | INFO | ------------------------------------------------------------
2025-11-26 13:19:45,112 | INFO | Initializing ResNet baseline: resnet18
2025-11-26 13:19:45,179 | INFO | === Baseline LODO: Leaving out domain 'photo' ===
2025-11-26 13:20:00,266 | INFO | [photo] Epoch 1/10 | Train - Loss: 0.5687, Acc: 0.8111 | Val Acc: 0.9305
2025-11-26 13:20:15,211 | INFO | [photo] Epoch 2/10 | Train - Loss: 0.1198, Acc: 0.9701 | Val Acc: 0.9521
2025-11-26 13:20:30,328 | INFO | [photo] Epoch 3/10 | Train - Loss: 0.0326, Acc: 0.9969 | Val Acc: 0.9299
2025-11-26 13:20:45,621 | INFO | [photo] Epoch 4/10 | Train - Loss: 0.0133, Acc: 0.9996 | Val Acc: 0.9491
2025-11-26 13:21:00,861 | INFO | [photo] Epoch 5/10 | Train - Loss: 0.0070, Acc: 0.9999 | Val Acc: 0.9383
2025-11-26 13:21:16,277 | INFO | [photo] Epoch 6/10 | Train - Loss: 0.0058, Acc: 0.9999 | Val Acc: 0.9377
2025-11-26 13:21:31,437 | INFO | [photo] Epoch 7/10 | Train - Loss: 0.0048, Acc: 0.9999 | Val Acc: 0.9443
2025-11-26 13:21:46,590 | INFO | [photo] Epoch 8/10 | Train - Loss: 0.0042, Acc: 1.0000 | Val Acc: 0.9449
2025-11-26 13:22:01,627 | INFO | [photo] Epoch 9/10 | Train - Loss: 0.0032, Acc: 0.9999 | Val Acc: 0.9341
2025-11-26 13:22:16,709 | INFO | [photo] Epoch 10/10 | Train - Loss: 0.0039, Acc: 0.9999 | Val Acc: 0.9377
2025-11-26 13:22:16,709 | INFO | [photo] Best Val Acc: 0.9521
2025-11-26 13:22:16,709 | INFO | ------------------------------------------------------------
2025-11-26 13:22:16,709 | INFO | Initializing ResNet baseline: resnet18
2025-11-26 13:22:16,792 | INFO | === Baseline LODO: Leaving out domain 'sketch' ===
2025-11-26 13:22:33,942 | INFO | [sketch] Epoch 1/10 | Train - Loss: 0.5376, Acc: 0.8340 | Val Acc: 0.5727
2025-11-26 13:22:51,759 | INFO | [sketch] Epoch 2/10 | Train - Loss: 0.0821, Acc: 0.9817 | Val Acc: 0.5289
2025-11-26 13:23:09,044 | INFO | [sketch] Epoch 3/10 | Train - Loss: 0.0219, Acc: 0.9990 | Val Acc: 0.5108
2025-11-26 13:23:26,125 | INFO | [sketch] Epoch 4/10 | Train - Loss: 0.0082, Acc: 1.0000 | Val Acc: 0.5571
2025-11-26 13:23:43,169 | INFO | [sketch] Epoch 5/10 | Train - Loss: 0.0044, Acc: 1.0000 | Val Acc: 0.5780
2025-11-26 13:24:00,478 | INFO | [sketch] Epoch 6/10 | Train - Loss: 0.0031, Acc: 1.0000 | Val Acc: 0.5976
2025-11-26 13:24:17,474 | INFO | [sketch] Epoch 7/10 | Train - Loss: 0.0024, Acc: 1.0000 | Val Acc: 0.5823
2025-11-26 13:24:34,590 | INFO | [sketch] Epoch 8/10 | Train - Loss: 0.0021, Acc: 1.0000 | Val Acc: 0.5839
2025-11-26 13:24:51,524 | INFO | [sketch] Epoch 9/10 | Train - Loss: 0.0016, Acc: 1.0000 | Val Acc: 0.5828
2025-11-26 13:25:09,039 | INFO | [sketch] Epoch 10/10 | Train - Loss: 0.0013, Acc: 1.0000 | Val Acc: 0.5877
2025-11-26 13:25:09,039 | INFO | [sketch] Best Val Acc: 0.5976
2025-11-26 13:25:09,039 | INFO | ------------------------------------------------------------
2025-11-26 13:25:09,039 | INFO | Baseline LODO (resnet18) finished | Mean Acc: 0.7705
