2025-11-16 00:18:00,127 | INFO | Initialized experiment directories for PACS
2025-11-16 00:18:00,127 | INFO | Logs: d:\Haseeb\SPROJ\GRQO\Vit-GRQO\resnet18_experiments\PACS\logs
2025-11-16 00:18:00,127 | INFO | Checkpoints: d:\Haseeb\SPROJ\GRQO\Vit-GRQO\resnet18_experiments\PACS\checkpoints
2025-11-16 00:18:00,127 | INFO | Plots: d:\Haseeb\SPROJ\GRQO\Vit-GRQO\resnet18_experiments\PACS\plots
2025-11-16 00:18:00,392 | INFO | === LODO: Leaving out domain 'art_painting' ===
2025-11-16 00:18:25,690 | INFO | [art_painting] Epoch 1/5 | Train - Loss: 0.5552, Cls: 0.5460, GRQO: 0.0091, Acc: 0.8197 | Val - Loss: 0.9012, Cls: 0.9000, GRQO: 0.0012, Acc: 0.7319
2025-11-16 00:18:25,781 | INFO | [art_painting] New best val acc: 0.7319
2025-11-16 00:18:45,077 | INFO | [art_painting] Epoch 2/5 | Train - Loss: 0.1218, Cls: 0.1188, GRQO: 0.0030, Acc: 0.9571 | Val - Loss: 0.6788, Cls: 0.6779, GRQO: 0.0009, Acc: 0.8037
2025-11-16 00:18:45,141 | INFO | [art_painting] New best val acc: 0.8037
2025-11-16 00:19:05,405 | INFO | [art_painting] Epoch 3/5 | Train - Loss: 0.0647, Cls: 0.0622, GRQO: 0.0026, Acc: 0.9810 | Val - Loss: 0.9033, Cls: 0.9027, GRQO: 0.0006, Acc: 0.7651
2025-11-16 00:19:23,978 | INFO | [art_painting] Epoch 4/5 | Train - Loss: 0.0308, Cls: 0.0286, GRQO: 0.0023, Acc: 0.9923 | Val - Loss: 0.8713, Cls: 0.8708, GRQO: 0.0004, Acc: 0.7832
2025-11-16 00:19:44,130 | INFO | [art_painting] Epoch 5/5 | Train - Loss: 0.0078, Cls: 0.0058, GRQO: 0.0020, Acc: 0.9994 | Val - Loss: 0.9445, Cls: 0.9442, GRQO: 0.0003, Acc: 0.7744
2025-11-16 00:19:44,131 | INFO | [art_painting] Best Acc: 0.8037
2025-11-16 00:19:44,131 | INFO | ------------------------------------------------------------
2025-11-16 00:19:44,242 | INFO | === LODO: Leaving out domain 'cartoon' ===
2025-11-16 00:20:05,400 | INFO | [cartoon] Epoch 1/5 | Train - Loss: 0.5863, Cls: 0.5778, GRQO: 0.0085, Acc: 0.8133 | Val - Loss: 1.0845, Cls: 1.0832, GRQO: 0.0013, Acc: 0.6634
2025-11-16 00:20:05,462 | INFO | [cartoon] New best val acc: 0.6634
2025-11-16 00:20:26,420 | INFO | [cartoon] Epoch 2/5 | Train - Loss: 0.0944, Cls: 0.0917, GRQO: 0.0026, Acc: 0.9706 | Val - Loss: 0.8232, Cls: 0.8225, GRQO: 0.0007, Acc: 0.7581
2025-11-16 00:20:26,493 | INFO | [cartoon] New best val acc: 0.7581
2025-11-16 00:20:47,437 | INFO | [cartoon] Epoch 3/5 | Train - Loss: 0.0270, Cls: 0.0248, GRQO: 0.0022, Acc: 0.9923 | Val - Loss: 1.2669, Cls: 1.2665, GRQO: 0.0004, Acc: 0.6834
2025-11-16 00:21:08,403 | INFO | [cartoon] Epoch 4/5 | Train - Loss: 0.0127, Cls: 0.0108, GRQO: 0.0019, Acc: 0.9970 | Val - Loss: 1.0356, Cls: 1.0353, GRQO: 0.0003, Acc: 0.7462
2025-11-16 00:21:29,336 | INFO | [cartoon] Epoch 5/5 | Train - Loss: 0.0047, Cls: 0.0030, GRQO: 0.0016, Acc: 0.9995 | Val - Loss: 1.1058, Cls: 1.1056, GRQO: 0.0002, Acc: 0.7423
2025-11-16 00:21:29,336 | INFO | [cartoon] Best Acc: 0.7581
2025-11-16 00:21:29,336 | INFO | ------------------------------------------------------------
2025-11-16 00:21:29,453 | INFO | === LODO: Leaving out domain 'photo' ===
2025-11-16 00:21:48,303 | INFO | [photo] Epoch 1/5 | Train - Loss: 0.6136, Cls: 0.6047, GRQO: 0.0090, Acc: 0.7949 | Val - Loss: 0.2600, Cls: 0.2590, GRQO: 0.0010, Acc: 0.9042
2025-11-16 00:21:48,355 | INFO | [photo] New best val acc: 0.9042
2025-11-16 00:22:07,285 | INFO | [photo] Epoch 2/5 | Train - Loss: 0.0977, Cls: 0.0949, GRQO: 0.0028, Acc: 0.9694 | Val - Loss: 0.2090, Cls: 0.2085, GRQO: 0.0004, Acc: 0.9407
2025-11-16 00:22:07,355 | INFO | [photo] New best val acc: 0.9407
2025-11-16 00:22:26,372 | INFO | [photo] Epoch 3/5 | Train - Loss: 0.0710, Cls: 0.0681, GRQO: 0.0029, Acc: 0.9775 | Val - Loss: 0.2427, Cls: 0.2419, GRQO: 0.0008, Acc: 0.9329
2025-11-16 00:22:45,319 | INFO | [photo] Epoch 4/5 | Train - Loss: 0.0523, Cls: 0.0440, GRQO: 0.0083, Acc: 0.9871 | Val - Loss: 0.2851, Cls: 0.2820, GRQO: 0.0031, Acc: 0.9347
2025-11-16 00:23:04,234 | INFO | [photo] Epoch 5/5 | Train - Loss: 0.0721, Cls: 0.0664, GRQO: 0.0057, Acc: 0.9769 | Val - Loss: 0.2704, Cls: 0.2685, GRQO: 0.0019, Acc: 0.9293
2025-11-16 00:23:04,249 | INFO | [photo] Best Acc: 0.9407
2025-11-16 00:23:04,250 | INFO | ------------------------------------------------------------
2025-11-16 00:23:04,351 | INFO | === LODO: Leaving out domain 'sketch' ===
2025-11-16 00:23:23,472 | INFO | [sketch] Epoch 1/5 | Train - Loss: 0.6170, Cls: 0.6041, GRQO: 0.0129, Acc: 0.8106 | Val - Loss: 0.9468, Cls: 0.9450, GRQO: 0.0018, Acc: 0.6539
2025-11-16 00:23:23,536 | INFO | [sketch] New best val acc: 0.6539
2025-11-16 00:23:42,600 | INFO | [sketch] Epoch 2/5 | Train - Loss: 0.0760, Cls: 0.0732, GRQO: 0.0028, Acc: 0.9782 | Val - Loss: 0.9934, Cls: 0.9924, GRQO: 0.0010, Acc: 0.6752
2025-11-16 00:23:42,669 | INFO | [sketch] New best val acc: 0.6752
2025-11-16 00:24:01,783 | INFO | [sketch] Epoch 3/5 | Train - Loss: 0.0198, Cls: 0.0174, GRQO: 0.0024, Acc: 0.9946 | Val - Loss: 1.2492, Cls: 1.2484, GRQO: 0.0008, Acc: 0.6472
2025-11-16 00:24:20,866 | INFO | [sketch] Epoch 4/5 | Train - Loss: 0.0105, Cls: 0.0084, GRQO: 0.0021, Acc: 0.9984 | Val - Loss: 1.4514, Cls: 1.4509, GRQO: 0.0005, Acc: 0.6572
2025-11-16 00:24:39,865 | INFO | [sketch] Epoch 5/5 | Train - Loss: 0.0126, Cls: 0.0106, GRQO: 0.0020, Acc: 0.9969 | Val - Loss: 1.8840, Cls: 1.8835, GRQO: 0.0005, Acc: 0.6134
2025-11-16 00:24:39,865 | INFO | [sketch] Best Acc: 0.6752
2025-11-16 00:24:39,865 | INFO | ------------------------------------------------------------
2025-11-16 00:24:39,865 | INFO | LODO finished | Mean Acc: 0.7944 | Summary saved to d:\Haseeb\SPROJ\GRQO\Vit-GRQO\resnet18_experiments\PACS\logs\lodo_summary_20251116_002439.json
2025-11-16 00:24:39,877 | INFO | Initializing ResNet baseline: resnet18
2025-11-16 00:24:39,957 | INFO | === Baseline LODO: Leaving out domain 'art_painting' ===
2025-11-16 00:24:56,264 | INFO | [art_painting] Epoch 1/5 | Train - Loss: 0.5094, Acc: 0.8389 | Val Acc: 0.7163
2025-11-16 00:25:13,074 | INFO | [art_painting] Epoch 2/5 | Train - Loss: 0.0958, Acc: 0.9744 | Val Acc: 0.7163
2025-11-16 00:25:29,798 | INFO | [art_painting] Epoch 3/5 | Train - Loss: 0.0217, Acc: 0.9991 | Val Acc: 0.7612
2025-11-16 00:25:46,435 | INFO | [art_painting] Epoch 4/5 | Train - Loss: 0.0135, Acc: 0.9987 | Val Acc: 0.7700
2025-11-16 00:26:03,147 | INFO | [art_painting] Epoch 5/5 | Train - Loss: 0.0198, Acc: 0.9963 | Val Acc: 0.7622
2025-11-16 00:26:03,147 | INFO | [art_painting] Best Val Acc: 0.7700
2025-11-16 00:26:03,147 | INFO | ------------------------------------------------------------
2025-11-16 00:26:03,147 | INFO | Initializing ResNet baseline: resnet18
2025-11-16 00:26:03,231 | INFO | === Baseline LODO: Leaving out domain 'cartoon' ===
2025-11-16 00:26:19,764 | INFO | [cartoon] Epoch 1/5 | Train - Loss: 0.5295, Acc: 0.8249 | Val Acc: 0.6907
2025-11-16 00:26:36,263 | INFO | [cartoon] Epoch 2/5 | Train - Loss: 0.1064, Acc: 0.9720 | Val Acc: 0.7095
2025-11-16 00:26:52,830 | INFO | [cartoon] Epoch 3/5 | Train - Loss: 0.0277, Acc: 0.9965 | Val Acc: 0.7125
2025-11-16 00:27:09,363 | INFO | [cartoon] Epoch 4/5 | Train - Loss: 0.0087, Acc: 0.9997 | Val Acc: 0.7240
2025-11-16 00:27:25,879 | INFO | [cartoon] Epoch 5/5 | Train - Loss: 0.0045, Acc: 1.0000 | Val Acc: 0.7257
2025-11-16 00:27:25,879 | INFO | [cartoon] Best Val Acc: 0.7257
2025-11-16 00:27:25,879 | INFO | ------------------------------------------------------------
2025-11-16 00:27:25,879 | INFO | Initializing ResNet baseline: resnet18
2025-11-16 00:27:25,962 | INFO | === Baseline LODO: Leaving out domain 'photo' ===
2025-11-16 00:27:42,768 | INFO | [photo] Epoch 1/5 | Train - Loss: 0.5888, Acc: 0.8107 | Val Acc: 0.9192
2025-11-16 00:27:59,278 | INFO | [photo] Epoch 2/5 | Train - Loss: 0.1185, Acc: 0.9706 | Val Acc: 0.9048
2025-11-16 00:28:16,078 | INFO | [photo] Epoch 3/5 | Train - Loss: 0.0336, Acc: 0.9971 | Val Acc: 0.9329
2025-11-16 00:28:32,744 | INFO | [photo] Epoch 4/5 | Train - Loss: 0.0121, Acc: 0.9999 | Val Acc: 0.9240
2025-11-16 00:28:49,238 | INFO | [photo] Epoch 5/5 | Train - Loss: 0.0078, Acc: 0.9999 | Val Acc: 0.9299
2025-11-16 00:28:49,238 | INFO | [photo] Best Val Acc: 0.9329
2025-11-16 00:28:49,240 | INFO | ------------------------------------------------------------
2025-11-16 00:28:49,240 | INFO | Initializing ResNet baseline: resnet18
2025-11-16 00:28:49,311 | INFO | === Baseline LODO: Leaving out domain 'sketch' ===
2025-11-16 00:29:05,262 | INFO | [sketch] Epoch 1/5 | Train - Loss: 0.5447, Acc: 0.8332 | Val Acc: 0.6373
2025-11-16 00:29:20,844 | INFO | [sketch] Epoch 2/5 | Train - Loss: 0.0820, Acc: 0.9800 | Val Acc: 0.5724
2025-11-16 00:29:36,852 | INFO | [sketch] Epoch 3/5 | Train - Loss: 0.0216, Acc: 0.9988 | Val Acc: 0.5907
2025-11-16 00:29:52,860 | INFO | [sketch] Epoch 4/5 | Train - Loss: 0.0077, Acc: 1.0000 | Val Acc: 0.6019
2025-11-16 00:30:09,059 | INFO | [sketch] Epoch 5/5 | Train - Loss: 0.0049, Acc: 1.0000 | Val Acc: 0.6009
2025-11-16 00:30:09,059 | INFO | [sketch] Best Val Acc: 0.6373
2025-11-16 00:30:09,075 | INFO | ------------------------------------------------------------
2025-11-16 00:30:09,076 | INFO | Baseline LODO (resnet18) finished | Mean Acc: 0.7665
