2025-11-26 14:21:47,828 | INFO | Initialized experiment directories for PACS
2025-11-26 14:21:47,829 | INFO | Logs: d:\Haseeb\SPROJ\GRQO\Vit-GRQO\resnet18_experiments\PACS\logs
2025-11-26 14:21:47,829 | INFO | Checkpoints: d:\Haseeb\SPROJ\GRQO\Vit-GRQO\resnet18_experiments\PACS\checkpoints
2025-11-26 14:21:47,830 | INFO | Plots: d:\Haseeb\SPROJ\GRQO\Vit-GRQO\resnet18_experiments\PACS\plots
2025-11-26 14:21:48,053 | INFO | === LODO: Leaving out domain 'art_painting' ===
2025-11-26 14:22:04,842 | INFO | [art_painting] Epoch 1/10 | Train - Loss: 0.6608, Cls: 0.6517, GRQO: 0.0092, Acc: 0.8080 | Val - Loss: 0.8845, Cls: 0.8826, GRQO: 0.0018, Acc: 0.7290
2025-11-26 14:22:04,906 | INFO | [art_painting] New best val acc: 0.7290
2025-11-26 14:22:21,059 | INFO | [art_painting] Epoch 2/10 | Train - Loss: 0.1187, Cls: 0.1158, GRQO: 0.0029, Acc: 0.9626 | Val - Loss: 0.9256, Cls: 0.9246, GRQO: 0.0010, Acc: 0.7358
2025-11-26 14:22:21,122 | INFO | [art_painting] New best val acc: 0.7358
2025-11-26 14:22:37,442 | INFO | [art_painting] Epoch 3/10 | Train - Loss: 0.0358, Cls: 0.0335, GRQO: 0.0024, Acc: 0.9917 | Val - Loss: 0.9405, Cls: 0.9398, GRQO: 0.0007, Acc: 0.7441
2025-11-26 14:22:37,507 | INFO | [art_painting] New best val acc: 0.7441
2025-11-26 14:22:53,716 | INFO | [art_painting] Epoch 4/10 | Train - Loss: 0.0277, Cls: 0.0256, GRQO: 0.0022, Acc: 0.9938 | Val - Loss: 0.9949, Cls: 0.9942, GRQO: 0.0007, Acc: 0.7461
2025-11-26 14:22:53,759 | INFO | [art_painting] New best val acc: 0.7461
2025-11-26 14:23:10,080 | INFO | [art_painting] Epoch 5/10 | Train - Loss: 0.0079, Cls: 0.0060, GRQO: 0.0019, Acc: 0.9995 | Val - Loss: 1.0330, Cls: 1.0326, GRQO: 0.0005, Acc: 0.7295
2025-11-26 14:23:26,424 | INFO | [art_painting] Epoch 6/10 | Train - Loss: 0.0427, Cls: 0.0410, GRQO: 0.0017, Acc: 0.9892 | Val - Loss: 1.0438, Cls: 1.0435, GRQO: 0.0003, Acc: 0.7231
2025-11-26 14:23:42,574 | INFO | [art_painting] Epoch 7/10 | Train - Loss: 0.0252, Cls: 0.0237, GRQO: 0.0015, Acc: 0.9946 | Val - Loss: 1.0048, Cls: 1.0045, GRQO: 0.0003, Acc: 0.7485
2025-11-26 14:23:42,638 | INFO | [art_painting] New best val acc: 0.7485
2025-11-26 14:23:58,824 | INFO | [art_painting] Epoch 8/10 | Train - Loss: 0.0093, Cls: 0.0079, GRQO: 0.0014, Acc: 0.9985 | Val - Loss: 1.1091, Cls: 1.1089, GRQO: 0.0002, Acc: 0.7427
2025-11-26 14:24:15,023 | INFO | [art_painting] Epoch 9/10 | Train - Loss: 0.0064, Cls: 0.0052, GRQO: 0.0012, Acc: 0.9994 | Val - Loss: 1.4451, Cls: 1.4449, GRQO: 0.0002, Acc: 0.6885
2025-11-26 14:24:31,206 | INFO | [art_painting] Epoch 10/10 | Train - Loss: 0.0554, Cls: 0.0542, GRQO: 0.0012, Acc: 0.9838 | Val - Loss: 1.7884, Cls: 1.7882, GRQO: 0.0003, Acc: 0.6309
2025-11-26 14:24:31,206 | INFO | [art_painting] Best Acc: 0.7485
2025-11-26 14:24:31,206 | INFO | ------------------------------------------------------------
2025-11-26 14:24:31,302 | INFO | === LODO: Leaving out domain 'cartoon' ===
2025-11-26 14:24:47,673 | INFO | [cartoon] Epoch 1/10 | Train - Loss: 0.7566, Cls: 0.7482, GRQO: 0.0084, Acc: 0.7768 | Val - Loss: 0.9712, Cls: 0.9697, GRQO: 0.0015, Acc: 0.6766
2025-11-26 14:24:47,723 | INFO | [cartoon] New best val acc: 0.6766
2025-11-26 14:25:04,106 | INFO | [cartoon] Epoch 2/10 | Train - Loss: 0.1259, Cls: 0.1228, GRQO: 0.0031, Acc: 0.9616 | Val - Loss: 0.7666, Cls: 0.7655, GRQO: 0.0010, Acc: 0.7504
2025-11-26 14:25:04,165 | INFO | [cartoon] New best val acc: 0.7504
2025-11-26 14:25:20,505 | INFO | [cartoon] Epoch 3/10 | Train - Loss: 0.0332, Cls: 0.0306, GRQO: 0.0026, Acc: 0.9936 | Val - Loss: 0.8748, Cls: 0.8740, GRQO: 0.0008, Acc: 0.7427
2025-11-26 14:25:37,074 | INFO | [cartoon] Epoch 4/10 | Train - Loss: 0.0107, Cls: 0.0084, GRQO: 0.0023, Acc: 0.9991 | Val - Loss: 1.0783, Cls: 1.0776, GRQO: 0.0008, Acc: 0.7099
2025-11-26 14:25:54,005 | INFO | [cartoon] Epoch 5/10 | Train - Loss: 0.0067, Cls: 0.0047, GRQO: 0.0020, Acc: 0.9999 | Val - Loss: 0.9857, Cls: 0.9851, GRQO: 0.0006, Acc: 0.7402
2025-11-26 14:26:10,740 | INFO | [cartoon] Epoch 6/10 | Train - Loss: 0.0048, Cls: 0.0030, GRQO: 0.0018, Acc: 1.0000 | Val - Loss: 1.0509, Cls: 1.0504, GRQO: 0.0005, Acc: 0.7329
2025-11-26 14:26:27,401 | INFO | [cartoon] Epoch 7/10 | Train - Loss: 0.0038, Cls: 0.0022, GRQO: 0.0016, Acc: 1.0000 | Val - Loss: 1.0287, Cls: 1.0283, GRQO: 0.0004, Acc: 0.7432
2025-11-26 14:26:44,154 | INFO | [cartoon] Epoch 8/10 | Train - Loss: 0.0032, Cls: 0.0018, GRQO: 0.0014, Acc: 1.0000 | Val - Loss: 1.0471, Cls: 1.0467, GRQO: 0.0004, Acc: 0.7419
2025-11-26 14:27:00,620 | INFO | [cartoon] Epoch 9/10 | Train - Loss: 0.0028, Cls: 0.0016, GRQO: 0.0012, Acc: 1.0000 | Val - Loss: 1.0553, Cls: 1.0550, GRQO: 0.0003, Acc: 0.7453
2025-11-26 14:27:17,305 | INFO | [cartoon] Epoch 10/10 | Train - Loss: 0.0025, Cls: 0.0014, GRQO: 0.0011, Acc: 1.0000 | Val - Loss: 1.0818, Cls: 1.0814, GRQO: 0.0003, Acc: 0.7440
2025-11-26 14:27:17,305 | INFO | [cartoon] Best Acc: 0.7504
2025-11-26 14:27:17,305 | INFO | ------------------------------------------------------------
2025-11-26 14:27:17,387 | INFO | === LODO: Leaving out domain 'photo' ===
2025-11-26 14:27:33,777 | INFO | [photo] Epoch 1/10 | Train - Loss: 0.7508, Cls: 0.7438, GRQO: 0.0069, Acc: 0.7690 | Val - Loss: 0.2221, Cls: 0.2210, GRQO: 0.0011, Acc: 0.9335
2025-11-26 14:27:33,826 | INFO | [photo] New best val acc: 0.9335
2025-11-26 14:27:50,138 | INFO | [photo] Epoch 2/10 | Train - Loss: 0.1408, Cls: 0.1376, GRQO: 0.0031, Acc: 0.9605 | Val - Loss: 0.2060, Cls: 0.2054, GRQO: 0.0006, Acc: 0.9305
2025-11-26 14:28:06,270 | INFO | [photo] Epoch 3/10 | Train - Loss: 0.0514, Cls: 0.0485, GRQO: 0.0029, Acc: 0.9895 | Val - Loss: 0.2148, Cls: 0.2143, GRQO: 0.0005, Acc: 0.9311
2025-11-26 14:28:22,619 | INFO | [photo] Epoch 4/10 | Train - Loss: 0.0294, Cls: 0.0269, GRQO: 0.0025, Acc: 0.9938 | Val - Loss: 0.2925, Cls: 0.2922, GRQO: 0.0004, Acc: 0.9150
2025-11-26 14:28:38,987 | INFO | [photo] Epoch 5/10 | Train - Loss: 0.1329, Cls: 0.1289, GRQO: 0.0041, Acc: 0.9617 | Val - Loss: 0.2462, Cls: 0.2455, GRQO: 0.0007, Acc: 0.9234
2025-11-26 14:28:55,320 | INFO | [photo] Epoch 6/10 | Train - Loss: 0.0725, Cls: 0.0699, GRQO: 0.0026, Acc: 0.9799 | Val - Loss: 0.2449, Cls: 0.2444, GRQO: 0.0006, Acc: 0.9228
2025-11-26 14:29:11,418 | INFO | [photo] Epoch 7/10 | Train - Loss: 0.0629, Cls: 0.0600, GRQO: 0.0029, Acc: 0.9837 | Val - Loss: 0.3316, Cls: 0.3309, GRQO: 0.0007, Acc: 0.9000
2025-11-26 14:29:27,702 | INFO | [photo] Epoch 8/10 | Train - Loss: 0.0467, Cls: 0.0441, GRQO: 0.0027, Acc: 0.9871 | Val - Loss: 0.2773, Cls: 0.2766, GRQO: 0.0006, Acc: 0.9234
2025-11-26 14:29:44,055 | INFO | [photo] Epoch 9/10 | Train - Loss: 0.0540, Cls: 0.0501, GRQO: 0.0039, Acc: 0.9855 | Val - Loss: 0.2386, Cls: 0.2371, GRQO: 0.0015, Acc: 0.9347
2025-11-26 14:29:44,109 | INFO | [photo] New best val acc: 0.9347
2025-11-26 14:30:00,959 | INFO | [photo] Epoch 10/10 | Train - Loss: 0.0244, Cls: 0.0216, GRQO: 0.0028, Acc: 0.9954 | Val - Loss: 0.2400, Cls: 0.2392, GRQO: 0.0008, Acc: 0.9329
2025-11-26 14:30:00,959 | INFO | [photo] Best Acc: 0.9347
2025-11-26 14:30:00,959 | INFO | ------------------------------------------------------------
2025-11-26 14:30:01,050 | INFO | === LODO: Leaving out domain 'sketch' ===
2025-11-26 14:30:19,136 | INFO | [sketch] Epoch 1/10 | Train - Loss: 0.8029, Cls: 0.7880, GRQO: 0.0149, Acc: 0.7842 | Val - Loss: 0.9124, Cls: 0.9102, GRQO: 0.0022, Acc: 0.6658
2025-11-26 14:30:19,197 | INFO | [sketch] New best val acc: 0.6658
2025-11-26 14:30:37,917 | INFO | [sketch] Epoch 2/10 | Train - Loss: 0.1039, Cls: 0.1005, GRQO: 0.0034, Acc: 0.9713 | Val - Loss: 1.3248, Cls: 1.3232, GRQO: 0.0016, Acc: 0.6022
2025-11-26 14:30:55,816 | INFO | [sketch] Epoch 3/10 | Train - Loss: 0.0283, Cls: 0.0255, GRQO: 0.0027, Acc: 0.9946 | Val - Loss: 1.1653, Cls: 1.1635, GRQO: 0.0018, Acc: 0.6544
2025-11-26 14:31:14,301 | INFO | [sketch] Epoch 4/10 | Train - Loss: 0.0111, Cls: 0.0088, GRQO: 0.0024, Acc: 0.9995 | Val - Loss: 1.4379, Cls: 1.4364, GRQO: 0.0016, Acc: 0.6350
2025-11-26 14:31:32,032 | INFO | [sketch] Epoch 5/10 | Train - Loss: 0.0069, Cls: 0.0048, GRQO: 0.0021, Acc: 1.0000 | Val - Loss: 1.4711, Cls: 1.4697, GRQO: 0.0014, Acc: 0.6233
2025-11-26 14:31:49,981 | INFO | [sketch] Epoch 6/10 | Train - Loss: 0.0052, Cls: 0.0033, GRQO: 0.0019, Acc: 1.0000 | Val - Loss: 1.4903, Cls: 1.4891, GRQO: 0.0012, Acc: 0.6281
2025-11-26 14:32:07,915 | INFO | [sketch] Epoch 7/10 | Train - Loss: 0.0043, Cls: 0.0026, GRQO: 0.0017, Acc: 1.0000 | Val - Loss: 1.4171, Cls: 1.4162, GRQO: 0.0009, Acc: 0.6427
2025-11-26 14:32:25,797 | INFO | [sketch] Epoch 8/10 | Train - Loss: 0.0037, Cls: 0.0022, GRQO: 0.0015, Acc: 1.0000 | Val - Loss: 1.4582, Cls: 1.4573, GRQO: 0.0009, Acc: 0.6444
2025-11-26 14:32:43,780 | INFO | [sketch] Epoch 9/10 | Train - Loss: 0.0034, Cls: 0.0019, GRQO: 0.0014, Acc: 1.0000 | Val - Loss: 1.5327, Cls: 1.5320, GRQO: 0.0007, Acc: 0.6388
2025-11-26 14:33:01,763 | INFO | [sketch] Epoch 10/10 | Train - Loss: 0.0030, Cls: 0.0017, GRQO: 0.0013, Acc: 1.0000 | Val - Loss: 1.4723, Cls: 1.4716, GRQO: 0.0007, Acc: 0.6462
2025-11-26 14:33:01,763 | INFO | [sketch] Best Acc: 0.6658
2025-11-26 14:33:01,763 | INFO | ------------------------------------------------------------
2025-11-26 14:33:01,763 | INFO | LODO finished | Mean Acc: 0.7749 | Summary saved to d:\Haseeb\SPROJ\GRQO\Vit-GRQO\resnet18_experiments\PACS\logs\lodo_summary_20251126_143301.json
2025-11-26 14:33:01,770 | INFO | Initializing ResNet baseline: resnet18
2025-11-26 14:33:01,852 | INFO | === Baseline LODO: Leaving out domain 'art_painting' ===
2025-11-26 14:33:17,363 | INFO | [art_painting] Epoch 1/10 | Train - Loss: 0.5252, Acc: 0.8346 | Val Acc: 0.7144
2025-11-26 14:33:33,030 | INFO | [art_painting] Epoch 2/10 | Train - Loss: 0.1065, Acc: 0.9715 | Val Acc: 0.7510
2025-11-26 14:33:48,599 | INFO | [art_painting] Epoch 3/10 | Train - Loss: 0.0339, Acc: 0.9962 | Val Acc: 0.7437
2025-11-26 14:34:04,080 | INFO | [art_painting] Epoch 4/10 | Train - Loss: 0.0240, Acc: 0.9970 | Val Acc: 0.7896
2025-11-26 14:34:19,515 | INFO | [art_painting] Epoch 5/10 | Train - Loss: 0.0183, Acc: 0.9975 | Val Acc: 0.7593
2025-11-26 14:34:34,912 | INFO | [art_painting] Epoch 6/10 | Train - Loss: 0.0061, Acc: 0.9999 | Val Acc: 0.7632
2025-11-26 14:34:50,494 | INFO | [art_painting] Epoch 7/10 | Train - Loss: 0.0032, Acc: 1.0000 | Val Acc: 0.7759
2025-11-26 14:35:05,846 | INFO | [art_painting] Epoch 8/10 | Train - Loss: 0.0024, Acc: 1.0000 | Val Acc: 0.7842
2025-11-26 14:35:21,261 | INFO | [art_painting] Epoch 9/10 | Train - Loss: 0.0018, Acc: 1.0000 | Val Acc: 0.7793
2025-11-26 14:35:37,300 | INFO | [art_painting] Epoch 10/10 | Train - Loss: 0.0066, Acc: 0.9987 | Val Acc: 0.7515
2025-11-26 14:35:37,300 | INFO | [art_painting] Best Val Acc: 0.7896
2025-11-26 14:35:37,300 | INFO | ------------------------------------------------------------
2025-11-26 14:35:37,300 | INFO | Initializing ResNet baseline: resnet18
2025-11-26 14:35:37,377 | INFO | === Baseline LODO: Leaving out domain 'cartoon' ===
2025-11-26 14:35:53,494 | INFO | [cartoon] Epoch 1/10 | Train - Loss: 0.5474, Acc: 0.8211 | Val Acc: 0.7044
2025-11-26 14:36:09,711 | INFO | [cartoon] Epoch 2/10 | Train - Loss: 0.1005, Acc: 0.9740 | Val Acc: 0.7308
2025-11-26 14:36:25,261 | INFO | [cartoon] Epoch 3/10 | Train - Loss: 0.0280, Acc: 0.9966 | Val Acc: 0.7381
2025-11-26 14:36:40,809 | INFO | [cartoon] Epoch 4/10 | Train - Loss: 0.0092, Acc: 0.9997 | Val Acc: 0.7359
2025-11-26 14:36:56,176 | INFO | [cartoon] Epoch 5/10 | Train - Loss: 0.0046, Acc: 1.0000 | Val Acc: 0.7445
2025-11-26 14:37:11,899 | INFO | [cartoon] Epoch 6/10 | Train - Loss: 0.0030, Acc: 1.0000 | Val Acc: 0.7282
2025-11-26 14:37:27,542 | INFO | [cartoon] Epoch 7/10 | Train - Loss: 0.0022, Acc: 1.0000 | Val Acc: 0.7385
2025-11-26 14:37:43,258 | INFO | [cartoon] Epoch 8/10 | Train - Loss: 0.0017, Acc: 1.0000 | Val Acc: 0.7270
2025-11-26 14:37:59,175 | INFO | [cartoon] Epoch 9/10 | Train - Loss: 0.0014, Acc: 1.0000 | Val Acc: 0.7372
2025-11-26 14:38:15,141 | INFO | [cartoon] Epoch 10/10 | Train - Loss: 0.0012, Acc: 1.0000 | Val Acc: 0.7385
2025-11-26 14:38:15,141 | INFO | [cartoon] Best Val Acc: 0.7445
2025-11-26 14:38:15,141 | INFO | ------------------------------------------------------------
2025-11-26 14:38:15,141 | INFO | Initializing ResNet baseline: resnet18
2025-11-26 14:38:15,222 | INFO | === Baseline LODO: Leaving out domain 'photo' ===
2025-11-26 14:38:30,706 | INFO | [photo] Epoch 1/10 | Train - Loss: 0.5688, Acc: 0.8107 | Val Acc: 0.9317
2025-11-26 14:38:46,143 | INFO | [photo] Epoch 2/10 | Train - Loss: 0.1199, Acc: 0.9700 | Val Acc: 0.9545
2025-11-26 14:39:01,473 | INFO | [photo] Epoch 3/10 | Train - Loss: 0.0326, Acc: 0.9968 | Val Acc: 0.9311
2025-11-26 14:39:16,627 | INFO | [photo] Epoch 4/10 | Train - Loss: 0.0137, Acc: 0.9998 | Val Acc: 0.9473
2025-11-26 14:39:32,006 | INFO | [photo] Epoch 5/10 | Train - Loss: 0.0070, Acc: 0.9999 | Val Acc: 0.9389
2025-11-26 14:39:47,385 | INFO | [photo] Epoch 6/10 | Train - Loss: 0.0058, Acc: 0.9999 | Val Acc: 0.9413
2025-11-26 14:40:02,756 | INFO | [photo] Epoch 7/10 | Train - Loss: 0.0048, Acc: 0.9999 | Val Acc: 0.9431
2025-11-26 14:40:17,803 | INFO | [photo] Epoch 8/10 | Train - Loss: 0.0042, Acc: 0.9999 | Val Acc: 0.9461
2025-11-26 14:40:33,099 | INFO | [photo] Epoch 9/10 | Train - Loss: 0.0032, Acc: 0.9999 | Val Acc: 0.9395
2025-11-26 14:40:48,542 | INFO | [photo] Epoch 10/10 | Train - Loss: 0.0040, Acc: 0.9998 | Val Acc: 0.9365
2025-11-26 14:40:48,542 | INFO | [photo] Best Val Acc: 0.9545
2025-11-26 14:40:48,543 | INFO | ------------------------------------------------------------
2025-11-26 14:40:48,543 | INFO | Initializing ResNet baseline: resnet18
2025-11-26 14:40:48,621 | INFO | === Baseline LODO: Leaving out domain 'sketch' ===
