2025-11-23 09:30:24,591 | INFO | Initialized experiment directories for OfficeHome
2025-11-23 09:30:24,592 | INFO | Logs: d:\Haseeb\SPROJ\GRQO\Vit-GRQO\resnet18_experiments\OfficeHome\logs
2025-11-23 09:30:24,592 | INFO | Checkpoints: d:\Haseeb\SPROJ\GRQO\Vit-GRQO\resnet18_experiments\OfficeHome\checkpoints
2025-11-23 09:30:24,593 | INFO | Plots: d:\Haseeb\SPROJ\GRQO\Vit-GRQO\resnet18_experiments\OfficeHome\plots
2025-11-23 09:30:24,883 | INFO | === LODO: Leaving out domain 'Art' ===
2025-11-23 09:31:49,296 | INFO | [Art] Epoch 1/10 | Train - Loss: 2.4610, Cls: 2.4526, GRQO: 0.0837, Acc: 0.4671 | Val - Loss: 1.9688, Cls: 1.9627, GRQO: 0.0609, Acc: 0.5303
2025-11-23 09:31:49,375 | INFO | [Art] New best val acc: 0.5303
2025-11-23 09:33:14,511 | INFO | [Art] Epoch 2/10 | Train - Loss: 0.7664, Cls: 0.7609, GRQO: 0.0553, Acc: 0.8233 | Val - Loss: 1.7296, Cls: 1.7261, GRQO: 0.0352, Acc: 0.5678
2025-11-23 09:33:14,578 | INFO | [Art] New best val acc: 0.5678
2025-11-23 09:34:40,326 | INFO | [Art] Epoch 3/10 | Train - Loss: 0.3047, Cls: 0.3007, GRQO: 0.0397, Acc: 0.9353 | Val - Loss: 1.8236, Cls: 1.8199, GRQO: 0.0363, Acc: 0.5550
2025-11-23 09:36:06,741 | INFO | [Art] Epoch 4/10 | Train - Loss: 0.1317, Cls: 0.1285, GRQO: 0.0320, Acc: 0.9758 | Val - Loss: 1.8765, Cls: 1.8744, GRQO: 0.0212, Acc: 0.5686
2025-11-23 09:36:06,806 | INFO | [Art] New best val acc: 0.5686
2025-11-23 09:37:34,573 | INFO | [Art] Epoch 5/10 | Train - Loss: 0.0708, Cls: 0.0681, GRQO: 0.0274, Acc: 0.9872 | Val - Loss: 1.8524, Cls: 1.8509, GRQO: 0.0150, Acc: 0.5768
2025-11-23 09:37:34,641 | INFO | [Art] New best val acc: 0.5768
2025-11-23 09:39:01,254 | INFO | [Art] Epoch 6/10 | Train - Loss: 0.0521, Cls: 0.0496, GRQO: 0.0241, Acc: 0.9892 | Val - Loss: 1.9184, Cls: 1.9173, GRQO: 0.0114, Acc: 0.5703
2025-11-23 09:40:27,553 | INFO | [Art] Epoch 7/10 | Train - Loss: 0.0462, Cls: 0.0441, GRQO: 0.0215, Acc: 0.9892 | Val - Loss: 1.9023, Cls: 1.9015, GRQO: 0.0081, Acc: 0.5822
2025-11-23 09:40:27,620 | INFO | [Art] New best val acc: 0.5822
2025-11-23 09:41:54,384 | INFO | [Art] Epoch 8/10 | Train - Loss: 0.0387, Cls: 0.0368, GRQO: 0.0191, Acc: 0.9903 | Val - Loss: 1.9628, Cls: 1.9621, GRQO: 0.0064, Acc: 0.5678
2025-11-23 09:43:22,183 | INFO | [Art] Epoch 9/10 | Train - Loss: 0.0348, Cls: 0.0331, GRQO: 0.0171, Acc: 0.9899 | Val - Loss: 2.0289, Cls: 2.0284, GRQO: 0.0048, Acc: 0.5686
2025-11-23 09:44:49,831 | INFO | [Art] Epoch 10/10 | Train - Loss: 0.0344, Cls: 0.0329, GRQO: 0.0154, Acc: 0.9897 | Val - Loss: 2.0345, Cls: 2.0342, GRQO: 0.0032, Acc: 0.5665
2025-11-23 09:44:49,831 | INFO | [Art] Best Acc: 0.5822
2025-11-23 09:44:49,831 | INFO | ------------------------------------------------------------
2025-11-23 09:44:49,953 | INFO | === LODO: Leaving out domain 'Clipart' ===
2025-11-23 09:46:15,728 | INFO | [Clipart] Epoch 1/10 | Train - Loss: 2.5156, Cls: 2.5063, GRQO: 0.0928, Acc: 0.4698 | Val - Loss: 2.3476, Cls: 2.3402, GRQO: 0.0736, Acc: 0.4399
2025-11-23 09:46:15,799 | INFO | [Clipart] New best val acc: 0.4399
2025-11-23 09:47:39,742 | INFO | [Clipart] Epoch 2/10 | Train - Loss: 0.8132, Cls: 0.8074, GRQO: 0.0579, Acc: 0.8162 | Val - Loss: 2.1922, Cls: 2.1869, GRQO: 0.0532, Acc: 0.4772
2025-11-23 09:47:39,824 | INFO | [Clipart] New best val acc: 0.4772
2025-11-23 09:49:04,712 | INFO | [Clipart] Epoch 3/10 | Train - Loss: 0.3158, Cls: 0.3116, GRQO: 0.0413, Acc: 0.9364 | Val - Loss: 2.2995, Cls: 2.2955, GRQO: 0.0395, Acc: 0.4614
2025-11-23 09:50:27,945 | INFO | [Clipart] Epoch 4/10 | Train - Loss: 0.1172, Cls: 0.1139, GRQO: 0.0325, Acc: 0.9838 | Val - Loss: 2.4132, Cls: 2.4099, GRQO: 0.0329, Acc: 0.4692
2025-11-23 09:51:50,638 | INFO | [Clipart] Epoch 5/10 | Train - Loss: 0.0563, Cls: 0.0536, GRQO: 0.0272, Acc: 0.9930 | Val - Loss: 2.4161, Cls: 2.4135, GRQO: 0.0252, Acc: 0.4804
2025-11-23 09:51:50,702 | INFO | [Clipart] New best val acc: 0.4804
2025-11-23 09:53:14,305 | INFO | [Clipart] Epoch 6/10 | Train - Loss: 0.0472, Cls: 0.0448, GRQO: 0.0240, Acc: 0.9939 | Val - Loss: 2.4743, Cls: 2.4725, GRQO: 0.0188, Acc: 0.4751
2025-11-23 09:54:38,356 | INFO | [Clipart] Epoch 7/10 | Train - Loss: 0.0327, Cls: 0.0306, GRQO: 0.0214, Acc: 0.9949 | Val - Loss: 2.4701, Cls: 2.4686, GRQO: 0.0149, Acc: 0.4806
2025-11-23 09:54:38,428 | INFO | [Clipart] New best val acc: 0.4806
2025-11-23 09:56:02,866 | INFO | [Clipart] Epoch 8/10 | Train - Loss: 0.0251, Cls: 0.0232, GRQO: 0.0194, Acc: 0.9952 | Val - Loss: 2.4893, Cls: 2.4880, GRQO: 0.0130, Acc: 0.4893
2025-11-23 09:56:02,920 | INFO | [Clipart] New best val acc: 0.4893
2025-11-23 09:57:27,517 | INFO | [Clipart] Epoch 9/10 | Train - Loss: 0.0197, Cls: 0.0179, GRQO: 0.0176, Acc: 0.9963 | Val - Loss: 2.5218, Cls: 2.5208, GRQO: 0.0108, Acc: 0.4882
2025-11-23 09:58:51,648 | INFO | [Clipart] Epoch 10/10 | Train - Loss: 0.0199, Cls: 0.0183, GRQO: 0.0158, Acc: 0.9952 | Val - Loss: 2.6274, Cls: 2.6265, GRQO: 0.0097, Acc: 0.4795
2025-11-23 09:58:51,648 | INFO | [Clipart] Best Acc: 0.4893
2025-11-23 09:58:51,648 | INFO | ------------------------------------------------------------
2025-11-23 09:58:51,748 | INFO | === LODO: Leaving out domain 'Product' ===
2025-11-23 10:00:16,528 | INFO | [Product] Epoch 1/10 | Train - Loss: 2.7476, Cls: 2.7403, GRQO: 0.0727, Acc: 0.3851 | Val - Loss: 1.5911, Cls: 1.5874, GRQO: 0.0368, Acc: 0.6123
2025-11-23 10:00:16,610 | INFO | [Product] New best val acc: 0.6123
2025-11-23 10:01:40,362 | INFO | [Product] Epoch 2/10 | Train - Loss: 1.0329, Cls: 1.0274, GRQO: 0.0544, Acc: 0.7603 | Val - Loss: 1.2416, Cls: 1.2392, GRQO: 0.0233, Acc: 0.6747
2025-11-23 10:01:40,430 | INFO | [Product] New best val acc: 0.6747
2025-11-23 10:03:04,113 | INFO | [Product] Epoch 3/10 | Train - Loss: 0.4413, Cls: 0.4373, GRQO: 0.0401, Acc: 0.9032 | Val - Loss: 1.1612, Cls: 1.1595, GRQO: 0.0172, Acc: 0.6943
2025-11-23 10:03:04,178 | INFO | [Product] New best val acc: 0.6943
2025-11-23 10:04:27,697 | INFO | [Product] Epoch 4/10 | Train - Loss: 0.1854, Cls: 0.1821, GRQO: 0.0329, Acc: 0.9680 | Val - Loss: 1.1400, Cls: 1.1386, GRQO: 0.0142, Acc: 0.7094
2025-11-23 10:04:27,760 | INFO | [Product] New best val acc: 0.7094
2025-11-23 10:05:49,342 | INFO | [Product] Epoch 5/10 | Train - Loss: 0.1097, Cls: 0.1069, GRQO: 0.0281, Acc: 0.9812 | Val - Loss: 1.1650, Cls: 1.1640, GRQO: 0.0098, Acc: 0.7096
2025-11-23 10:05:49,406 | INFO | [Product] New best val acc: 0.7096
2025-11-23 10:07:10,828 | INFO | [Product] Epoch 6/10 | Train - Loss: 0.0791, Cls: 0.0766, GRQO: 0.0246, Acc: 0.9855 | Val - Loss: 1.1912, Cls: 1.1903, GRQO: 0.0083, Acc: 0.7083
2025-11-23 10:08:32,237 | INFO | [Product] Epoch 7/10 | Train - Loss: 0.0601, Cls: 0.0579, GRQO: 0.0221, Acc: 0.9867 | Val - Loss: 1.1879, Cls: 1.1874, GRQO: 0.0050, Acc: 0.7173
2025-11-23 10:08:32,293 | INFO | [Product] New best val acc: 0.7173
2025-11-23 10:09:53,632 | INFO | [Product] Epoch 8/10 | Train - Loss: 0.0505, Cls: 0.0485, GRQO: 0.0200, Acc: 0.9875 | Val - Loss: 1.2241, Cls: 1.2237, GRQO: 0.0038, Acc: 0.7195
2025-11-23 10:09:53,755 | INFO | [Product] New best val acc: 0.7195
2025-11-23 10:11:18,774 | INFO | [Product] Epoch 9/10 | Train - Loss: 0.0455, Cls: 0.0437, GRQO: 0.0182, Acc: 0.9878 | Val - Loss: 1.2370, Cls: 1.2367, GRQO: 0.0029, Acc: 0.7168
2025-11-23 10:12:42,963 | INFO | [Product] Epoch 10/10 | Train - Loss: 0.0390, Cls: 0.0373, GRQO: 0.0167, Acc: 0.9895 | Val - Loss: 1.2734, Cls: 1.2732, GRQO: 0.0026, Acc: 0.7103
2025-11-23 10:12:42,963 | INFO | [Product] Best Acc: 0.7195
2025-11-23 10:12:42,964 | INFO | ------------------------------------------------------------
2025-11-23 10:12:43,066 | INFO | === LODO: Leaving out domain 'Real World' ===
2025-11-23 10:14:05,916 | INFO | [Real World] Epoch 1/10 | Train - Loss: 2.8004, Cls: 2.7940, GRQO: 0.0647, Acc: 0.3667 | Val - Loss: 1.5190, Cls: 1.5159, GRQO: 0.0307, Acc: 0.6342
2025-11-23 10:14:05,992 | INFO | [Real World] New best val acc: 0.6342
2025-11-23 10:15:29,245 | INFO | [Real World] Epoch 2/10 | Train - Loss: 1.0011, Cls: 0.9964, GRQO: 0.0474, Acc: 0.7741 | Val - Loss: 1.1674, Cls: 1.1657, GRQO: 0.0174, Acc: 0.6931
2025-11-23 10:15:29,325 | INFO | [Real World] New best val acc: 0.6931
2025-11-23 10:16:51,794 | INFO | [Real World] Epoch 3/10 | Train - Loss: 0.3968, Cls: 0.3931, GRQO: 0.0368, Acc: 0.9201 | Val - Loss: 1.0299, Cls: 1.0284, GRQO: 0.0144, Acc: 0.7317
2025-11-23 10:16:51,868 | INFO | [Real World] New best val acc: 0.7317
2025-11-23 10:18:15,598 | INFO | [Real World] Epoch 4/10 | Train - Loss: 0.1593, Cls: 0.1563, GRQO: 0.0306, Acc: 0.9744 | Val - Loss: 1.0670, Cls: 1.0661, GRQO: 0.0092, Acc: 0.7237
2025-11-23 10:19:37,841 | INFO | [Real World] Epoch 5/10 | Train - Loss: 0.0837, Cls: 0.0811, GRQO: 0.0261, Acc: 0.9864 | Val - Loss: 1.0880, Cls: 1.0872, GRQO: 0.0075, Acc: 0.7305
2025-11-23 10:20:59,540 | INFO | [Real World] Epoch 6/10 | Train - Loss: 0.0619, Cls: 0.0596, GRQO: 0.0228, Acc: 0.9876 | Val - Loss: 1.0831, Cls: 1.0826, GRQO: 0.0049, Acc: 0.7328
2025-11-23 10:20:59,601 | INFO | [Real World] New best val acc: 0.7328
2025-11-23 10:22:20,888 | INFO | [Real World] Epoch 7/10 | Train - Loss: 0.0525, Cls: 0.0505, GRQO: 0.0203, Acc: 0.9881 | Val - Loss: 1.0944, Cls: 1.0941, GRQO: 0.0036, Acc: 0.7356
2025-11-23 10:22:20,955 | INFO | [Real World] New best val acc: 0.7356
2025-11-23 10:23:45,306 | INFO | [Real World] Epoch 8/10 | Train - Loss: 0.0456, Cls: 0.0438, GRQO: 0.0180, Acc: 0.9890 | Val - Loss: 1.1251, Cls: 1.1249, GRQO: 0.0024, Acc: 0.7354
2025-11-23 10:25:09,635 | INFO | [Real World] Epoch 9/10 | Train - Loss: 0.0377, Cls: 0.0361, GRQO: 0.0162, Acc: 0.9889 | Val - Loss: 1.1158, Cls: 1.1156, GRQO: 0.0020, Acc: 0.7289
2025-11-23 10:26:34,052 | INFO | [Real World] Epoch 10/10 | Train - Loss: 0.0320, Cls: 0.0305, GRQO: 0.0145, Acc: 0.9908 | Val - Loss: 1.1112, Cls: 1.1110, GRQO: 0.0015, Acc: 0.7411
2025-11-23 10:26:34,116 | INFO | [Real World] New best val acc: 0.7411
2025-11-23 10:26:34,116 | INFO | [Real World] Best Acc: 0.7411
2025-11-23 10:26:34,116 | INFO | ------------------------------------------------------------
2025-11-23 10:26:34,116 | INFO | LODO finished | Mean Acc: 0.6330 | Summary saved to d:\Haseeb\SPROJ\GRQO\Vit-GRQO\resnet18_experiments\OfficeHome\logs\lodo_summary_20251123_102634.json
2025-11-23 10:32:54,399 | INFO | Initializing ResNet baseline: resnet18
2025-11-23 10:32:54,520 | INFO | === Baseline LODO: Leaving out domain 'Art' ===
2025-11-23 10:34:15,808 | INFO | [Art] Epoch 1/5 | Train - Loss: 2.1839, Acc: 0.5345 | Val Acc: 0.4763
2025-11-23 10:35:36,889 | INFO | [Art] Epoch 2/5 | Train - Loss: 0.8328, Acc: 0.8326 | Val Acc: 0.5381
2025-11-23 10:36:58,104 | INFO | [Art] Epoch 3/5 | Train - Loss: 0.4107, Acc: 0.9251 | Val Acc: 0.5546
2025-11-23 10:38:22,219 | INFO | [Art] Epoch 4/5 | Train - Loss: 0.1970, Acc: 0.9721 | Val Acc: 0.5612
2025-11-23 10:39:43,118 | INFO | [Art] Epoch 5/5 | Train - Loss: 0.1034, Acc: 0.9858 | Val Acc: 0.5620
2025-11-23 10:39:43,118 | INFO | [Art] Best Val Acc: 0.5620
2025-11-23 10:39:43,118 | INFO | ------------------------------------------------------------
2025-11-23 10:39:43,118 | INFO | Initializing ResNet baseline: resnet18
2025-11-23 10:39:43,210 | INFO | === Baseline LODO: Leaving out domain 'Clipart' ===
2025-11-23 10:41:03,533 | INFO | [Clipart] Epoch 1/5 | Train - Loss: 2.2742, Acc: 0.5255 | Val Acc: 0.3954
2025-11-23 10:42:24,565 | INFO | [Clipart] Epoch 2/5 | Train - Loss: 0.8599, Acc: 0.8352 | Val Acc: 0.4460
2025-11-23 10:43:47,815 | INFO | [Clipart] Epoch 3/5 | Train - Loss: 0.4292, Acc: 0.9275 | Val Acc: 0.4577
2025-11-23 10:45:10,308 | INFO | [Clipart] Epoch 4/5 | Train - Loss: 0.2000, Acc: 0.9777 | Val Acc: 0.4671
2025-11-23 10:46:32,527 | INFO | [Clipart] Epoch 5/5 | Train - Loss: 0.0928, Acc: 0.9914 | Val Acc: 0.4522
2025-11-23 10:46:32,527 | INFO | [Clipart] Best Val Acc: 0.4671
2025-11-23 10:46:32,527 | INFO | ------------------------------------------------------------
2025-11-23 10:46:32,527 | INFO | Initializing ResNet baseline: resnet18
2025-11-23 10:46:32,610 | INFO | === Baseline LODO: Leaving out domain 'Product' ===
2025-11-23 10:47:54,942 | INFO | [Product] Epoch 1/5 | Train - Loss: 2.5050, Acc: 0.4570 | Val Acc: 0.6215
2025-11-23 10:49:18,023 | INFO | [Product] Epoch 2/5 | Train - Loss: 1.0769, Acc: 0.7888 | Val Acc: 0.6993
2025-11-23 10:50:39,729 | INFO | [Product] Epoch 3/5 | Train - Loss: 0.5761, Acc: 0.8990 | Val Acc: 0.7150
2025-11-23 10:52:01,121 | INFO | [Product] Epoch 4/5 | Train - Loss: 0.2952, Acc: 0.9558 | Val Acc: 0.7299
2025-11-23 10:53:22,604 | INFO | [Product] Epoch 5/5 | Train - Loss: 0.1578, Acc: 0.9812 | Val Acc: 0.7362
2025-11-23 10:53:22,604 | INFO | [Product] Best Val Acc: 0.7362
2025-11-23 10:53:22,605 | INFO | ------------------------------------------------------------
2025-11-23 10:53:22,605 | INFO | Initializing ResNet baseline: resnet18
2025-11-23 10:53:22,686 | INFO | === Baseline LODO: Leaving out domain 'Real World' ===
2025-11-23 10:54:46,960 | INFO | [Real World] Epoch 1/5 | Train - Loss: 2.4857, Acc: 0.4714 | Val Acc: 0.6475
2025-11-23 10:56:09,686 | INFO | [Real World] Epoch 2/5 | Train - Loss: 1.0366, Acc: 0.8006 | Val Acc: 0.7133
2025-11-23 10:57:30,575 | INFO | [Real World] Epoch 3/5 | Train - Loss: 0.5244, Acc: 0.9132 | Val Acc: 0.7294
2025-11-23 10:58:51,181 | INFO | [Real World] Epoch 4/5 | Train - Loss: 0.2585, Acc: 0.9643 | Val Acc: 0.7404
2025-11-23 11:00:12,356 | INFO | [Real World] Epoch 5/5 | Train - Loss: 0.1331, Acc: 0.9825 | Val Acc: 0.7411
2025-11-23 11:00:12,357 | INFO | [Real World] Best Val Acc: 0.7411
2025-11-23 11:00:12,357 | INFO | ------------------------------------------------------------
2025-11-23 11:00:12,358 | INFO | Baseline LODO (resnet18) finished | Mean Acc: 0.6266
2025-11-23 11:22:11,809 | INFO | Initializing ResNet baseline: resnet18
2025-11-23 11:22:11,936 | INFO | === Baseline LODO: Leaving out domain 'Art' ===
2025-11-23 11:23:32,884 | INFO | [Art] Epoch 1/10 | Train - Loss: 2.2148, Acc: 0.5281 | Val Acc: 0.4920
2025-11-23 11:24:53,366 | INFO | [Art] Epoch 2/10 | Train - Loss: 0.8411, Acc: 0.8325 | Val Acc: 0.5356
2025-11-23 11:26:14,631 | INFO | [Art] Epoch 3/10 | Train - Loss: 0.4144, Acc: 0.9265 | Val Acc: 0.5439
2025-11-23 11:27:37,579 | INFO | [Art] Epoch 4/10 | Train - Loss: 0.2028, Acc: 0.9692 | Val Acc: 0.5707
2025-11-23 11:29:00,294 | INFO | [Art] Epoch 5/10 | Train - Loss: 0.1065, Acc: 0.9863 | Val Acc: 0.5707
2025-11-23 11:30:22,493 | INFO | [Art] Epoch 6/10 | Train - Loss: 0.0666, Acc: 0.9888 | Val Acc: 0.5665
2025-11-23 11:31:44,692 | INFO | [Art] Epoch 7/10 | Train - Loss: 0.0537, Acc: 0.9896 | Val Acc: 0.5806
2025-11-23 11:33:06,354 | INFO | [Art] Epoch 8/10 | Train - Loss: 0.0436, Acc: 0.9900 | Val Acc: 0.5867
2025-11-23 11:34:29,257 | INFO | [Art] Epoch 9/10 | Train - Loss: 0.0372, Acc: 0.9902 | Val Acc: 0.5777
2025-11-23 11:35:51,648 | INFO | [Art] Epoch 10/10 | Train - Loss: 0.0331, Acc: 0.9898 | Val Acc: 0.5719
2025-11-23 11:35:51,648 | INFO | [Art] Best Val Acc: 0.5867
2025-11-23 11:35:51,648 | INFO | ------------------------------------------------------------
2025-11-23 11:35:51,648 | INFO | Initializing ResNet baseline: resnet18
2025-11-23 11:35:51,732 | INFO | === Baseline LODO: Leaving out domain 'Clipart' ===
2025-11-23 11:37:14,135 | INFO | [Clipart] Epoch 1/10 | Train - Loss: 2.2337, Acc: 0.5390 | Val Acc: 0.3973
2025-11-23 11:38:35,999 | INFO | [Clipart] Epoch 2/10 | Train - Loss: 0.8619, Acc: 0.8328 | Val Acc: 0.4376
2025-11-23 11:39:57,823 | INFO | [Clipart] Epoch 3/10 | Train - Loss: 0.4272, Acc: 0.9280 | Val Acc: 0.4577
2025-11-23 11:41:19,760 | INFO | [Clipart] Epoch 4/10 | Train - Loss: 0.1994, Acc: 0.9780 | Val Acc: 0.4486
2025-11-23 11:42:41,779 | INFO | [Clipart] Epoch 5/10 | Train - Loss: 0.0935, Acc: 0.9922 | Val Acc: 0.4609
2025-11-23 11:44:04,480 | INFO | [Clipart] Epoch 6/10 | Train - Loss: 0.0531, Acc: 0.9952 | Val Acc: 0.4699
2025-11-23 11:45:27,459 | INFO | [Clipart] Epoch 7/10 | Train - Loss: 0.0359, Acc: 0.9953 | Val Acc: 0.4733
2025-11-23 11:46:48,995 | INFO | [Clipart] Epoch 8/10 | Train - Loss: 0.0305, Acc: 0.9954 | Val Acc: 0.4696
2025-11-23 11:48:09,658 | INFO | [Clipart] Epoch 9/10 | Train - Loss: 0.0250, Acc: 0.9955 | Val Acc: 0.4653
2025-11-23 11:49:30,939 | INFO | [Clipart] Epoch 10/10 | Train - Loss: 0.0211, Acc: 0.9955 | Val Acc: 0.4726
2025-11-23 11:49:30,939 | INFO | [Clipart] Best Val Acc: 0.4733
2025-11-23 11:49:30,939 | INFO | ------------------------------------------------------------
2025-11-23 11:49:30,939 | INFO | Initializing ResNet baseline: resnet18
2025-11-23 11:49:31,021 | INFO | === Baseline LODO: Leaving out domain 'Product' ===
2025-11-23 11:50:51,220 | INFO | [Product] Epoch 1/10 | Train - Loss: 2.4976, Acc: 0.4617 | Val Acc: 0.6249
2025-11-23 11:52:14,118 | INFO | [Product] Epoch 2/10 | Train - Loss: 1.0690, Acc: 0.7881 | Val Acc: 0.6979
2025-11-23 11:53:37,735 | INFO | [Product] Epoch 3/10 | Train - Loss: 0.5807, Acc: 0.8921 | Val Acc: 0.7157
2025-11-23 11:55:00,748 | INFO | [Product] Epoch 4/10 | Train - Loss: 0.3068, Acc: 0.9542 | Val Acc: 0.7238
2025-11-23 11:56:23,263 | INFO | [Product] Epoch 5/10 | Train - Loss: 0.1620, Acc: 0.9795 | Val Acc: 0.7272
2025-11-23 11:57:45,995 | INFO | [Product] Epoch 6/10 | Train - Loss: 0.1002, Acc: 0.9856 | Val Acc: 0.7285
2025-11-23 11:59:08,141 | INFO | [Product] Epoch 7/10 | Train - Loss: 0.0757, Acc: 0.9875 | Val Acc: 0.7270
2025-11-23 12:00:30,346 | INFO | [Product] Epoch 8/10 | Train - Loss: 0.0580, Acc: 0.9871 | Val Acc: 0.7288
2025-11-23 12:01:53,473 | INFO | [Product] Epoch 9/10 | Train - Loss: 0.0500, Acc: 0.9881 | Val Acc: 0.7294
2025-11-23 12:03:16,461 | INFO | [Product] Epoch 10/10 | Train - Loss: 0.0440, Acc: 0.9883 | Val Acc: 0.7263
2025-11-23 12:03:16,463 | INFO | [Product] Best Val Acc: 0.7294
2025-11-23 12:03:16,463 | INFO | ------------------------------------------------------------
2025-11-23 12:03:16,463 | INFO | Initializing ResNet baseline: resnet18
2025-11-23 12:03:16,554 | INFO | === Baseline LODO: Leaving out domain 'Real World' ===
2025-11-23 12:04:38,686 | INFO | [Real World] Epoch 1/10 | Train - Loss: 2.4949, Acc: 0.4594 | Val Acc: 0.6410
2025-11-23 12:06:01,869 | INFO | [Real World] Epoch 2/10 | Train - Loss: 1.0600, Acc: 0.7965 | Val Acc: 0.7099
2025-11-23 12:07:25,699 | INFO | [Real World] Epoch 3/10 | Train - Loss: 0.5449, Acc: 0.9096 | Val Acc: 0.7315
2025-11-23 12:08:48,915 | INFO | [Real World] Epoch 4/10 | Train - Loss: 0.2678, Acc: 0.9616 | Val Acc: 0.7416
2025-11-23 12:10:10,947 | INFO | [Real World] Epoch 5/10 | Train - Loss: 0.1344, Acc: 0.9836 | Val Acc: 0.7402
2025-11-23 12:11:33,569 | INFO | [Real World] Epoch 6/10 | Train - Loss: 0.0824, Acc: 0.9875 | Val Acc: 0.7521
2025-11-23 12:12:57,600 | INFO | [Real World] Epoch 7/10 | Train - Loss: 0.0603, Acc: 0.9890 | Val Acc: 0.7432
2025-11-23 12:14:20,092 | INFO | [Real World] Epoch 8/10 | Train - Loss: 0.0477, Acc: 0.9898 | Val Acc: 0.7494
2025-11-23 12:15:42,140 | INFO | [Real World] Epoch 9/10 | Train - Loss: 0.0416, Acc: 0.9894 | Val Acc: 0.7455
2025-11-23 12:17:05,010 | INFO | [Real World] Epoch 10/10 | Train - Loss: 0.0384, Acc: 0.9898 | Val Acc: 0.7478
2025-11-23 12:17:05,011 | INFO | [Real World] Best Val Acc: 0.7521
2025-11-23 12:17:05,011 | INFO | ------------------------------------------------------------
2025-11-23 12:17:05,011 | INFO | Baseline LODO (resnet18) finished | Mean Acc: 0.6354
2025-11-23 14:30:28,951 | INFO | === LODO: Leaving out domain 'Art' ===
2025-11-23 14:31:50,901 | INFO | [Art] Epoch 1/20 | Train - Loss: 2.4464, Cls: 2.4399, GRQO: 0.0643, Acc: 0.4740 | Val - Loss: 2.0905, Cls: 2.0876, GRQO: 0.0291, Acc: 0.4829
2025-11-23 14:31:50,975 | INFO | [Art] New best val acc: 0.4829
2025-11-23 14:33:12,666 | INFO | [Art] Epoch 2/20 | Train - Loss: 0.7668, Cls: 0.7626, GRQO: 0.0420, Acc: 0.8240 | Val - Loss: 1.9309, Cls: 1.9286, GRQO: 0.0227, Acc: 0.5241
2025-11-23 14:33:12,734 | INFO | [Art] New best val acc: 0.5241
2025-11-23 14:34:34,398 | INFO | [Art] Epoch 3/20 | Train - Loss: 0.2950, Cls: 0.2917, GRQO: 0.0325, Acc: 0.9391 | Val - Loss: 1.8625, Cls: 1.8610, GRQO: 0.0146, Acc: 0.5513
2025-11-23 14:34:34,470 | INFO | [Art] New best val acc: 0.5513
2025-11-23 14:35:58,893 | INFO | [Art] Epoch 4/20 | Train - Loss: 0.1272, Cls: 0.1246, GRQO: 0.0263, Acc: 0.9771 | Val - Loss: 1.9375, Cls: 1.9362, GRQO: 0.0121, Acc: 0.5604
2025-11-23 14:35:58,970 | INFO | [Art] New best val acc: 0.5604
2025-11-23 14:37:23,495 | INFO | [Art] Epoch 5/20 | Train - Loss: 0.0714, Cls: 0.0692, GRQO: 0.0225, Acc: 0.9878 | Val - Loss: 1.8955, Cls: 1.8947, GRQO: 0.0085, Acc: 0.5649
2025-11-23 14:37:23,565 | INFO | [Art] New best val acc: 0.5649
2025-11-23 14:38:47,910 | INFO | [Art] Epoch 6/20 | Train - Loss: 0.0518, Cls: 0.0498, GRQO: 0.0197, Acc: 0.9895 | Val - Loss: 1.9277, Cls: 1.9270, GRQO: 0.0065, Acc: 0.5678
2025-11-23 14:38:47,980 | INFO | [Art] New best val acc: 0.5678
2025-11-23 14:40:11,641 | INFO | [Art] Epoch 7/20 | Train - Loss: 0.0451, Cls: 0.0434, GRQO: 0.0174, Acc: 0.9882 | Val - Loss: 2.0106, Cls: 2.0102, GRQO: 0.0040, Acc: 0.5645
2025-11-23 14:41:35,207 | INFO | [Art] Epoch 8/20 | Train - Loss: 0.0389, Cls: 0.0373, GRQO: 0.0155, Acc: 0.9902 | Val - Loss: 2.0047, Cls: 2.0043, GRQO: 0.0041, Acc: 0.5595
2025-11-23 14:42:59,405 | INFO | [Art] Epoch 9/20 | Train - Loss: 0.0356, Cls: 0.0342, GRQO: 0.0139, Acc: 0.9896 | Val - Loss: 2.0222, Cls: 2.0220, GRQO: 0.0024, Acc: 0.5707
2025-11-23 14:42:59,473 | INFO | [Art] New best val acc: 0.5707
2025-11-23 14:44:24,387 | INFO | [Art] Epoch 10/20 | Train - Loss: 0.0322, Cls: 0.0309, GRQO: 0.0124, Acc: 0.9908 | Val - Loss: 2.1446, Cls: 2.1445, GRQO: 0.0015, Acc: 0.5525
2025-11-23 14:45:49,034 | INFO | [Art] Epoch 11/20 | Train - Loss: 0.0316, Cls: 0.0305, GRQO: 0.0111, Acc: 0.9899 | Val - Loss: 2.1271, Cls: 2.1270, GRQO: 0.0011, Acc: 0.5612
2025-11-23 14:47:12,321 | INFO | [Art] Epoch 12/20 | Train - Loss: 0.0315, Cls: 0.0305, GRQO: 0.0099, Acc: 0.9908 | Val - Loss: 2.1374, Cls: 2.1374, GRQO: 0.0003, Acc: 0.5505
2025-11-23 14:48:35,834 | INFO | [Art] Epoch 13/20 | Train - Loss: 0.0281, Cls: 0.0272, GRQO: 0.0088, Acc: 0.9912 | Val - Loss: 2.1786, Cls: 2.1786, GRQO: 0.0003, Acc: 0.5509
2025-11-23 14:50:00,130 | INFO | [Art] Epoch 14/20 | Train - Loss: 0.0274, Cls: 0.0266, GRQO: 0.0079, Acc: 0.9894 | Val - Loss: 2.1438, Cls: 2.1438, GRQO: -0.0002, Acc: 0.5550
2025-11-23 14:51:24,029 | INFO | [Art] Epoch 15/20 | Train - Loss: 0.0425, Cls: 0.0418, GRQO: 0.0067, Acc: 0.9874 | Val - Loss: 2.5706, Cls: 2.5707, GRQO: -0.0012, Acc: 0.4796
2025-11-23 14:52:47,079 | INFO | [Art] Epoch 16/20 | Train - Loss: 0.1525, Cls: 0.1519, GRQO: 0.0059, Acc: 0.9543 | Val - Loss: 2.7169, Cls: 2.7169, GRQO: 0.0005, Acc: 0.4685
2025-11-23 14:54:10,542 | INFO | [Art] Epoch 17/20 | Train - Loss: 0.1187, Cls: 0.1180, GRQO: 0.0064, Acc: 0.9660 | Val - Loss: 2.5945, Cls: 2.5945, GRQO: 0.0001, Acc: 0.4986
2025-11-23 14:55:34,957 | INFO | [Art] Epoch 18/20 | Train - Loss: 0.0467, Cls: 0.0460, GRQO: 0.0064, Acc: 0.9856 | Val - Loss: 2.5240, Cls: 2.5239, GRQO: 0.0001, Acc: 0.5109
2025-11-23 14:56:58,873 | INFO | [Art] Epoch 19/20 | Train - Loss: 0.0319, Cls: 0.0313, GRQO: 0.0059, Acc: 0.9884 | Val - Loss: 2.4570, Cls: 2.4570, GRQO: 0.0002, Acc: 0.5282
2025-11-23 14:58:22,711 | INFO | [Art] Epoch 20/20 | Train - Loss: 0.0232, Cls: 0.0227, GRQO: 0.0053, Acc: 0.9904 | Val - Loss: 2.4572, Cls: 2.4572, GRQO: -0.0000, Acc: 0.5348
2025-11-23 14:58:22,711 | INFO | [Art] Best Acc: 0.5707
2025-11-23 14:58:22,712 | INFO | ------------------------------------------------------------
2025-11-23 14:58:22,821 | INFO | === LODO: Leaving out domain 'Clipart' ===
2025-11-23 14:59:46,021 | INFO | [Clipart] Epoch 1/20 | Train - Loss: 2.5279, Cls: 2.5186, GRQO: 0.0925, Acc: 0.4620 | Val - Loss: 2.4141, Cls: 2.4065, GRQO: 0.0765, Acc: 0.4252
2025-11-23 14:59:46,086 | INFO | [Clipart] New best val acc: 0.4252
2025-11-23 15:01:11,149 | INFO | [Clipart] Epoch 2/20 | Train - Loss: 0.8130, Cls: 0.8065, GRQO: 0.0651, Acc: 0.8166 | Val - Loss: 2.1661, Cls: 2.1607, GRQO: 0.0543, Acc: 0.4751
2025-11-23 15:01:11,212 | INFO | [Clipart] New best val acc: 0.4751
2025-11-23 15:02:36,433 | INFO | [Clipart] Epoch 3/20 | Train - Loss: 0.3156, Cls: 0.3110, GRQO: 0.0460, Acc: 0.9377 | Val - Loss: 2.3317, Cls: 2.3257, GRQO: 0.0591, Acc: 0.4591
2025-11-23 15:04:00,714 | INFO | [Clipart] Epoch 4/20 | Train - Loss: 0.1237, Cls: 0.1202, GRQO: 0.0349, Acc: 0.9840 | Val - Loss: 2.3040, Cls: 2.2997, GRQO: 0.0432, Acc: 0.4827
2025-11-23 15:04:00,781 | INFO | [Clipart] New best val acc: 0.4827
2025-11-23 15:05:23,374 | INFO | [Clipart] Epoch 5/20 | Train - Loss: 0.0585, Cls: 0.0555, GRQO: 0.0294, Acc: 0.9931 | Val - Loss: 2.4087, Cls: 2.4059, GRQO: 0.0280, Acc: 0.4774
2025-11-23 15:06:47,647 | INFO | [Clipart] Epoch 6/20 | Train - Loss: 0.0401, Cls: 0.0375, GRQO: 0.0259, Acc: 0.9945 | Val - Loss: 2.4118, Cls: 2.4098, GRQO: 0.0199, Acc: 0.4857
2025-11-23 15:06:47,714 | INFO | [Clipart] New best val acc: 0.4857
2025-11-23 15:08:12,159 | INFO | [Clipart] Epoch 7/20 | Train - Loss: 0.0287, Cls: 0.0264, GRQO: 0.0232, Acc: 0.9950 | Val - Loss: 2.5215, Cls: 2.5200, GRQO: 0.0152, Acc: 0.4774
2025-11-23 15:09:35,559 | INFO | [Clipart] Epoch 8/20 | Train - Loss: 0.0262, Cls: 0.0241, GRQO: 0.0211, Acc: 0.9949 | Val - Loss: 2.4860, Cls: 2.4847, GRQO: 0.0128, Acc: 0.4893
2025-11-23 15:09:35,625 | INFO | [Clipart] New best val acc: 0.4893
2025-11-23 15:10:58,140 | INFO | [Clipart] Epoch 9/20 | Train - Loss: 0.0227, Cls: 0.0208, GRQO: 0.0193, Acc: 0.9952 | Val - Loss: 2.5461, Cls: 2.5450, GRQO: 0.0104, Acc: 0.4855
2025-11-23 15:12:21,255 | INFO | [Clipart] Epoch 10/20 | Train - Loss: 0.0209, Cls: 0.0191, GRQO: 0.0176, Acc: 0.9957 | Val - Loss: 2.6185, Cls: 2.6178, GRQO: 0.0070, Acc: 0.4774
2025-11-23 15:13:44,570 | INFO | [Clipart] Epoch 11/20 | Train - Loss: 0.0186, Cls: 0.0170, GRQO: 0.0162, Acc: 0.9954 | Val - Loss: 2.5549, Cls: 2.5541, GRQO: 0.0075, Acc: 0.4871
2025-11-23 15:15:07,618 | INFO | [Clipart] Epoch 12/20 | Train - Loss: 0.0165, Cls: 0.0150, GRQO: 0.0149, Acc: 0.9960 | Val - Loss: 2.6171, Cls: 2.6165, GRQO: 0.0057, Acc: 0.4829
2025-11-23 15:16:31,117 | INFO | [Clipart] Epoch 13/20 | Train - Loss: 0.0164, Cls: 0.0150, GRQO: 0.0136, Acc: 0.9956 | Val - Loss: 2.6295, Cls: 2.6290, GRQO: 0.0050, Acc: 0.4818
2025-11-23 15:17:53,982 | INFO | [Clipart] Epoch 14/20 | Train - Loss: 0.0151, Cls: 0.0138, GRQO: 0.0125, Acc: 0.9959 | Val - Loss: 2.6799, Cls: 2.6795, GRQO: 0.0046, Acc: 0.4802
2025-11-23 15:19:17,517 | INFO | [Clipart] Epoch 15/20 | Train - Loss: 0.0125, Cls: 0.0113, GRQO: 0.0114, Acc: 0.9965 | Val - Loss: 2.6597, Cls: 2.6594, GRQO: 0.0029, Acc: 0.4898
2025-11-23 15:19:17,647 | INFO | [Clipart] New best val acc: 0.4898
2025-11-23 15:20:42,951 | INFO | [Clipart] Epoch 16/20 | Train - Loss: 0.0129, Cls: 0.0119, GRQO: 0.0104, Acc: 0.9964 | Val - Loss: 2.7175, Cls: 2.7173, GRQO: 0.0023, Acc: 0.4765
2025-11-23 15:22:08,293 | INFO | [Clipart] Epoch 17/20 | Train - Loss: 0.0130, Cls: 0.0121, GRQO: 0.0094, Acc: 0.9959 | Val - Loss: 2.7069, Cls: 2.7067, GRQO: 0.0024, Acc: 0.4770
2025-11-23 15:23:32,075 | INFO | [Clipart] Epoch 18/20 | Train - Loss: 0.0123, Cls: 0.0114, GRQO: 0.0087, Acc: 0.9956 | Val - Loss: 2.6532, Cls: 2.6529, GRQO: 0.0021, Acc: 0.4951
2025-11-23 15:23:32,148 | INFO | [Clipart] New best val acc: 0.4951
2025-11-23 15:24:57,277 | INFO | [Clipart] Epoch 19/20 | Train - Loss: 0.0124, Cls: 0.0116, GRQO: 0.0078, Acc: 0.9952 | Val - Loss: 2.6695, Cls: 2.6693, GRQO: 0.0018, Acc: 0.4903
2025-11-23 15:26:21,256 | INFO | [Clipart] Epoch 20/20 | Train - Loss: 0.0120, Cls: 0.0112, GRQO: 0.0073, Acc: 0.9948 | Val - Loss: 2.7368, Cls: 2.7367, GRQO: 0.0013, Acc: 0.4866
2025-11-23 15:26:21,256 | INFO | [Clipart] Best Acc: 0.4951
2025-11-23 15:26:21,256 | INFO | ------------------------------------------------------------
2025-11-23 15:26:21,367 | INFO | === LODO: Leaving out domain 'Product' ===
2025-11-23 15:27:45,009 | INFO | [Product] Epoch 1/20 | Train - Loss: 2.7970, Cls: 2.7903, GRQO: 0.0673, Acc: 0.3784 | Val - Loss: 1.6701, Cls: 1.6669, GRQO: 0.0323, Acc: 0.5821
2025-11-23 15:27:45,071 | INFO | [Product] New best val acc: 0.5821
2025-11-23 15:29:09,636 | INFO | [Product] Epoch 2/20 | Train - Loss: 1.0445, Cls: 1.0395, GRQO: 0.0502, Acc: 0.7526 | Val - Loss: 1.2205, Cls: 1.2187, GRQO: 0.0185, Acc: 0.6880
2025-11-23 15:29:09,705 | INFO | [Product] New best val acc: 0.6880
2025-11-23 15:30:34,834 | INFO | [Product] Epoch 3/20 | Train - Loss: 0.4420, Cls: 0.4381, GRQO: 0.0397, Acc: 0.9048 | Val - Loss: 1.1462, Cls: 1.1449, GRQO: 0.0132, Acc: 0.6950
2025-11-23 15:30:34,915 | INFO | [Product] New best val acc: 0.6950
2025-11-23 15:31:59,299 | INFO | [Product] Epoch 4/20 | Train - Loss: 0.2013, Cls: 0.1980, GRQO: 0.0326, Acc: 0.9641 | Val - Loss: 1.1814, Cls: 1.1803, GRQO: 0.0112, Acc: 0.7033
2025-11-23 15:31:59,367 | INFO | [Product] New best val acc: 0.7033
2025-11-23 15:33:23,247 | INFO | [Product] Epoch 5/20 | Train - Loss: 0.1066, Cls: 0.1038, GRQO: 0.0278, Acc: 0.9821 | Val - Loss: 1.2117, Cls: 1.2110, GRQO: 0.0073, Acc: 0.7011
2025-11-23 15:34:46,629 | INFO | [Product] Epoch 6/20 | Train - Loss: 0.0824, Cls: 0.0800, GRQO: 0.0244, Acc: 0.9831 | Val - Loss: 1.2160, Cls: 1.2155, GRQO: 0.0052, Acc: 0.7013
2025-11-23 15:36:09,594 | INFO | [Product] Epoch 7/20 | Train - Loss: 0.0595, Cls: 0.0574, GRQO: 0.0218, Acc: 0.9870 | Val - Loss: 1.2352, Cls: 1.2349, GRQO: 0.0036, Acc: 0.7139
2025-11-23 15:36:09,645 | INFO | [Product] New best val acc: 0.7139
2025-11-23 15:37:33,127 | INFO | [Product] Epoch 8/20 | Train - Loss: 0.0502, Cls: 0.0483, GRQO: 0.0196, Acc: 0.9872 | Val - Loss: 1.2437, Cls: 1.2434, GRQO: 0.0030, Acc: 0.7085
2025-11-23 15:38:57,792 | INFO | [Product] Epoch 9/20 | Train - Loss: 0.0434, Cls: 0.0416, GRQO: 0.0178, Acc: 0.9878 | Val - Loss: 1.2796, Cls: 1.2794, GRQO: 0.0019, Acc: 0.7060
2025-11-23 15:40:20,689 | INFO | [Product] Epoch 10/20 | Train - Loss: 0.0487, Cls: 0.0471, GRQO: 0.0162, Acc: 0.9882 | Val - Loss: 1.2997, Cls: 1.2996, GRQO: 0.0016, Acc: 0.7065
2025-11-23 15:41:44,071 | INFO | [Product] Epoch 11/20 | Train - Loss: 0.0373, Cls: 0.0358, GRQO: 0.0149, Acc: 0.9886 | Val - Loss: 1.3246, Cls: 1.3245, GRQO: 0.0013, Acc: 0.7128
2025-11-23 15:43:09,318 | INFO | [Product] Epoch 12/20 | Train - Loss: 0.0368, Cls: 0.0355, GRQO: 0.0135, Acc: 0.9890 | Val - Loss: 1.3281, Cls: 1.3280, GRQO: 0.0006, Acc: 0.7134
2025-11-23 15:44:32,801 | INFO | [Product] Epoch 13/20 | Train - Loss: 0.0341, Cls: 0.0329, GRQO: 0.0123, Acc: 0.9889 | Val - Loss: 1.3249, Cls: 1.3248, GRQO: 0.0008, Acc: 0.7114
2025-11-23 15:45:56,349 | INFO | [Product] Epoch 14/20 | Train - Loss: 0.0398, Cls: 0.0387, GRQO: 0.0111, Acc: 0.9873 | Val - Loss: 1.3840, Cls: 1.3839, GRQO: 0.0002, Acc: 0.7013
2025-11-23 15:47:19,281 | INFO | [Product] Epoch 15/20 | Train - Loss: 0.0309, Cls: 0.0299, GRQO: 0.0100, Acc: 0.9894 | Val - Loss: 1.4107, Cls: 1.4107, GRQO: 0.0000, Acc: 0.7022
2025-11-23 15:48:44,298 | INFO | [Product] Epoch 16/20 | Train - Loss: 0.0318, Cls: 0.0309, GRQO: 0.0091, Acc: 0.9891 | Val - Loss: 1.3787, Cls: 1.3787, GRQO: 0.0005, Acc: 0.7080
2025-11-23 15:50:09,159 | INFO | [Product] Epoch 17/20 | Train - Loss: 0.0307, Cls: 0.0299, GRQO: 0.0083, Acc: 0.9891 | Val - Loss: 1.3764, Cls: 1.3764, GRQO: -0.0001, Acc: 0.7008
2025-11-23 15:51:33,040 | INFO | [Product] Epoch 18/20 | Train - Loss: 0.0421, Cls: 0.0414, GRQO: 0.0075, Acc: 0.9863 | Val - Loss: 1.4955, Cls: 1.4956, GRQO: -0.0006, Acc: 0.6745
2025-11-23 15:52:56,890 | INFO | [Product] Epoch 19/20 | Train - Loss: 0.1340, Cls: 0.1333, GRQO: 0.0066, Acc: 0.9632 | Val - Loss: 1.9538, Cls: 1.9538, GRQO: -0.0007, Acc: 0.6076
2025-11-23 15:54:22,019 | INFO | [Product] Epoch 20/20 | Train - Loss: 0.1218, Cls: 0.1211, GRQO: 0.0070, Acc: 0.9653 | Val - Loss: 1.7722, Cls: 1.7722, GRQO: -0.0002, Acc: 0.6538
2025-11-23 15:54:22,019 | INFO | [Product] Best Acc: 0.7139
2025-11-23 15:54:22,019 | INFO | ------------------------------------------------------------
2025-11-23 15:54:22,128 | INFO | === LODO: Leaving out domain 'Real World' ===
2025-11-23 15:55:47,371 | INFO | [Real World] Epoch 1/20 | Train - Loss: 2.7380, Cls: 2.7304, GRQO: 0.0754, Acc: 0.3954 | Val - Loss: 1.4918, Cls: 1.4884, GRQO: 0.0339, Acc: 0.6275
2025-11-23 15:55:47,437 | INFO | [Real World] New best val acc: 0.6275
2025-11-23 15:57:11,808 | INFO | [Real World] Epoch 2/20 | Train - Loss: 0.9645, Cls: 0.9593, GRQO: 0.0518, Acc: 0.7839 | Val - Loss: 1.1271, Cls: 1.1246, GRQO: 0.0252, Acc: 0.7009
2025-11-23 15:57:11,890 | INFO | [Real World] New best val acc: 0.7009
2025-11-23 15:58:35,635 | INFO | [Real World] Epoch 3/20 | Train - Loss: 0.3807, Cls: 0.3767, GRQO: 0.0405, Acc: 0.9240 | Val - Loss: 1.0552, Cls: 1.0535, GRQO: 0.0169, Acc: 0.7184
2025-11-23 15:58:35,705 | INFO | [Real World] New best val acc: 0.7184
2025-11-23 16:00:00,421 | INFO | [Real World] Epoch 4/20 | Train - Loss: 0.1573, Cls: 0.1541, GRQO: 0.0320, Acc: 0.9754 | Val - Loss: 1.0859, Cls: 1.0847, GRQO: 0.0121, Acc: 0.7145
2025-11-23 16:01:26,117 | INFO | [Real World] Epoch 5/20 | Train - Loss: 0.0831, Cls: 0.0804, GRQO: 0.0272, Acc: 0.9853 | Val - Loss: 1.0825, Cls: 1.0817, GRQO: 0.0081, Acc: 0.7253
2025-11-23 16:01:26,199 | INFO | [Real World] New best val acc: 0.7253
2025-11-23 16:02:49,649 | INFO | [Real World] Epoch 6/20 | Train - Loss: 0.0591, Cls: 0.0568, GRQO: 0.0237, Acc: 0.9894 | Val - Loss: 1.0601, Cls: 1.0595, GRQO: 0.0058, Acc: 0.7347
2025-11-23 16:02:49,720 | INFO | [Real World] New best val acc: 0.7347
2025-11-23 16:04:12,607 | INFO | [Real World] Epoch 7/20 | Train - Loss: 0.0501, Cls: 0.0480, GRQO: 0.0212, Acc: 0.9882 | Val - Loss: 1.0882, Cls: 1.0878, GRQO: 0.0046, Acc: 0.7351
2025-11-23 16:04:12,667 | INFO | [Real World] New best val acc: 0.7351
2025-11-23 16:05:35,716 | INFO | [Real World] Epoch 8/20 | Train - Loss: 0.0440, Cls: 0.0422, GRQO: 0.0189, Acc: 0.9886 | Val - Loss: 1.0886, Cls: 1.0883, GRQO: 0.0035, Acc: 0.7397
2025-11-23 16:05:35,782 | INFO | [Real World] New best val acc: 0.7397
2025-11-23 16:07:01,093 | INFO | [Real World] Epoch 9/20 | Train - Loss: 0.0398, Cls: 0.0381, GRQO: 0.0173, Acc: 0.9895 | Val - Loss: 1.0899, Cls: 1.0897, GRQO: 0.0021, Acc: 0.7381
2025-11-23 16:08:24,873 | INFO | [Real World] Epoch 10/20 | Train - Loss: 0.0340, Cls: 0.0324, GRQO: 0.0158, Acc: 0.9899 | Val - Loss: 1.1251, Cls: 1.1249, GRQO: 0.0024, Acc: 0.7356
2025-11-23 16:09:47,822 | INFO | [Real World] Epoch 11/20 | Train - Loss: 0.0316, Cls: 0.0302, GRQO: 0.0143, Acc: 0.9901 | Val - Loss: 1.1399, Cls: 1.1397, GRQO: 0.0015, Acc: 0.7264
2025-11-23 16:11:10,388 | INFO | [Real World] Epoch 12/20 | Train - Loss: 0.0300, Cls: 0.0287, GRQO: 0.0130, Acc: 0.9901 | Val - Loss: 1.1365, Cls: 1.1364, GRQO: 0.0013, Acc: 0.7418
2025-11-23 16:11:10,464 | INFO | [Real World] New best val acc: 0.7418
2025-11-23 16:12:34,537 | INFO | [Real World] Epoch 13/20 | Train - Loss: 0.0280, Cls: 0.0269, GRQO: 0.0118, Acc: 0.9902 | Val - Loss: 1.1118, Cls: 1.1117, GRQO: 0.0010, Acc: 0.7464
2025-11-23 16:12:34,611 | INFO | [Real World] New best val acc: 0.7464
2025-11-23 16:13:59,719 | INFO | [Real World] Epoch 14/20 | Train - Loss: 0.0276, Cls: 0.0265, GRQO: 0.0107, Acc: 0.9894 | Val - Loss: 1.1824, Cls: 1.1824, GRQO: 0.0007, Acc: 0.7299
2025-11-23 16:15:24,134 | INFO | [Real World] Epoch 15/20 | Train - Loss: 0.0242, Cls: 0.0233, GRQO: 0.0097, Acc: 0.9908 | Val - Loss: 1.1492, Cls: 1.1491, GRQO: 0.0004, Acc: 0.7423
2025-11-23 16:16:50,082 | INFO | [Real World] Epoch 16/20 | Train - Loss: 0.0243, Cls: 0.0234, GRQO: 0.0088, Acc: 0.9913 | Val - Loss: 1.2032, Cls: 1.2032, GRQO: 0.0002, Acc: 0.7351
2025-11-23 16:18:14,637 | INFO | [Real World] Epoch 17/20 | Train - Loss: 0.0238, Cls: 0.0230, GRQO: 0.0079, Acc: 0.9905 | Val - Loss: 1.1498, Cls: 1.1498, GRQO: 0.0001, Acc: 0.7439
2025-11-23 16:19:38,747 | INFO | [Real World] Epoch 18/20 | Train - Loss: 0.0229, Cls: 0.0222, GRQO: 0.0072, Acc: 0.9904 | Val - Loss: 1.1542, Cls: 1.1542, GRQO: -0.0001, Acc: 0.7423
2025-11-23 16:21:02,640 | INFO | [Real World] Epoch 19/20 | Train - Loss: 0.0210, Cls: 0.0204, GRQO: 0.0065, Acc: 0.9907 | Val - Loss: 1.2141, Cls: 1.2141, GRQO: -0.0003, Acc: 0.7315
2025-11-23 16:22:25,698 | INFO | [Real World] Epoch 20/20 | Train - Loss: 0.0226, Cls: 0.0221, GRQO: 0.0059, Acc: 0.9898 | Val - Loss: 1.2086, Cls: 1.2086, GRQO: -0.0001, Acc: 0.7390
2025-11-23 16:22:25,698 | INFO | [Real World] Best Acc: 0.7464
2025-11-23 16:22:25,698 | INFO | ------------------------------------------------------------
2025-11-23 16:22:25,698 | INFO | LODO finished | Mean Acc: 0.6315 | Summary saved to d:\Haseeb\SPROJ\GRQO\Vit-GRQO\resnet18_experiments\OfficeHome\logs\lodo_summary_20251123_162225.json
