2025-11-22 23:46:36,264 | INFO | Initialized experiment directories for OfficeHome
2025-11-22 23:46:36,265 | INFO | Logs: d:\Haseeb\SPROJ\GRQO\Vit-GRQO\resnet18_experiments\OfficeHome\logs
2025-11-22 23:46:36,265 | INFO | Checkpoints: d:\Haseeb\SPROJ\GRQO\Vit-GRQO\resnet18_experiments\OfficeHome\checkpoints
2025-11-22 23:46:36,266 | INFO | Plots: d:\Haseeb\SPROJ\GRQO\Vit-GRQO\resnet18_experiments\OfficeHome\plots
2025-11-22 23:46:36,554 | INFO | === LODO: Leaving out domain 'Art' ===
2025-11-22 23:48:01,527 | INFO | [Art] Epoch 1/25 | Train - Loss: 2.4433, Cls: 2.5120, GRQO: -1.3737, Acc: 0.4617 | Val - Loss: 0.9947, Cls: 2.0153, GRQO: -20.4126, Acc: 0.4948
2025-11-22 23:48:01,594 | INFO | [Art] New best val acc: 0.4948
2025-11-22 23:49:26,409 | INFO | [Art] Epoch 2/25 | Train - Loss: -0.1121, Cls: 0.8924, GRQO: -20.0906, Acc: 0.7915 | Val - Loss: 0.5853, Cls: 1.8322, GRQO: -24.9375, Acc: 0.5600
2025-11-22 23:49:26,485 | INFO | [Art] New best val acc: 0.5600
2025-11-22 23:50:52,107 | INFO | [Art] Epoch 3/25 | Train - Loss: -0.7186, Cls: 0.5065, GRQO: -24.5004, Acc: 0.8857 | Val - Loss: 0.7419, Cls: 1.9852, GRQO: -24.8643, Acc: 0.5356
2025-11-22 23:52:21,164 | INFO | [Art] Epoch 4/25 | Train - Loss: -0.9660, Cls: 0.2744, GRQO: -24.8066, Acc: 0.9443 | Val - Loss: 0.7637, Cls: 1.9964, GRQO: -24.6532, Acc: 0.5550
2025-11-22 23:53:48,712 | INFO | [Art] Epoch 5/25 | Train - Loss: -1.0957, Cls: 0.1513, GRQO: -24.9404, Acc: 0.9724 | Val - Loss: 0.7907, Cls: 2.0126, GRQO: -24.4372, Acc: 0.5616
2025-11-22 23:53:48,779 | INFO | [Art] New best val acc: 0.5616
2025-11-22 23:55:15,027 | INFO | [Art] Epoch 6/25 | Train - Loss: -1.1493, Cls: 0.0984, GRQO: -24.9538, Acc: 0.9829 | Val - Loss: 0.9090, Cls: 2.1105, GRQO: -24.0311, Acc: 0.5509
2025-11-22 23:56:42,625 | INFO | [Art] Epoch 7/25 | Train - Loss: -1.1740, Cls: 0.0731, GRQO: -24.9422, Acc: 0.9868 | Val - Loss: 0.8866, Cls: 2.0787, GRQO: -23.8425, Acc: 0.5579
2025-11-22 23:58:09,107 | INFO | [Art] Epoch 8/25 | Train - Loss: -1.1879, Cls: 0.0564, GRQO: -24.8858, Acc: 0.9892 | Val - Loss: 0.9693, Cls: 2.1482, GRQO: -23.5788, Acc: 0.5513
2025-11-22 23:59:35,022 | INFO | [Art] Epoch 9/25 | Train - Loss: -1.1896, Cls: 0.0492, GRQO: -24.7757, Acc: 0.9887 | Val - Loss: 1.0027, Cls: 2.1657, GRQO: -23.2603, Acc: 0.5583
2025-11-23 00:01:02,953 | INFO | [Art] Epoch 10/25 | Train - Loss: -1.1885, Cls: 0.0420, GRQO: -24.6095, Acc: 0.9891 | Val - Loss: 1.0859, Cls: 2.2414, GRQO: -23.1112, Acc: 0.5468
2025-11-23 00:02:31,252 | INFO | [Art] Epoch 11/25 | Train - Loss: -1.1819, Cls: 0.0379, GRQO: -24.3948, Acc: 0.9901 | Val - Loss: 1.0599, Cls: 2.2035, GRQO: -22.8720, Acc: 0.5604
2025-11-23 00:03:59,170 | INFO | [Art] Epoch 12/25 | Train - Loss: -1.1747, Cls: 0.0346, GRQO: -24.1856, Acc: 0.9904 | Val - Loss: 1.0470, Cls: 2.1825, GRQO: -22.7085, Acc: 0.5690
2025-11-23 00:03:59,238 | INFO | [Art] New best val acc: 0.5690
2025-11-23 00:05:27,265 | INFO | [Art] Epoch 13/25 | Train - Loss: -1.1646, Cls: 0.0311, GRQO: -23.9141, Acc: 0.9902 | Val - Loss: 1.1301, Cls: 2.2531, GRQO: -22.4601, Acc: 0.5591
2025-11-23 00:06:56,080 | INFO | [Art] Epoch 14/25 | Train - Loss: -1.1526, Cls: 0.0334, GRQO: -23.7192, Acc: 0.9902 | Val - Loss: 1.1710, Cls: 2.2946, GRQO: -22.4737, Acc: 0.5558
2025-11-23 00:08:25,312 | INFO | [Art] Epoch 15/25 | Train - Loss: -1.1425, Cls: 0.0325, GRQO: -23.5000, Acc: 0.9898 | Val - Loss: 1.1693, Cls: 2.2778, GRQO: -22.1698, Acc: 0.5517
2025-11-23 00:09:52,735 | INFO | [Art] Epoch 16/25 | Train - Loss: -1.1282, Cls: 0.0294, GRQO: -23.1531, Acc: 0.9904 | Val - Loss: 1.3365, Cls: 2.4482, GRQO: -22.2336, Acc: 0.5340
2025-11-23 00:11:18,842 | INFO | [Art] Epoch 17/25 | Train - Loss: -1.1153, Cls: 0.0285, GRQO: -22.8749, Acc: 0.9909 | Val - Loss: 1.2994, Cls: 2.4045, GRQO: -22.1033, Acc: 0.5435
2025-11-23 00:12:46,591 | INFO | [Art] Epoch 18/25 | Train - Loss: -1.0961, Cls: 0.0267, GRQO: -22.4554, Acc: 0.9918 | Val - Loss: 1.2663, Cls: 2.3588, GRQO: -21.8504, Acc: 0.5509
2025-11-23 00:14:14,839 | INFO | [Art] Epoch 19/25 | Train - Loss: -1.0805, Cls: 0.0259, GRQO: -22.1282, Acc: 0.9912 | Val - Loss: 1.3263, Cls: 2.4103, GRQO: -21.6801, Acc: 0.5538
2025-11-23 00:15:42,137 | INFO | [Art] Epoch 20/25 | Train - Loss: -1.0641, Cls: 0.0244, GRQO: -21.7683, Acc: 0.9908 | Val - Loss: 1.3762, Cls: 2.4509, GRQO: -21.4955, Acc: 0.5534
2025-11-23 00:17:09,687 | INFO | [Art] Epoch 21/25 | Train - Loss: -1.0461, Cls: 0.0240, GRQO: -21.4020, Acc: 0.9916 | Val - Loss: 1.3838, Cls: 2.4511, GRQO: -21.3449, Acc: 0.5480
2025-11-23 00:18:36,685 | INFO | [Art] Epoch 22/25 | Train - Loss: -1.0424, Cls: 0.0266, GRQO: -21.3818, Acc: 0.9910 | Val - Loss: 1.4918, Cls: 2.5719, GRQO: -21.6024, Acc: 0.5451
2025-11-23 00:20:04,982 | INFO | [Art] Epoch 23/25 | Train - Loss: -1.0710, Cls: 0.0571, GRQO: -22.5620, Acc: 0.9834 | Val - Loss: 1.8864, Cls: 3.0099, GRQO: -22.4696, Acc: 0.4747
2025-11-23 00:21:31,529 | INFO | [Art] Epoch 24/25 | Train - Loss: -1.0042, Cls: 0.1811, GRQO: -23.7064, Acc: 0.9482 | Val - Loss: 1.8277, Cls: 2.9834, GRQO: -23.1146, Acc: 0.4681
2025-11-23 00:22:56,645 | INFO | [Art] Epoch 25/25 | Train - Loss: -0.9735, Cls: 0.2165, GRQO: -23.8008, Acc: 0.9336 | Val - Loss: 1.6706, Cls: 2.8143, GRQO: -22.8749, Acc: 0.4858
2025-11-23 00:22:56,645 | INFO | [Art] Best Acc: 0.5690
2025-11-23 00:22:56,645 | INFO | ------------------------------------------------------------
2025-11-23 00:22:56,780 | INFO | === LODO: Leaving out domain 'Clipart' ===
2025-11-23 00:24:20,526 | INFO | [Clipart] Epoch 1/25 | Train - Loss: 2.5084, Cls: 2.5640, GRQO: -1.1114, Acc: 0.4596 | Val - Loss: 1.1603, Cls: 2.2750, GRQO: -22.2937, Acc: 0.4380
2025-11-23 00:24:20,586 | INFO | [Clipart] New best val acc: 0.4380
2025-11-23 00:25:42,467 | INFO | [Clipart] Epoch 2/25 | Train - Loss: -0.0408, Cls: 0.9411, GRQO: -19.6376, Acc: 0.7877 | Val - Loss: 1.1892, Cls: 2.4366, GRQO: -24.9472, Acc: 0.4389
2025-11-23 00:25:42,531 | INFO | [Clipart] New best val acc: 0.4389
2025-11-23 00:27:05,707 | INFO | [Clipart] Epoch 3/25 | Train - Loss: -0.7039, Cls: 0.5122, GRQO: -24.3215, Acc: 0.8899 | Val - Loss: 1.1163, Cls: 2.3637, GRQO: -24.9490, Acc: 0.4733
2025-11-23 00:27:05,780 | INFO | [Clipart] New best val acc: 0.4733
2025-11-23 00:28:30,022 | INFO | [Clipart] Epoch 4/25 | Train - Loss: -0.9320, Cls: 0.3079, GRQO: -24.7981, Acc: 0.9393 | Val - Loss: 1.3704, Cls: 2.6169, GRQO: -24.9296, Acc: 0.4447
2025-11-23 00:29:55,543 | INFO | [Clipart] Epoch 5/25 | Train - Loss: -1.0623, Cls: 0.1836, GRQO: -24.9182, Acc: 0.9706 | Val - Loss: 1.2316, Cls: 2.4727, GRQO: -24.8220, Acc: 0.4740
2025-11-23 00:29:55,604 | INFO | [Clipart] New best val acc: 0.4740
2025-11-23 00:31:21,985 | INFO | [Clipart] Epoch 6/25 | Train - Loss: -1.1228, Cls: 0.1250, GRQO: -24.9566, Acc: 0.9827 | Val - Loss: 1.3708, Cls: 2.6057, GRQO: -24.6975, Acc: 0.4635
2025-11-23 00:32:45,455 | INFO | [Clipart] Epoch 7/25 | Train - Loss: -1.1804, Cls: 0.0668, GRQO: -24.9433, Acc: 0.9932 | Val - Loss: 1.4648, Cls: 2.6900, GRQO: -24.5030, Acc: 0.4685
2025-11-23 00:34:10,399 | INFO | [Clipart] Epoch 8/25 | Train - Loss: -1.1947, Cls: 0.0508, GRQO: -24.9089, Acc: 0.9939 | Val - Loss: 1.4527, Cls: 2.6654, GRQO: -24.2546, Acc: 0.4724
2025-11-23 00:35:34,494 | INFO | [Clipart] Epoch 9/25 | Train - Loss: -1.2011, Cls: 0.0399, GRQO: -24.8199, Acc: 0.9946 | Val - Loss: 1.5552, Cls: 2.7616, GRQO: -24.1278, Acc: 0.4674
2025-11-23 00:36:59,616 | INFO | [Clipart] Epoch 10/25 | Train - Loss: -1.2017, Cls: 0.0320, GRQO: -24.6737, Acc: 0.9951 | Val - Loss: 1.5823, Cls: 2.7805, GRQO: -23.9627, Acc: 0.4674
2025-11-23 00:38:23,776 | INFO | [Clipart] Epoch 11/25 | Train - Loss: -1.1958, Cls: 0.0274, GRQO: -24.4638, Acc: 0.9946 | Val - Loss: 1.6040, Cls: 2.7945, GRQO: -23.8106, Acc: 0.4667
2025-11-23 00:39:47,392 | INFO | [Clipart] Epoch 12/25 | Train - Loss: -1.1878, Cls: 0.0310, GRQO: -24.3759, Acc: 0.9940 | Val - Loss: 1.6723, Cls: 2.8638, GRQO: -23.8306, Acc: 0.4605
2025-11-23 00:41:11,224 | INFO | [Clipart] Epoch 13/25 | Train - Loss: -1.1793, Cls: 0.0269, GRQO: -24.1244, Acc: 0.9949 | Val - Loss: 1.6575, Cls: 2.8388, GRQO: -23.6249, Acc: 0.4680
2025-11-23 00:42:36,439 | INFO | [Clipart] Epoch 14/25 | Train - Loss: -1.1666, Cls: 0.0204, GRQO: -23.7409, Acc: 0.9959 | Val - Loss: 1.7206, Cls: 2.8917, GRQO: -23.4231, Acc: 0.4655
2025-11-23 00:44:01,086 | INFO | [Clipart] Epoch 15/25 | Train - Loss: -1.1532, Cls: 0.0167, GRQO: -23.3974, Acc: 0.9961 | Val - Loss: 1.7322, Cls: 2.8949, GRQO: -23.2544, Acc: 0.4694
2025-11-23 00:45:25,802 | INFO | [Clipart] Epoch 16/25 | Train - Loss: -1.1360, Cls: 0.0163, GRQO: -23.0469, Acc: 0.9961 | Val - Loss: 1.7669, Cls: 2.9285, GRQO: -23.2317, Acc: 0.4635
2025-11-23 00:46:48,851 | INFO | [Clipart] Epoch 17/25 | Train - Loss: -1.1177, Cls: 0.0156, GRQO: -22.6668, Acc: 0.9956 | Val - Loss: 1.7969, Cls: 2.9491, GRQO: -23.0439, Acc: 0.4616
2025-11-23 00:48:13,271 | INFO | [Clipart] Epoch 18/25 | Train - Loss: -1.1003, Cls: 0.0140, GRQO: -22.2865, Acc: 0.9957 | Val - Loss: 1.8853, Cls: 3.0336, GRQO: -22.9664, Acc: 0.4630
2025-11-23 00:49:38,496 | INFO | [Clipart] Epoch 19/25 | Train - Loss: -1.0881, Cls: 0.0150, GRQO: -22.0619, Acc: 0.9955 | Val - Loss: 1.8841, Cls: 3.0281, GRQO: -22.8791, Acc: 0.4637
2025-11-23 00:51:02,729 | INFO | [Clipart] Epoch 20/25 | Train - Loss: -1.0765, Cls: 0.0134, GRQO: -21.7973, Acc: 0.9958 | Val - Loss: 1.9047, Cls: 3.0470, GRQO: -22.8468, Acc: 0.4619
2025-11-23 00:52:26,994 | INFO | [Clipart] Epoch 21/25 | Train - Loss: -1.0579, Cls: 0.0136, GRQO: -21.4312, Acc: 0.9955 | Val - Loss: 1.8350, Cls: 2.9719, GRQO: -22.7368, Acc: 0.4715
2025-11-23 00:53:51,077 | INFO | [Clipart] Epoch 22/25 | Train - Loss: -1.0392, Cls: 0.0127, GRQO: -21.0386, Acc: 0.9957 | Val - Loss: 1.9376, Cls: 3.0765, GRQO: -22.7765, Acc: 0.4632
2025-11-23 00:55:16,985 | INFO | [Clipart] Epoch 23/25 | Train - Loss: -1.0194, Cls: 0.0128, GRQO: -20.6444, Acc: 0.9955 | Val - Loss: 1.9336, Cls: 3.0594, GRQO: -22.5157, Acc: 0.4758
2025-11-23 00:55:17,056 | INFO | [Clipart] New best val acc: 0.4758
2025-11-23 00:56:40,571 | INFO | [Clipart] Epoch 24/25 | Train - Loss: -1.0022, Cls: 0.0125, GRQO: -20.2938, Acc: 0.9956 | Val - Loss: 1.9292, Cls: 3.0519, GRQO: -22.4532, Acc: 0.4667
2025-11-23 00:58:03,721 | INFO | [Clipart] Epoch 25/25 | Train - Loss: -0.9882, Cls: 0.0104, GRQO: -19.9713, Acc: 0.9968 | Val - Loss: 1.9803, Cls: 3.1019, GRQO: -22.4320, Acc: 0.4644
2025-11-23 00:58:03,737 | INFO | [Clipart] Best Acc: 0.4758
2025-11-23 00:58:03,738 | INFO | ------------------------------------------------------------
2025-11-23 00:58:03,838 | INFO | === LODO: Leaving out domain 'Product' ===
2025-11-23 00:59:27,441 | INFO | [Product] Epoch 1/25 | Train - Loss: 2.7770, Cls: 2.7841, GRQO: -0.1407, Acc: 0.3867 | Val - Loss: 1.5596, Cls: 1.6184, GRQO: -1.1755, Acc: 0.5562
2025-11-23 00:59:27,553 | INFO | [Product] New best val acc: 0.5562
2025-11-23 01:00:52,701 | INFO | [Product] Epoch 2/25 | Train - Loss: 0.7775, Cls: 1.1503, GRQO: -7.4558, Acc: 0.7313 | Val - Loss: 0.0758, Cls: 1.2462, GRQO: -23.4068, Acc: 0.6625
2025-11-23 01:00:52,771 | INFO | [Product] New best val acc: 0.6625
2025-11-23 01:02:16,599 | INFO | [Product] Epoch 3/25 | Train - Loss: -0.4529, Cls: 0.6361, GRQO: -21.7794, Acc: 0.8597 | Val - Loss: -0.0557, Cls: 1.1844, GRQO: -24.8029, Acc: 0.6882
2025-11-23 01:02:16,663 | INFO | [Product] New best val acc: 0.6882
2025-11-23 01:03:39,547 | INFO | [Product] Epoch 4/25 | Train - Loss: -0.8380, Cls: 0.3727, GRQO: -24.2131, Acc: 0.9244 | Val - Loss: -0.0840, Cls: 1.1538, GRQO: -24.7562, Acc: 0.7040
2025-11-23 01:03:39,602 | INFO | [Product] New best val acc: 0.7040
2025-11-23 01:05:02,704 | INFO | [Product] Epoch 5/25 | Train - Loss: -1.0185, Cls: 0.2208, GRQO: -24.7863, Acc: 0.9587 | Val - Loss: 0.0175, Cls: 1.2387, GRQO: -24.4230, Acc: 0.6963
2025-11-23 01:06:25,458 | INFO | [Product] Epoch 6/25 | Train - Loss: -1.1032, Cls: 0.1416, GRQO: -24.8976, Acc: 0.9761 | Val - Loss: 0.0283, Cls: 1.2315, GRQO: -24.0639, Acc: 0.7053
2025-11-23 01:06:25,521 | INFO | [Product] New best val acc: 0.7053
2025-11-23 01:07:47,043 | INFO | [Product] Epoch 7/25 | Train - Loss: -1.1476, Cls: 0.0994, GRQO: -24.9402, Acc: 0.9833 | Val - Loss: 0.0585, Cls: 1.2397, GRQO: -23.6243, Acc: 0.7119
2025-11-23 01:07:47,111 | INFO | [Product] New best val acc: 0.7119
2025-11-23 01:09:09,025 | INFO | [Product] Epoch 8/25 | Train - Loss: -1.1739, Cls: 0.0724, GRQO: -24.9260, Acc: 0.9865 | Val - Loss: 0.0724, Cls: 1.2284, GRQO: -23.1197, Acc: 0.7198
2025-11-23 01:09:09,091 | INFO | [Product] New best val acc: 0.7198
2025-11-23 01:10:31,593 | INFO | [Product] Epoch 9/25 | Train - Loss: -1.1856, Cls: 0.0585, GRQO: -24.8825, Acc: 0.9875 | Val - Loss: 0.2042, Cls: 1.3376, GRQO: -22.6681, Acc: 0.7049
2025-11-23 01:11:55,488 | INFO | [Product] Epoch 10/25 | Train - Loss: -1.1627, Cls: 0.0798, GRQO: -24.8517, Acc: 0.9827 | Val - Loss: 0.2246, Cls: 1.3504, GRQO: -22.5153, Acc: 0.6999
2025-11-23 01:13:19,772 | INFO | [Product] Epoch 11/25 | Train - Loss: -1.1837, Cls: 0.0542, GRQO: -24.7588, Acc: 0.9867 | Val - Loss: 0.2643, Cls: 1.3798, GRQO: -22.3093, Acc: 0.7065
2025-11-23 01:14:43,952 | INFO | [Product] Epoch 12/25 | Train - Loss: -1.1857, Cls: 0.0479, GRQO: -24.6712, Acc: 0.9886 | Val - Loss: 0.2766, Cls: 1.3633, GRQO: -21.7354, Acc: 0.7056
2025-11-23 01:16:07,950 | INFO | [Product] Epoch 13/25 | Train - Loss: -1.1739, Cls: 0.0532, GRQO: -24.5425, Acc: 0.9863 | Val - Loss: 0.2750, Cls: 1.3495, GRQO: -21.4903, Acc: 0.7103
2025-11-23 01:17:32,349 | INFO | [Product] Epoch 14/25 | Train - Loss: -1.1706, Cls: 0.0480, GRQO: -24.3717, Acc: 0.9865 | Val - Loss: 0.3341, Cls: 1.4003, GRQO: -21.3253, Acc: 0.7053
2025-11-23 01:18:57,080 | INFO | [Product] Epoch 15/25 | Train - Loss: -1.1662, Cls: 0.0402, GRQO: -24.1293, Acc: 0.9878 | Val - Loss: 0.3106, Cls: 1.3678, GRQO: -21.1439, Acc: 0.7085
2025-11-23 01:20:20,745 | INFO | [Product] Epoch 16/25 | Train - Loss: -1.1557, Cls: 0.0359, GRQO: -23.8326, Acc: 0.9893 | Val - Loss: 0.3424, Cls: 1.3774, GRQO: -20.6999, Acc: 0.7162
2025-11-23 01:21:44,712 | INFO | [Product] Epoch 17/25 | Train - Loss: -1.1517, Cls: 0.0344, GRQO: -23.7203, Acc: 0.9897 | Val - Loss: 0.3944, Cls: 1.4190, GRQO: -20.4916, Acc: 0.7123
2025-11-23 01:23:07,825 | INFO | [Product] Epoch 18/25 | Train - Loss: -1.1411, Cls: 0.0350, GRQO: -23.5232, Acc: 0.9884 | Val - Loss: 0.4460, Cls: 1.4846, GRQO: -20.7729, Acc: 0.6900
2025-11-23 01:24:31,924 | INFO | [Product] Epoch 19/25 | Train - Loss: -1.0944, Cls: 0.1120, GRQO: -24.1287, Acc: 0.9709 | Val - Loss: 0.4832, Cls: 1.5370, GRQO: -21.0765, Acc: 0.6977
2025-11-23 01:25:55,206 | INFO | [Product] Epoch 20/25 | Train - Loss: -1.0855, Cls: 0.1146, GRQO: -24.0011, Acc: 0.9704 | Val - Loss: 0.6293, Cls: 1.7265, GRQO: -21.9427, Acc: 0.6522
2025-11-23 01:27:18,956 | INFO | [Product] Epoch 21/25 | Train - Loss: -1.0556, Cls: 0.1459, GRQO: -24.0294, Acc: 0.9598 | Val - Loss: 0.6300, Cls: 1.7090, GRQO: -21.5809, Acc: 0.6501
2025-11-23 01:28:42,004 | INFO | [Product] Epoch 22/25 | Train - Loss: -1.0928, Cls: 0.0922, GRQO: -23.6997, Acc: 0.9763 | Val - Loss: 0.6458, Cls: 1.6743, GRQO: -20.5706, Acc: 0.6752
2025-11-23 01:30:05,601 | INFO | [Product] Epoch 23/25 | Train - Loss: -1.0796, Cls: 0.0521, GRQO: -22.6331, Acc: 0.9857 | Val - Loss: 0.5572, Cls: 1.5427, GRQO: -19.7104, Acc: 0.7069
2025-11-23 01:31:29,999 | INFO | [Product] Epoch 24/25 | Train - Loss: -1.0580, Cls: 0.0346, GRQO: -21.8530, Acc: 0.9891 | Val - Loss: 0.6353, Cls: 1.5865, GRQO: -19.0238, Acc: 0.7065
2025-11-23 01:32:54,265 | INFO | [Product] Epoch 25/25 | Train - Loss: -1.0336, Cls: 0.0348, GRQO: -21.3662, Acc: 0.9883 | Val - Loss: 0.6211, Cls: 1.5603, GRQO: -18.7841, Acc: 0.7137
2025-11-23 01:32:54,265 | INFO | [Product] Best Acc: 0.7198
2025-11-23 01:32:54,266 | INFO | ------------------------------------------------------------
2025-11-23 01:32:54,366 | INFO | === LODO: Leaving out domain 'Real World' ===
2025-11-23 01:34:17,914 | INFO | [Real World] Epoch 1/25 | Train - Loss: 2.8437, Cls: 2.8503, GRQO: -0.1324, Acc: 0.3568 | Val - Loss: 1.4242, Cls: 1.4834, GRQO: -1.1838, Acc: 0.6107
2025-11-23 01:34:17,980 | INFO | [Real World] New best val acc: 0.6107
2025-11-23 01:35:42,699 | INFO | [Real World] Epoch 2/25 | Train - Loss: 0.7369, Cls: 1.1224, GRQO: -7.7102, Acc: 0.7452 | Val - Loss: -0.1062, Cls: 1.0891, GRQO: -23.9074, Acc: 0.7046
2025-11-23 01:35:42,761 | INFO | [Real World] New best val acc: 0.7046
2025-11-23 01:37:07,160 | INFO | [Real World] Epoch 3/25 | Train - Loss: -0.5207, Cls: 0.5952, GRQO: -22.3179, Acc: 0.8732 | Val - Loss: -0.1110, Cls: 1.1243, GRQO: -24.7064, Acc: 0.7009
2025-11-23 01:38:31,194 | INFO | [Real World] Epoch 4/25 | Train - Loss: -0.8883, Cls: 0.3342, GRQO: -24.4502, Acc: 0.9363 | Val - Loss: -0.1763, Cls: 1.0471, GRQO: -24.4680, Acc: 0.7319
2025-11-23 01:38:31,260 | INFO | [Real World] New best val acc: 0.7319
2025-11-23 01:39:55,165 | INFO | [Real World] Epoch 5/25 | Train - Loss: -1.0667, Cls: 0.1755, GRQO: -24.8447, Acc: 0.9712 | Val - Loss: -0.1080, Cls: 1.0884, GRQO: -23.9278, Acc: 0.7317
2025-11-23 01:41:18,959 | INFO | [Real World] Epoch 6/25 | Train - Loss: -1.0811, Cls: 0.1652, GRQO: -24.9265, Acc: 0.9714 | Val - Loss: -0.0554, Cls: 1.1214, GRQO: -23.5357, Acc: 0.7271
2025-11-23 01:42:42,539 | INFO | [Real World] Epoch 7/25 | Train - Loss: -1.1420, Cls: 0.1051, GRQO: -24.9421, Acc: 0.9825 | Val - Loss: 0.0027, Cls: 1.1543, GRQO: -23.0328, Acc: 0.7292
2025-11-23 01:44:06,485 | INFO | [Real World] Epoch 8/25 | Train - Loss: -1.1778, Cls: 0.0686, GRQO: -24.9284, Acc: 0.9878 | Val - Loss: 0.0116, Cls: 1.1349, GRQO: -22.4659, Acc: 0.7386
2025-11-23 01:44:06,548 | INFO | [Real World] New best val acc: 0.7386
2025-11-23 01:45:30,419 | INFO | [Real World] Epoch 9/25 | Train - Loss: -1.1869, Cls: 0.0567, GRQO: -24.8701, Acc: 0.9884 | Val - Loss: 0.0964, Cls: 1.1947, GRQO: -21.9653, Acc: 0.7296
2025-11-23 01:46:53,451 | INFO | [Real World] Epoch 10/25 | Train - Loss: -1.1910, Cls: 0.0491, GRQO: -24.8027, Acc: 0.9882 | Val - Loss: 0.0865, Cls: 1.1648, GRQO: -21.5674, Acc: 0.7425
2025-11-23 01:46:53,515 | INFO | [Real World] New best val acc: 0.7425
2025-11-23 01:48:17,004 | INFO | [Real World] Epoch 11/25 | Train - Loss: -1.1921, Cls: 0.0429, GRQO: -24.6985, Acc: 0.9898 | Val - Loss: 0.1294, Cls: 1.1947, GRQO: -21.3059, Acc: 0.7384
2025-11-23 01:49:40,648 | INFO | [Real World] Epoch 12/25 | Train - Loss: -1.1908, Cls: 0.0376, GRQO: -24.5688, Acc: 0.9902 | Val - Loss: 0.1793, Cls: 1.2281, GRQO: -20.9758, Acc: 0.7349
2025-11-23 01:51:04,132 | INFO | [Real World] Epoch 13/25 | Train - Loss: -1.1817, Cls: 0.0363, GRQO: -24.3594, Acc: 0.9896 | Val - Loss: 0.1466, Cls: 1.1803, GRQO: -20.6734, Acc: 0.7448
2025-11-23 01:51:04,196 | INFO | [Real World] New best val acc: 0.7448
2025-11-23 01:52:28,928 | INFO | [Real World] Epoch 14/25 | Train - Loss: -1.1774, Cls: 0.0332, GRQO: -24.2119, Acc: 0.9893 | Val - Loss: 0.1741, Cls: 1.1974, GRQO: -20.4660, Acc: 0.7384
2025-11-23 01:53:51,875 | INFO | [Real World] Epoch 15/25 | Train - Loss: -1.1690, Cls: 0.0309, GRQO: -23.9985, Acc: 0.9901 | Val - Loss: 0.2277, Cls: 1.2430, GRQO: -20.3074, Acc: 0.7345
2025-11-23 01:55:14,741 | INFO | [Real World] Epoch 16/25 | Train - Loss: -1.1616, Cls: 0.0306, GRQO: -23.8421, Acc: 0.9909 | Val - Loss: 0.2711, Cls: 1.2677, GRQO: -19.9313, Acc: 0.7361
2025-11-23 01:56:39,172 | INFO | [Real World] Epoch 17/25 | Train - Loss: -1.1489, Cls: 0.0296, GRQO: -23.5714, Acc: 0.9894 | Val - Loss: 0.2952, Cls: 1.2836, GRQO: -19.7686, Acc: 0.7338
2025-11-23 01:58:03,919 | INFO | [Real World] Epoch 18/25 | Train - Loss: -1.1381, Cls: 0.0276, GRQO: -23.3138, Acc: 0.9910 | Val - Loss: 0.2518, Cls: 1.2379, GRQO: -19.7232, Acc: 0.7432
2025-11-23 01:59:27,079 | INFO | [Real World] Epoch 19/25 | Train - Loss: -1.1322, Cls: 0.0285, GRQO: -23.2145, Acc: 0.9907 | Val - Loss: 0.3030, Cls: 1.2913, GRQO: -19.7653, Acc: 0.7374
2025-11-23 02:00:51,537 | INFO | [Real World] Epoch 20/25 | Train - Loss: -1.1282, Cls: 0.0310, GRQO: -23.1833, Acc: 0.9891 | Val - Loss: 0.3383, Cls: 1.3059, GRQO: -19.3521, Acc: 0.7347
2025-11-23 02:02:14,605 | INFO | [Real World] Epoch 21/25 | Train - Loss: -1.1078, Cls: 0.0252, GRQO: -22.6605, Acc: 0.9912 | Val - Loss: 0.3378, Cls: 1.2830, GRQO: -18.9034, Acc: 0.7374
2025-11-23 02:03:37,106 | INFO | [Real World] Epoch 22/25 | Train - Loss: -1.0892, Cls: 0.0237, GRQO: -22.2599, Acc: 0.9915 | Val - Loss: 0.3636, Cls: 1.2986, GRQO: -18.7002, Acc: 0.7374
2025-11-23 02:04:59,443 | INFO | [Real World] Epoch 23/25 | Train - Loss: -1.0693, Cls: 0.0262, GRQO: -21.9105, Acc: 0.9898 | Val - Loss: 0.3792, Cls: 1.3094, GRQO: -18.6036, Acc: 0.7377
2025-11-23 02:06:20,856 | INFO | [Real World] Epoch 24/25 | Train - Loss: -1.0604, Cls: 0.0252, GRQO: -21.7119, Acc: 0.9907 | Val - Loss: 0.3486, Cls: 1.2779, GRQO: -18.5862, Acc: 0.7402
2025-11-23 02:07:43,025 | INFO | [Real World] Epoch 25/25 | Train - Loss: -1.0556, Cls: 0.0240, GRQO: -21.5922, Acc: 0.9905 | Val - Loss: 0.3885, Cls: 1.3114, GRQO: -18.4566, Acc: 0.7390
2025-11-23 02:07:43,026 | INFO | [Real World] Best Acc: 0.7448
2025-11-23 02:07:43,026 | INFO | ------------------------------------------------------------
2025-11-23 02:07:43,028 | INFO | LODO finished | Mean Acc: 0.6273 | Summary saved to d:\Haseeb\SPROJ\GRQO\Vit-GRQO\resnet18_experiments\OfficeHome\logs\lodo_summary_20251123_020743.json
