2025-11-22 10:03:29,662 | INFO | Initialized experiment directories for OfficeHome
2025-11-22 10:03:29,663 | INFO | Logs: d:\Haseeb\SPROJ\GRQO\Vit-GRQO\resnet18_experiments\OfficeHome\logs
2025-11-22 10:03:29,663 | INFO | Checkpoints: d:\Haseeb\SPROJ\GRQO\Vit-GRQO\resnet18_experiments\OfficeHome\checkpoints
2025-11-22 10:03:29,664 | INFO | Plots: d:\Haseeb\SPROJ\GRQO\Vit-GRQO\resnet18_experiments\OfficeHome\plots
2025-11-22 10:03:29,950 | INFO | === LODO: Leaving out domain 'Art' ===
2025-11-22 10:04:53,903 | INFO | [Art] Epoch 1/5 | Train - Loss: 2.4076, Cls: 2.3102, GRQO: 0.0974, Acc: 0.4787 | Val - Loss: 2.2328, Cls: 2.1008, GRQO: 0.1320, Acc: 0.4742
2025-11-22 10:04:53,967 | INFO | [Art] New best val acc: 0.4742
2025-11-22 10:06:18,699 | INFO | [Art] Epoch 2/5 | Train - Loss: 1.1754, Cls: 0.9005, GRQO: 0.2749, Acc: 0.7752 | Val - Loss: 2.0071, Cls: 1.8866, GRQO: 0.1205, Acc: 0.5155
2025-11-22 10:06:18,805 | INFO | [Art] New best val acc: 0.5155
2025-11-22 10:07:43,683 | INFO | [Art] Epoch 3/5 | Train - Loss: 0.9026, Cls: 0.6159, GRQO: 0.2867, Acc: 0.8470 | Val - Loss: 2.0974, Cls: 2.0215, GRQO: 0.0759, Acc: 0.5023
2025-11-22 10:09:08,738 | INFO | [Art] Epoch 4/5 | Train - Loss: 0.7155, Cls: 0.4466, GRQO: 0.2689, Acc: 0.8880 | Val - Loss: 2.0458, Cls: 1.9975, GRQO: 0.0483, Acc: 0.5266
2025-11-22 10:09:08,807 | INFO | [Art] New best val acc: 0.5266
2025-11-22 10:10:33,864 | INFO | [Art] Epoch 5/5 | Train - Loss: 0.5238, Cls: 0.2813, GRQO: 0.2425, Acc: 0.9377 | Val - Loss: 2.0253, Cls: 1.9724, GRQO: 0.0529, Acc: 0.5216
2025-11-22 10:10:33,879 | INFO | [Art] Best Acc: 0.5266
2025-11-22 10:10:33,879 | INFO | ------------------------------------------------------------
2025-11-22 10:10:34,003 | INFO | === LODO: Leaving out domain 'Clipart' ===
2025-11-22 10:11:59,141 | INFO | [Clipart] Epoch 1/5 | Train - Loss: 2.4072, Cls: 2.3832, GRQO: 0.0239, Acc: 0.4805 | Val - Loss: 2.4565, Cls: 2.4245, GRQO: 0.0320, Acc: 0.4076
2025-11-22 10:11:59,203 | INFO | [Clipart] New best val acc: 0.4076
2025-11-22 10:13:22,985 | INFO | [Clipart] Epoch 2/5 | Train - Loss: 0.9138, Cls: 0.8015, GRQO: 0.1123, Acc: 0.8083 | Val - Loss: 2.3579, Cls: 2.3297, GRQO: 0.0282, Acc: 0.4449
2025-11-22 10:13:23,044 | INFO | [Clipart] New best val acc: 0.4449
2025-11-22 10:14:46,909 | INFO | [Clipart] Epoch 3/5 | Train - Loss: 0.6196, Cls: 0.4890, GRQO: 0.1306, Acc: 0.8824 | Val - Loss: 2.4992, Cls: 2.4893, GRQO: 0.0099, Acc: 0.4291
2025-11-22 10:16:10,641 | INFO | [Clipart] Epoch 4/5 | Train - Loss: 0.4445, Cls: 0.3072, GRQO: 0.1373, Acc: 0.9325 | Val - Loss: 2.4679, Cls: 2.4558, GRQO: 0.0121, Acc: 0.4373
2025-11-22 10:17:34,476 | INFO | [Clipart] Epoch 5/5 | Train - Loss: 0.3046, Cls: 0.1598, GRQO: 0.1448, Acc: 0.9707 | Val - Loss: 2.5074, Cls: 2.4992, GRQO: 0.0083, Acc: 0.4483
2025-11-22 10:17:34,548 | INFO | [Clipart] New best val acc: 0.4483
2025-11-22 10:17:34,548 | INFO | [Clipart] Best Acc: 0.4483
2025-11-22 10:17:34,548 | INFO | ------------------------------------------------------------
2025-11-22 10:17:34,664 | INFO | === LODO: Leaving out domain 'Product' ===
2025-11-22 10:18:57,971 | INFO | [Product] Epoch 1/5 | Train - Loss: 2.7175, Cls: 2.7094, GRQO: 0.0081, Acc: 0.3772 | Val - Loss: 1.5693, Cls: 1.5473, GRQO: 0.0221, Acc: 0.5880
2025-11-22 10:18:58,238 | INFO | [Product] New best val acc: 0.5880
2025-11-22 10:20:21,804 | INFO | [Product] Epoch 2/5 | Train - Loss: 1.1233, Cls: 1.0751, GRQO: 0.0482, Acc: 0.7312 | Val - Loss: 1.2704, Cls: 1.2224, GRQO: 0.0480, Acc: 0.6808
2025-11-22 10:20:21,873 | INFO | [Product] New best val acc: 0.6808
2025-11-22 10:21:44,735 | INFO | [Product] Epoch 3/5 | Train - Loss: 0.7738, Cls: 0.6938, GRQO: 0.0801, Acc: 0.8283 | Val - Loss: 1.3073, Cls: 1.2512, GRQO: 0.0561, Acc: 0.6616
2025-11-22 10:23:08,033 | INFO | [Product] Epoch 4/5 | Train - Loss: 0.5848, Cls: 0.4910, GRQO: 0.0937, Acc: 0.8812 | Val - Loss: 1.2343, Cls: 1.1715, GRQO: 0.0627, Acc: 0.6889
2025-11-22 10:23:08,100 | INFO | [Product] New best val acc: 0.6889
2025-11-22 10:24:31,514 | INFO | [Product] Epoch 5/5 | Train - Loss: 0.4493, Cls: 0.3356, GRQO: 0.1137, Acc: 0.9250 | Val - Loss: 1.2287, Cls: 1.1747, GRQO: 0.0540, Acc: 0.6943
2025-11-22 10:24:31,582 | INFO | [Product] New best val acc: 0.6943
2025-11-22 10:24:31,582 | INFO | [Product] Best Acc: 0.6943
2025-11-22 10:24:31,582 | INFO | ------------------------------------------------------------
2025-11-22 10:24:31,698 | INFO | === LODO: Leaving out domain 'Real World' ===
2025-11-22 10:25:56,398 | INFO | [Real World] Epoch 1/5 | Train - Loss: 2.7035, Cls: 2.6986, GRQO: 0.0049, Acc: 0.3994 | Val - Loss: 1.4073, Cls: 1.3942, GRQO: 0.0131, Acc: 0.6498
2025-11-22 10:25:56,480 | INFO | [Real World] New best val acc: 0.6498
2025-11-22 10:27:18,740 | INFO | [Real World] Epoch 2/5 | Train - Loss: 0.9704, Cls: 0.9288, GRQO: 0.0417, Acc: 0.7762 | Val - Loss: 1.1267, Cls: 1.0866, GRQO: 0.0401, Acc: 0.7016
2025-11-22 10:27:18,803 | INFO | [Real World] New best val acc: 0.7016
2025-11-22 10:28:40,517 | INFO | [Real World] Epoch 3/5 | Train - Loss: 0.5838, Cls: 0.4934, GRQO: 0.0904, Acc: 0.8843 | Val - Loss: 1.1689, Cls: 1.1181, GRQO: 0.0509, Acc: 0.6980
