2025-11-22 10:29:29,279 | INFO | Initialized experiment directories for OfficeHome
2025-11-22 10:29:29,280 | INFO | Logs: d:\Haseeb\SPROJ\GRQO\Vit-GRQO\resnet18_experiments\OfficeHome\logs
2025-11-22 10:29:29,280 | INFO | Checkpoints: d:\Haseeb\SPROJ\GRQO\Vit-GRQO\resnet18_experiments\OfficeHome\checkpoints
2025-11-22 10:29:29,281 | INFO | Plots: d:\Haseeb\SPROJ\GRQO\Vit-GRQO\resnet18_experiments\OfficeHome\plots
2025-11-22 10:29:29,579 | INFO | === LODO: Leaving out domain 'Art' ===
2025-11-22 10:30:53,052 | INFO | [Art] Epoch 1/10 | Train - Loss: 1.9275, Cls: 2.1195, GRQO: -0.1919, Acc: 0.5230 | Val - Loss: 1.4817, Cls: 1.9651, GRQO: -0.4834, Acc: 0.5159
2025-11-22 10:30:53,116 | INFO | [Art] New best val acc: 0.5159
2025-11-22 10:32:17,589 | INFO | [Art] Epoch 2/10 | Train - Loss: 0.1862, Cls: 0.6749, GRQO: -0.4887, Acc: 0.8312 | Val - Loss: 1.3685, Cls: 1.8659, GRQO: -0.4974, Acc: 0.5381
2025-11-22 10:32:17,658 | INFO | [Art] New best val acc: 0.5381
2025-11-22 10:33:42,220 | INFO | [Art] Epoch 3/10 | Train - Loss: -0.1768, Cls: 0.3209, GRQO: -0.4977, Acc: 0.9264 | Val - Loss: 1.3848, Cls: 1.8834, GRQO: -0.4986, Acc: 0.5492
2025-11-22 10:33:42,289 | INFO | [Art] New best val acc: 0.5492
2025-11-22 10:35:06,722 | INFO | [Art] Epoch 4/10 | Train - Loss: -0.3389, Cls: 0.1590, GRQO: -0.4979, Acc: 0.9679 | Val - Loss: 1.4077, Cls: 1.9052, GRQO: -0.4975, Acc: 0.5550
2025-11-22 10:35:06,787 | INFO | [Art] New best val acc: 0.5550
2025-11-22 10:36:33,500 | INFO | [Art] Epoch 5/10 | Train - Loss: -0.3988, Cls: 0.0965, GRQO: -0.4953, Acc: 0.9823 | Val - Loss: 1.4564, Cls: 1.9530, GRQO: -0.4966, Acc: 0.5439
2025-11-22 10:38:00,416 | INFO | [Art] Epoch 6/10 | Train - Loss: -0.4110, Cls: 0.0792, GRQO: -0.4901, Acc: 0.9846 | Val - Loss: 1.4621, Cls: 1.9525, GRQO: -0.4904, Acc: 0.5534
2025-11-22 10:39:28,013 | INFO | [Art] Epoch 7/10 | Train - Loss: -0.4216, Cls: 0.0604, GRQO: -0.4820, Acc: 0.9868 | Val - Loss: 1.4480, Cls: 1.9350, GRQO: -0.4870, Acc: 0.5608
2025-11-22 10:39:28,081 | INFO | [Art] New best val acc: 0.5608
2025-11-22 10:40:53,645 | INFO | [Art] Epoch 8/10 | Train - Loss: -0.4249, Cls: 0.0452, GRQO: -0.4701, Acc: 0.9888 | Val - Loss: 1.5432, Cls: 2.0277, GRQO: -0.4845, Acc: 0.5505
2025-11-22 10:42:20,674 | INFO | [Art] Epoch 9/10 | Train - Loss: -0.4217, Cls: 0.0377, GRQO: -0.4594, Acc: 0.9893 | Val - Loss: 1.5238, Cls: 2.0039, GRQO: -0.4801, Acc: 0.5653
2025-11-22 10:42:20,744 | INFO | [Art] New best val acc: 0.5653
2025-11-22 10:43:49,358 | INFO | [Art] Epoch 10/10 | Train - Loss: -0.4110, Cls: 0.0371, GRQO: -0.4482, Acc: 0.9894 | Val - Loss: 1.5455, Cls: 2.0248, GRQO: -0.4794, Acc: 0.5657
2025-11-22 10:43:49,433 | INFO | [Art] New best val acc: 0.5657
2025-11-22 10:43:49,434 | INFO | [Art] Best Acc: 0.5657
2025-11-22 10:43:49,434 | INFO | ------------------------------------------------------------
2025-11-22 10:43:49,555 | INFO | === LODO: Leaving out domain 'Clipart' ===
2025-11-22 10:45:15,726 | INFO | [Clipart] Epoch 1/10 | Train - Loss: 1.9312, Cls: 2.1298, GRQO: -0.1986, Acc: 0.5303 | Val - Loss: 1.8310, Cls: 2.3199, GRQO: -0.4890, Acc: 0.4422
2025-11-22 10:45:15,790 | INFO | [Clipart] New best val acc: 0.4422
2025-11-22 10:46:38,655 | INFO | [Clipart] Epoch 2/10 | Train - Loss: 0.1865, Cls: 0.6787, GRQO: -0.4922, Acc: 0.8342 | Val - Loss: 1.7389, Cls: 2.2360, GRQO: -0.4970, Acc: 0.4630
2025-11-22 10:46:38,721 | INFO | [Clipart] New best val acc: 0.4630
2025-11-22 10:48:02,187 | INFO | [Clipart] Epoch 3/10 | Train - Loss: -0.1895, Cls: 0.3078, GRQO: -0.4973, Acc: 0.9355 | Val - Loss: 1.7784, Cls: 2.2770, GRQO: -0.4986, Acc: 0.4738
2025-11-22 10:48:02,254 | INFO | [Clipart] New best val acc: 0.4738
2025-11-22 10:49:27,019 | INFO | [Clipart] Epoch 4/10 | Train - Loss: -0.3654, Cls: 0.1329, GRQO: -0.4983, Acc: 0.9789 | Val - Loss: 1.8607, Cls: 2.3597, GRQO: -0.4990, Acc: 0.4749
2025-11-22 10:49:27,092 | INFO | [Clipart] New best val acc: 0.4749
2025-11-22 10:50:50,237 | INFO | [Clipart] Epoch 5/10 | Train - Loss: -0.4349, Cls: 0.0614, GRQO: -0.4963, Acc: 0.9910 | Val - Loss: 1.8642, Cls: 2.3627, GRQO: -0.4985, Acc: 0.4811
2025-11-22 10:50:50,301 | INFO | [Clipart] New best val acc: 0.4811
2025-11-22 10:52:13,981 | INFO | [Clipart] Epoch 6/10 | Train - Loss: -0.4442, Cls: 0.0481, GRQO: -0.4923, Acc: 0.9931 | Val - Loss: 1.8930, Cls: 2.3901, GRQO: -0.4972, Acc: 0.4781
2025-11-22 10:53:37,601 | INFO | [Clipart] Epoch 7/10 | Train - Loss: -0.4488, Cls: 0.0368, GRQO: -0.4856, Acc: 0.9942 | Val - Loss: 1.9190, Cls: 2.4142, GRQO: -0.4952, Acc: 0.4877
2025-11-22 10:53:37,668 | INFO | [Clipart] New best val acc: 0.4877
2025-11-22 10:55:01,397 | INFO | [Clipart] Epoch 8/10 | Train - Loss: -0.4477, Cls: 0.0298, GRQO: -0.4775, Acc: 0.9945 | Val - Loss: 2.0106, Cls: 2.5041, GRQO: -0.4936, Acc: 0.4873
2025-11-22 10:56:25,375 | INFO | [Clipart] Epoch 9/10 | Train - Loss: -0.4444, Cls: 0.0239, GRQO: -0.4683, Acc: 0.9956 | Val - Loss: 1.9477, Cls: 2.4385, GRQO: -0.4908, Acc: 0.4935
2025-11-22 10:56:25,443 | INFO | [Clipart] New best val acc: 0.4935
2025-11-22 10:57:49,424 | INFO | [Clipart] Epoch 10/10 | Train - Loss: -0.4355, Cls: 0.0203, GRQO: -0.4558, Acc: 0.9955 | Val - Loss: 2.0364, Cls: 2.5252, GRQO: -0.4888, Acc: 0.4912
2025-11-22 10:57:49,425 | INFO | [Clipart] Best Acc: 0.4935
2025-11-22 10:57:49,425 | INFO | ------------------------------------------------------------
2025-11-22 10:57:49,538 | INFO | === LODO: Leaving out domain 'Product' ===
2025-11-22 10:59:12,490 | INFO | [Product] Epoch 1/10 | Train - Loss: 2.3554, Cls: 2.4195, GRQO: -0.0641, Acc: 0.4473 | Val - Loss: 1.0250, Cls: 1.3952, GRQO: -0.3702, Acc: 0.6362
2025-11-22 10:59:12,558 | INFO | [Product] New best val acc: 0.6362
2025-11-22 11:00:34,815 | INFO | [Product] Epoch 2/10 | Train - Loss: 0.4160, Cls: 0.8715, GRQO: -0.4554, Acc: 0.7833 | Val - Loss: 0.7734, Cls: 1.2692, GRQO: -0.4958, Acc: 0.6702
2025-11-22 11:00:34,878 | INFO | [Product] New best val acc: 0.6702
2025-11-22 11:01:55,971 | INFO | [Product] Epoch 3/10 | Train - Loss: -0.0346, Cls: 0.4592, GRQO: -0.4939, Acc: 0.8930 | Val - Loss: 0.6711, Cls: 1.1686, GRQO: -0.4975, Acc: 0.6961
2025-11-22 11:01:56,038 | INFO | [Product] New best val acc: 0.6961
2025-11-22 11:03:16,969 | INFO | [Product] Epoch 4/10 | Train - Loss: -0.2708, Cls: 0.2272, GRQO: -0.4980, Acc: 0.9522 | Val - Loss: 0.6633, Cls: 1.1606, GRQO: -0.4973, Acc: 0.7065
2025-11-22 11:03:17,037 | INFO | [Product] New best val acc: 0.7065
2025-11-22 11:04:38,220 | INFO | [Product] Epoch 5/10 | Train - Loss: -0.3676, Cls: 0.1298, GRQO: -0.4974, Acc: 0.9755 | Val - Loss: 0.6972, Cls: 1.1931, GRQO: -0.4959, Acc: 0.7026
2025-11-22 11:06:01,649 | INFO | [Product] Epoch 6/10 | Train - Loss: -0.3974, Cls: 0.0981, GRQO: -0.4955, Acc: 0.9820 | Val - Loss: 0.7187, Cls: 1.2117, GRQO: -0.4931, Acc: 0.6990
2025-11-22 11:07:24,114 | INFO | [Product] Epoch 7/10 | Train - Loss: -0.4162, Cls: 0.0750, GRQO: -0.4912, Acc: 0.9840 | Val - Loss: 0.7075, Cls: 1.1951, GRQO: -0.4876, Acc: 0.7074
2025-11-22 11:07:24,181 | INFO | [Product] New best val acc: 0.7074
2025-11-22 11:08:47,380 | INFO | [Product] Epoch 8/10 | Train - Loss: -0.4228, Cls: 0.0635, GRQO: -0.4863, Acc: 0.9849 | Val - Loss: 0.7635, Cls: 1.2468, GRQO: -0.4833, Acc: 0.7092
2025-11-22 11:08:47,446 | INFO | [Product] New best val acc: 0.7092
2025-11-22 11:10:08,359 | INFO | [Product] Epoch 9/10 | Train - Loss: -0.4276, Cls: 0.0512, GRQO: -0.4788, Acc: 0.9866 | Val - Loss: 0.7815, Cls: 1.2608, GRQO: -0.4793, Acc: 0.7035
2025-11-22 11:11:29,676 | INFO | [Product] Epoch 10/10 | Train - Loss: -0.4140, Cls: 0.0621, GRQO: -0.4761, Acc: 0.9840 | Val - Loss: 0.8170, Cls: 1.2958, GRQO: -0.4788, Acc: 0.6990
2025-11-22 11:11:29,676 | INFO | [Product] Best Acc: 0.7092
2025-11-22 11:11:29,676 | INFO | ------------------------------------------------------------
2025-11-22 11:11:29,794 | INFO | === LODO: Leaving out domain 'Real World' ===
2025-11-22 11:12:51,827 | INFO | [Real World] Epoch 1/10 | Train - Loss: 2.5132, Cls: 2.5144, GRQO: -0.0012, Acc: 0.4270 | Val - Loss: 1.2572, Cls: 1.2792, GRQO: -0.0220, Acc: 0.6748
2025-11-22 11:12:51,919 | INFO | [Real World] New best val acc: 0.6748
2025-11-22 11:14:13,590 | INFO | [Real World] Epoch 2/10 | Train - Loss: 0.5685, Cls: 0.7680, GRQO: -0.1995, Acc: 0.8100 | Val - Loss: 0.7261, Cls: 1.1290, GRQO: -0.4029, Acc: 0.6934
2025-11-22 11:14:13,659 | INFO | [Real World] New best val acc: 0.6934
2025-11-22 11:15:37,688 | INFO | [Real World] Epoch 3/10 | Train - Loss: -0.1287, Cls: 0.3314, GRQO: -0.4602, Acc: 0.9281 | Val - Loss: 0.5489, Cls: 1.0360, GRQO: -0.4871, Acc: 0.7237
2025-11-22 11:15:37,764 | INFO | [Real World] New best val acc: 0.7237
2025-11-22 11:17:00,455 | INFO | [Real World] Epoch 4/10 | Train - Loss: -0.3197, Cls: 0.1705, GRQO: -0.4902, Acc: 0.9656 | Val - Loss: 0.6118, Cls: 1.1041, GRQO: -0.4923, Acc: 0.7209
2025-11-22 11:18:24,408 | INFO | [Real World] Epoch 5/10 | Train - Loss: -0.3955, Cls: 0.0993, GRQO: -0.4948, Acc: 0.9815 | Val - Loss: 0.6806, Cls: 1.1707, GRQO: -0.4901, Acc: 0.7094
2025-11-22 11:19:47,702 | INFO | [Real World] Epoch 6/10 | Train - Loss: -0.4199, Cls: 0.0722, GRQO: -0.4921, Acc: 0.9858 | Val - Loss: 0.6335, Cls: 1.1165, GRQO: -0.4830, Acc: 0.7250
2025-11-22 11:19:47,783 | INFO | [Real World] New best val acc: 0.7250
2025-11-22 11:21:09,881 | INFO | [Real World] Epoch 7/10 | Train - Loss: -0.4277, Cls: 0.0592, GRQO: -0.4869, Acc: 0.9864 | Val - Loss: 0.6603, Cls: 1.1394, GRQO: -0.4791, Acc: 0.7209
2025-11-22 11:22:31,535 | INFO | [Real World] Epoch 8/10 | Train - Loss: -0.4310, Cls: 0.0478, GRQO: -0.4788, Acc: 0.9887 | Val - Loss: 0.6779, Cls: 1.1512, GRQO: -0.4732, Acc: 0.7273
2025-11-22 11:22:31,601 | INFO | [Real World] New best val acc: 0.7273
2025-11-22 11:23:52,933 | INFO | [Real World] Epoch 9/10 | Train - Loss: -0.4304, Cls: 0.0402, GRQO: -0.4706, Acc: 0.9888 | Val - Loss: 0.6794, Cls: 1.1446, GRQO: -0.4651, Acc: 0.7315
2025-11-22 11:23:52,996 | INFO | [Real World] New best val acc: 0.7315
2025-11-22 11:25:14,865 | INFO | [Real World] Epoch 10/10 | Train - Loss: -0.4280, Cls: 0.0335, GRQO: -0.4615, Acc: 0.9905 | Val - Loss: 0.6654, Cls: 1.1308, GRQO: -0.4654, Acc: 0.7340
2025-11-22 11:25:14,929 | INFO | [Real World] New best val acc: 0.7340
2025-11-22 11:25:14,929 | INFO | [Real World] Best Acc: 0.7340
2025-11-22 11:25:14,930 | INFO | ------------------------------------------------------------
2025-11-22 11:25:14,931 | INFO | LODO finished | Mean Acc: 0.6256 | Summary saved to d:\Haseeb\SPROJ\GRQO\Vit-GRQO\resnet18_experiments\OfficeHome\logs\lodo_summary_20251122_112514.json
