2025-11-26 07:34:16,635 | INFO | Initialized experiment directories for OfficeHome
2025-11-26 07:34:16,636 | INFO | Logs: d:\Haseeb\SPROJ\GRQO\Vit-GRQO\resnet34_experiments\OfficeHome\logs
2025-11-26 07:34:16,636 | INFO | Checkpoints: d:\Haseeb\SPROJ\GRQO\Vit-GRQO\resnet34_experiments\OfficeHome\checkpoints
2025-11-26 07:34:16,637 | INFO | Plots: d:\Haseeb\SPROJ\GRQO\Vit-GRQO\resnet34_experiments\OfficeHome\plots
2025-11-26 07:34:16,996 | INFO | === LODO: Leaving out domain 'Art' ===
2025-11-26 07:34:51,981 | INFO | [Art] Epoch 1/20 | Train - Loss: 2.1475, Cls: 2.1406, GRQO: 0.0069, Acc: 0.5343 | Val - Loss: 1.7476, Cls: 1.7459, GRQO: 0.0017, Acc: 0.5616
2025-11-26 07:34:52,081 | INFO | [Art] New best val acc: 0.5616
2025-11-26 07:35:26,764 | INFO | [Art] Epoch 2/20 | Train - Loss: 0.5514, Cls: 0.5484, GRQO: 0.0030, Acc: 0.8660 | Val - Loss: 1.7486, Cls: 1.7475, GRQO: 0.0011, Acc: 0.5789
2025-11-26 07:35:26,856 | INFO | [Art] New best val acc: 0.5789
2025-11-26 07:36:00,963 | INFO | [Art] Epoch 3/20 | Train - Loss: 0.2076, Cls: 0.2062, GRQO: 0.0014, Acc: 0.9552 | Val - Loss: 1.6803, Cls: 1.6797, GRQO: 0.0006, Acc: 0.5962
2025-11-26 07:36:01,048 | INFO | [Art] New best val acc: 0.5962
2025-11-26 07:36:35,532 | INFO | [Art] Epoch 4/20 | Train - Loss: 0.1019, Cls: 0.1017, GRQO: 0.0001, Acc: 0.9777 | Val - Loss: 1.6926, Cls: 1.6923, GRQO: 0.0003, Acc: 0.6069
2025-11-26 07:36:35,624 | INFO | [Art] New best val acc: 0.6069
2025-11-26 07:37:10,778 | INFO | [Art] Epoch 5/20 | Train - Loss: 0.0590, Cls: 0.0601, GRQO: -0.0010, Acc: 0.9856 | Val - Loss: 1.7963, Cls: 1.7960, GRQO: 0.0003, Acc: 0.5946
2025-11-26 07:37:45,711 | INFO | [Art] Epoch 6/20 | Train - Loss: 0.0490, Cls: 0.0510, GRQO: -0.0020, Acc: 0.9862 | Val - Loss: 1.7010, Cls: 1.7009, GRQO: 0.0001, Acc: 0.6131
2025-11-26 07:37:45,806 | INFO | [Art] New best val acc: 0.6131
2025-11-26 07:38:20,678 | INFO | [Art] Epoch 7/20 | Train - Loss: 0.0371, Cls: 0.0401, GRQO: -0.0030, Acc: 0.9888 | Val - Loss: 1.7924, Cls: 1.7925, GRQO: -0.0000, Acc: 0.6069
2025-11-26 07:38:55,508 | INFO | [Art] Epoch 8/20 | Train - Loss: 0.0323, Cls: 0.0361, GRQO: -0.0038, Acc: 0.9891 | Val - Loss: 1.8388, Cls: 1.8389, GRQO: -0.0001, Acc: 0.6016
2025-11-26 07:39:32,123 | INFO | [Art] Epoch 9/20 | Train - Loss: 0.0257, Cls: 0.0306, GRQO: -0.0049, Acc: 0.9902 | Val - Loss: 1.7586, Cls: 1.7590, GRQO: -0.0004, Acc: 0.6180
2025-11-26 07:39:32,225 | INFO | [Art] New best val acc: 0.6180
2025-11-26 07:40:08,587 | INFO | [Art] Epoch 10/20 | Train - Loss: 0.0215, Cls: 0.0273, GRQO: -0.0058, Acc: 0.9904 | Val - Loss: 1.8662, Cls: 1.8667, GRQO: -0.0005, Acc: 0.6053
2025-11-26 07:40:44,308 | INFO | [Art] Epoch 11/20 | Train - Loss: 0.0192, Cls: 0.0263, GRQO: -0.0071, Acc: 0.9901 | Val - Loss: 1.8591, Cls: 1.8598, GRQO: -0.0007, Acc: 0.6061
2025-11-26 07:41:20,557 | INFO | [Art] Epoch 12/20 | Train - Loss: 0.0149, Cls: 0.0232, GRQO: -0.0083, Acc: 0.9907 | Val - Loss: 1.9328, Cls: 1.9334, GRQO: -0.0006, Acc: 0.5929
2025-11-26 07:41:55,868 | INFO | [Art] Epoch 13/20 | Train - Loss: 0.0227, Cls: 0.0311, GRQO: -0.0085, Acc: 0.9890 | Val - Loss: 2.1569, Cls: 2.1573, GRQO: -0.0005, Acc: 0.5707
2025-11-26 07:42:31,930 | INFO | [Art] Epoch 14/20 | Train - Loss: 0.2615, Cls: 0.2658, GRQO: -0.0043, Acc: 0.9238 | Val - Loss: 3.0373, Cls: 3.0351, GRQO: 0.0022, Acc: 0.4162
2025-11-26 07:43:08,043 | INFO | [Art] Epoch 15/20 | Train - Loss: 0.2290, Cls: 0.2320, GRQO: -0.0030, Acc: 0.9318 | Val - Loss: 2.2842, Cls: 2.2832, GRQO: 0.0010, Acc: 0.5163
2025-11-26 07:43:44,054 | INFO | [Art] Epoch 16/20 | Train - Loss: 0.0912, Cls: 0.0962, GRQO: -0.0049, Acc: 0.9714 | Val - Loss: 2.2180, Cls: 2.2182, GRQO: -0.0002, Acc: 0.5534
2025-11-26 07:44:20,421 | INFO | [Art] Epoch 17/20 | Train - Loss: 0.0431, Cls: 0.0502, GRQO: -0.0070, Acc: 0.9848 | Val - Loss: 2.3018, Cls: 2.3012, GRQO: 0.0006, Acc: 0.5546
2025-11-26 07:44:56,403 | INFO | [Art] Epoch 18/20 | Train - Loss: 0.0337, Cls: 0.0416, GRQO: -0.0079, Acc: 0.9857 | Val - Loss: 2.0857, Cls: 2.0865, GRQO: -0.0008, Acc: 0.5925
2025-11-26 07:45:32,386 | INFO | [Art] Epoch 19/20 | Train - Loss: 0.0210, Cls: 0.0304, GRQO: -0.0094, Acc: 0.9878 | Val - Loss: 2.1805, Cls: 2.1810, GRQO: -0.0005, Acc: 0.5843
2025-11-26 07:46:08,035 | INFO | [Art] Epoch 20/20 | Train - Loss: 0.0141, Cls: 0.0248, GRQO: -0.0107, Acc: 0.9903 | Val - Loss: 2.0930, Cls: 2.0945, GRQO: -0.0015, Acc: 0.5983
2025-11-26 07:46:08,035 | INFO | [Art] Best Acc: 0.6180
2025-11-26 07:46:08,035 | INFO | ------------------------------------------------------------
2025-11-26 07:46:08,252 | INFO | === LODO: Leaving out domain 'Clipart' ===
2025-11-26 07:46:43,985 | INFO | [Clipart] Epoch 1/20 | Train - Loss: 2.2450, Cls: 2.2351, GRQO: 0.0099, Acc: 0.5125 | Val - Loss: 2.1692, Cls: 2.1658, GRQO: 0.0034, Acc: 0.4832
2025-11-26 07:46:44,083 | INFO | [Clipart] New best val acc: 0.4832
2025-11-26 07:47:19,961 | INFO | [Clipart] Epoch 2/20 | Train - Loss: 0.5760, Cls: 0.5731, GRQO: 0.0028, Acc: 0.8659 | Val - Loss: 2.0756, Cls: 2.0731, GRQO: 0.0025, Acc: 0.5136
2025-11-26 07:47:20,050 | INFO | [Clipart] New best val acc: 0.5136
2025-11-26 07:47:55,331 | INFO | [Clipart] Epoch 3/20 | Train - Loss: 0.1933, Cls: 0.1925, GRQO: 0.0008, Acc: 0.9576 | Val - Loss: 2.2185, Cls: 2.2159, GRQO: 0.0026, Acc: 0.5003
2025-11-26 07:48:31,530 | INFO | [Clipart] Epoch 4/20 | Train - Loss: 0.0731, Cls: 0.0738, GRQO: -0.0008, Acc: 0.9868 | Val - Loss: 2.3058, Cls: 2.3036, GRQO: 0.0022, Acc: 0.5120
2025-11-26 07:49:08,496 | INFO | [Clipart] Epoch 5/20 | Train - Loss: 0.0443, Cls: 0.0464, GRQO: -0.0021, Acc: 0.9917 | Val - Loss: 2.2663, Cls: 2.2639, GRQO: 0.0024, Acc: 0.5139
2025-11-26 07:49:08,603 | INFO | [Clipart] New best val acc: 0.5139
2025-11-26 07:49:44,581 | INFO | [Clipart] Epoch 6/20 | Train - Loss: 0.0253, Cls: 0.0286, GRQO: -0.0032, Acc: 0.9950 | Val - Loss: 2.2605, Cls: 2.2586, GRQO: 0.0019, Acc: 0.5283
2025-11-26 07:49:44,687 | INFO | [Clipart] New best val acc: 0.5283
2025-11-26 07:50:20,147 | INFO | [Clipart] Epoch 7/20 | Train - Loss: 0.0175, Cls: 0.0220, GRQO: -0.0045, Acc: 0.9951 | Val - Loss: 2.3071, Cls: 2.3049, GRQO: 0.0022, Acc: 0.5283
2025-11-26 07:50:55,798 | INFO | [Clipart] Epoch 8/20 | Train - Loss: 0.0140, Cls: 0.0196, GRQO: -0.0056, Acc: 0.9950 | Val - Loss: 2.3492, Cls: 2.3472, GRQO: 0.0020, Acc: 0.5267
2025-11-26 07:51:32,279 | INFO | [Clipart] Epoch 9/20 | Train - Loss: 0.0114, Cls: 0.0180, GRQO: -0.0065, Acc: 0.9949 | Val - Loss: 2.3599, Cls: 2.3582, GRQO: 0.0016, Acc: 0.5246
2025-11-26 07:52:07,845 | INFO | [Clipart] Epoch 10/20 | Train - Loss: 0.0069, Cls: 0.0146, GRQO: -0.0078, Acc: 0.9955 | Val - Loss: 2.4106, Cls: 2.4091, GRQO: 0.0015, Acc: 0.5288
2025-11-26 07:52:07,949 | INFO | [Clipart] New best val acc: 0.5288
2025-11-26 07:52:43,303 | INFO | [Clipart] Epoch 11/20 | Train - Loss: 0.0060, Cls: 0.0148, GRQO: -0.0088, Acc: 0.9955 | Val - Loss: 2.4324, Cls: 2.4310, GRQO: 0.0014, Acc: 0.5242
2025-11-26 07:53:19,392 | INFO | [Clipart] Epoch 12/20 | Train - Loss: 0.0030, Cls: 0.0131, GRQO: -0.0101, Acc: 0.9950 | Val - Loss: 2.4363, Cls: 2.4354, GRQO: 0.0010, Acc: 0.5331
2025-11-26 07:53:19,494 | INFO | [Clipart] New best val acc: 0.5331
2025-11-26 07:53:56,125 | INFO | [Clipart] Epoch 13/20 | Train - Loss: 0.0009, Cls: 0.0125, GRQO: -0.0115, Acc: 0.9958 | Val - Loss: 2.5227, Cls: 2.5221, GRQO: 0.0006, Acc: 0.5191
2025-11-26 07:54:32,207 | INFO | [Clipart] Epoch 14/20 | Train - Loss: -0.0015, Cls: 0.0116, GRQO: -0.0132, Acc: 0.9956 | Val - Loss: 2.5842, Cls: 2.5840, GRQO: 0.0002, Acc: 0.5203
