2025-11-22 01:55:11,410 | INFO | Initialized experiment directories for OfficeHome
2025-11-22 01:55:11,410 | INFO | Logs: d:\Haseeb\SPROJ\GRQO\Vit-GRQO\resnet18_experiments\OfficeHome\logs
2025-11-22 01:55:11,411 | INFO | Checkpoints: d:\Haseeb\SPROJ\GRQO\Vit-GRQO\resnet18_experiments\OfficeHome\checkpoints
2025-11-22 01:55:11,411 | INFO | Plots: d:\Haseeb\SPROJ\GRQO\Vit-GRQO\resnet18_experiments\OfficeHome\plots
2025-11-22 01:55:13,511 | INFO | === LODO: Leaving out domain 'Art' ===
2025-11-22 01:58:27,851 | INFO | [Art] Epoch 1/5 | Train - Loss: 2.4431, Cls: 2.4348, GRQO: 0.0083, Acc: 0.4644 | Val - Loss: 1.9606, Cls: 1.9582, GRQO: 0.0025, Acc: 0.5282
2025-11-22 01:58:27,921 | INFO | [Art] New best val acc: 0.5282
2025-11-22 01:59:52,183 | INFO | [Art] Epoch 2/5 | Train - Loss: 0.7474, Cls: 0.7437, GRQO: 0.0036, Acc: 0.8241 | Val - Loss: 1.7847, Cls: 1.7834, GRQO: 0.0013, Acc: 0.5513
2025-11-22 01:59:52,253 | INFO | [Art] New best val acc: 0.5513
2025-11-22 02:01:18,898 | INFO | [Art] Epoch 3/5 | Train - Loss: 0.2863, Cls: 0.2839, GRQO: 0.0024, Acc: 0.9394 | Val - Loss: 1.8386, Cls: 1.8373, GRQO: 0.0012, Acc: 0.5562
2025-11-22 02:01:18,965 | INFO | [Art] New best val acc: 0.5562
2025-11-22 02:02:45,296 | INFO | [Art] Epoch 4/5 | Train - Loss: 0.1199, Cls: 0.1184, GRQO: 0.0015, Acc: 0.9783 | Val - Loss: 1.8453, Cls: 1.8443, GRQO: 0.0010, Acc: 0.5653
2025-11-22 02:02:45,371 | INFO | [Art] New best val acc: 0.5653
2025-11-22 02:04:13,561 | INFO | [Art] Epoch 5/5 | Train - Loss: 0.0654, Cls: 0.0645, GRQO: 0.0008, Acc: 0.9878 | Val - Loss: 1.8546, Cls: 1.8538, GRQO: 0.0008, Acc: 0.5703
2025-11-22 02:04:13,622 | INFO | [Art] New best val acc: 0.5703
2025-11-22 02:04:13,622 | INFO | [Art] Best Acc: 0.5703
2025-11-22 02:04:13,622 | INFO | ------------------------------------------------------------
2025-11-22 02:04:13,748 | INFO | === LODO: Leaving out domain 'Clipart' ===
2025-11-22 02:05:39,026 | INFO | [Clipart] Epoch 1/5 | Train - Loss: 2.5111, Cls: 2.5025, GRQO: 0.0086, Acc: 0.4723 | Val - Loss: 2.3736, Cls: 2.3706, GRQO: 0.0030, Acc: 0.4259
2025-11-22 02:05:39,089 | INFO | [Clipart] New best val acc: 0.4259
2025-11-22 02:07:03,423 | INFO | [Clipart] Epoch 2/5 | Train - Loss: 0.7799, Cls: 0.7765, GRQO: 0.0033, Acc: 0.8238 | Val - Loss: 2.1895, Cls: 2.1870, GRQO: 0.0026, Acc: 0.4680
2025-11-22 02:07:03,486 | INFO | [Clipart] New best val acc: 0.4680
2025-11-22 02:08:26,239 | INFO | [Clipart] Epoch 3/5 | Train - Loss: 0.2893, Cls: 0.2869, GRQO: 0.0024, Acc: 0.9416 | Val - Loss: 2.3329, Cls: 2.3308, GRQO: 0.0021, Acc: 0.4605
2025-11-22 02:09:48,904 | INFO | [Clipart] Epoch 4/5 | Train - Loss: 0.1092, Cls: 0.1076, GRQO: 0.0017, Acc: 0.9838 | Val - Loss: 2.2973, Cls: 2.2954, GRQO: 0.0020, Acc: 0.4735
2025-11-22 02:09:48,955 | INFO | [Clipart] New best val acc: 0.4735
2025-11-22 02:11:10,320 | INFO | [Clipart] Epoch 5/5 | Train - Loss: 0.0515, Cls: 0.0504, GRQO: 0.0010, Acc: 0.9936 | Val - Loss: 2.3911, Cls: 2.3891, GRQO: 0.0020, Acc: 0.4655
2025-11-22 02:11:10,320 | INFO | [Clipart] Best Acc: 0.4735
2025-11-22 02:11:10,320 | INFO | ------------------------------------------------------------
2025-11-22 02:11:10,423 | INFO | === LODO: Leaving out domain 'Product' ===
2025-11-22 02:12:31,868 | INFO | [Product] Epoch 1/5 | Train - Loss: 2.8072, Cls: 2.7986, GRQO: 0.0086, Acc: 0.3659 | Val - Loss: 1.6618, Cls: 1.6600, GRQO: 0.0018, Acc: 0.5736
2025-11-22 02:12:31,919 | INFO | [Product] New best val acc: 0.5736
2025-11-22 02:13:53,183 | INFO | [Product] Epoch 2/5 | Train - Loss: 1.0296, Cls: 1.0258, GRQO: 0.0037, Acc: 0.7596 | Val - Loss: 1.1993, Cls: 1.1983, GRQO: 0.0010, Acc: 0.6929
2025-11-22 02:13:53,252 | INFO | [Product] New best val acc: 0.6929
2025-11-22 02:15:15,815 | INFO | [Product] Epoch 3/5 | Train - Loss: 0.4244, Cls: 0.4216, GRQO: 0.0027, Acc: 0.9099 | Val - Loss: 1.1496, Cls: 1.1488, GRQO: 0.0008, Acc: 0.7020
2025-11-22 02:15:15,882 | INFO | [Product] New best val acc: 0.7020
2025-11-22 02:16:38,797 | INFO | [Product] Epoch 4/5 | Train - Loss: 0.1802, Cls: 0.1781, GRQO: 0.0021, Acc: 0.9674 | Val - Loss: 1.1441, Cls: 1.1436, GRQO: 0.0005, Acc: 0.7101
2025-11-22 02:16:38,880 | INFO | [Product] New best val acc: 0.7101
2025-11-22 02:18:02,495 | INFO | [Product] Epoch 5/5 | Train - Loss: 0.0914, Cls: 0.0899, GRQO: 0.0015, Acc: 0.9832 | Val - Loss: 1.1621, Cls: 1.1617, GRQO: 0.0004, Acc: 0.7062
2025-11-22 02:18:02,495 | INFO | [Product] Best Acc: 0.7101
2025-11-22 02:18:02,495 | INFO | ------------------------------------------------------------
2025-11-22 02:18:02,625 | INFO | === LODO: Leaving out domain 'Real World' ===
2025-11-22 02:19:26,827 | INFO | [Real World] Epoch 1/5 | Train - Loss: 2.7699, Cls: 2.7614, GRQO: 0.0085, Acc: 0.3891 | Val - Loss: 1.5382, Cls: 1.5359, GRQO: 0.0023, Acc: 0.6291
2025-11-22 02:19:26,886 | INFO | [Real World] New best val acc: 0.6291
2025-11-22 02:20:49,525 | INFO | [Real World] Epoch 2/5 | Train - Loss: 0.9337, Cls: 0.9299, GRQO: 0.0038, Acc: 0.7891 | Val - Loss: 1.0790, Cls: 1.0783, GRQO: 0.0007, Acc: 0.7170
2025-11-22 02:20:49,602 | INFO | [Real World] New best val acc: 0.7170
2025-11-22 02:22:12,605 | INFO | [Real World] Epoch 3/5 | Train - Loss: 0.3629, Cls: 0.3603, GRQO: 0.0027, Acc: 0.9267 | Val - Loss: 1.0797, Cls: 1.0793, GRQO: 0.0004, Acc: 0.7131
2025-11-22 02:23:34,639 | INFO | [Real World] Epoch 4/5 | Train - Loss: 0.1470, Cls: 0.1451, GRQO: 0.0019, Acc: 0.9736 | Val - Loss: 1.0630, Cls: 1.0628, GRQO: 0.0002, Acc: 0.7218
2025-11-22 02:23:34,709 | INFO | [Real World] New best val acc: 0.7218
2025-11-22 02:24:56,437 | INFO | [Real World] Epoch 5/5 | Train - Loss: 0.0749, Cls: 0.0736, GRQO: 0.0013, Acc: 0.9867 | Val - Loss: 1.0719, Cls: 1.0719, GRQO: -0.0000, Acc: 0.7278
2025-11-22 02:24:56,516 | INFO | [Real World] New best val acc: 0.7278
2025-11-22 02:24:56,517 | INFO | [Real World] Best Acc: 0.7278
2025-11-22 02:24:56,517 | INFO | ------------------------------------------------------------
2025-11-22 02:24:56,519 | INFO | LODO finished | Mean Acc: 0.6204 | Summary saved to d:\Haseeb\SPROJ\GRQO\Vit-GRQO\resnet18_experiments\OfficeHome\logs\lodo_summary_20251122_022456.json
2025-11-22 02:24:56,522 | INFO | Initializing ResNet baseline: resnet18
2025-11-22 02:24:56,604 | INFO | === Baseline LODO: Leaving out domain 'Art' ===
2025-11-22 02:26:16,919 | INFO | [Art] Epoch 1/5 | Train - Loss: 2.2091, Acc: 0.5272 | Val Acc: 0.4895
2025-11-22 02:27:37,734 | INFO | [Art] Epoch 2/5 | Train - Loss: 0.8353, Acc: 0.8372 | Val Acc: 0.5340
2025-11-22 02:28:57,749 | INFO | [Art] Epoch 3/5 | Train - Loss: 0.4110, Acc: 0.9277 | Val Acc: 0.5703
2025-11-22 02:30:19,231 | INFO | [Art] Epoch 4/5 | Train - Loss: 0.1975, Acc: 0.9723 | Val Acc: 0.5661
2025-11-22 02:31:42,613 | INFO | [Art] Epoch 5/5 | Train - Loss: 0.1058, Acc: 0.9843 | Val Acc: 0.5740
2025-11-22 02:31:42,613 | INFO | [Art] Best Val Acc: 0.5740
2025-11-22 02:31:42,613 | INFO | ------------------------------------------------------------
2025-11-22 02:31:42,613 | INFO | Initializing ResNet baseline: resnet18
2025-11-22 02:31:42,710 | INFO | === Baseline LODO: Leaving out domain 'Clipart' ===
2025-11-22 02:33:04,787 | INFO | [Clipart] Epoch 1/5 | Train - Loss: 2.2725, Acc: 0.5210 | Val Acc: 0.3867
2025-11-22 02:34:24,423 | INFO | [Clipart] Epoch 2/5 | Train - Loss: 0.8665, Acc: 0.8276 | Val Acc: 0.4444
2025-11-22 02:35:44,507 | INFO | [Clipart] Epoch 3/5 | Train - Loss: 0.4276, Acc: 0.9302 | Val Acc: 0.4495
2025-11-22 02:37:04,978 | INFO | [Clipart] Epoch 4/5 | Train - Loss: 0.2010, Acc: 0.9765 | Val Acc: 0.4536
2025-11-22 02:38:25,622 | INFO | [Clipart] Epoch 5/5 | Train - Loss: 0.0941, Acc: 0.9922 | Val Acc: 0.4582
2025-11-22 02:38:25,622 | INFO | [Clipart] Best Val Acc: 0.4582
2025-11-22 02:38:25,622 | INFO | ------------------------------------------------------------
2025-11-22 02:38:25,622 | INFO | Initializing ResNet baseline: resnet18
2025-11-22 02:38:25,715 | INFO | === Baseline LODO: Leaving out domain 'Product' ===
2025-11-22 02:39:45,738 | INFO | [Product] Epoch 1/5 | Train - Loss: 2.5635, Acc: 0.4490 | Val Acc: 0.6166
2025-11-22 07:41:07,186 | INFO | [Product] Epoch 2/5 | Train - Loss: 1.1009, Acc: 0.7824 | Val Acc: 0.6902
2025-11-22 07:42:30,719 | INFO | [Product] Epoch 3/5 | Train - Loss: 0.5894, Acc: 0.8929 | Val Acc: 0.7220
2025-11-22 07:43:52,583 | INFO | [Product] Epoch 4/5 | Train - Loss: 0.3054, Acc: 0.9554 | Val Acc: 0.7258
2025-11-22 07:45:14,260 | INFO | [Product] Epoch 5/5 | Train - Loss: 0.1613, Acc: 0.9811 | Val Acc: 0.7328
2025-11-22 07:45:14,260 | INFO | [Product] Best Val Acc: 0.7328
2025-11-22 07:45:14,260 | INFO | ------------------------------------------------------------
2025-11-22 07:45:14,264 | INFO | Initializing ResNet baseline: resnet18
2025-11-22 07:45:14,344 | INFO | === Baseline LODO: Leaving out domain 'Real World' ===
2025-11-22 07:46:35,696 | INFO | [Real World] Epoch 1/5 | Train - Loss: 2.4765, Acc: 0.4765 | Val Acc: 0.6420
2025-11-22 07:47:57,528 | INFO | [Real World] Epoch 2/5 | Train - Loss: 1.0296, Acc: 0.8052 | Val Acc: 0.7250
2025-11-22 07:49:21,009 | INFO | [Real World] Epoch 3/5 | Train - Loss: 0.5274, Acc: 0.9107 | Val Acc: 0.7462
2025-11-22 07:50:43,551 | INFO | [Real World] Epoch 4/5 | Train - Loss: 0.2613, Acc: 0.9652 | Val Acc: 0.7485
2025-11-22 07:52:06,095 | INFO | [Real World] Epoch 5/5 | Train - Loss: 0.1321, Acc: 0.9842 | Val Acc: 0.7514
2025-11-22 07:52:06,095 | INFO | [Real World] Best Val Acc: 0.7514
2025-11-22 07:52:06,095 | INFO | ------------------------------------------------------------
2025-11-22 07:52:06,095 | INFO | Baseline LODO (resnet18) finished | Mean Acc: 0.6291
