2025-11-22 11:29:33,386 | INFO | Initialized experiment directories for OfficeHome
2025-11-22 11:29:33,386 | INFO | Logs: d:\Haseeb\SPROJ\GRQO\Vit-GRQO\resnet18_experiments\OfficeHome\logs
2025-11-22 11:29:33,387 | INFO | Checkpoints: d:\Haseeb\SPROJ\GRQO\Vit-GRQO\resnet18_experiments\OfficeHome\checkpoints
2025-11-22 11:29:33,387 | INFO | Plots: d:\Haseeb\SPROJ\GRQO\Vit-GRQO\resnet18_experiments\OfficeHome\plots
2025-11-22 11:29:33,688 | INFO | === LODO: Leaving out domain 'Art' ===
2025-11-22 11:30:58,248 | INFO | [Art] Epoch 1/20 | Train - Loss: -19.5707, Cls: 2.4509, GRQO: -22.0216, Acc: 0.4542 | Val - Loss: -22.9224, Cls: 2.0494, GRQO: -24.9718, Acc: 0.5023
2025-11-22 11:30:58,333 | INFO | [Art] New best val acc: 0.5023
2025-11-22 11:32:23,317 | INFO | [Art] Epoch 2/20 | Train - Loss: -23.9782, Cls: 1.0015, GRQO: -24.9797, Acc: 0.7609 | Val - Loss: -23.1055, Cls: 1.8866, GRQO: -24.9920, Acc: 0.5286
2025-11-22 11:32:23,387 | INFO | [Art] New best val acc: 0.5286
2025-11-22 11:33:48,139 | INFO | [Art] Epoch 3/20 | Train - Loss: -24.4020, Cls: 0.5900, GRQO: -24.9920, Acc: 0.8633 | Val - Loss: -23.1026, Cls: 1.8873, GRQO: -24.9900, Acc: 0.5431
2025-11-22 11:33:48,266 | INFO | [Art] New best val acc: 0.5431
2025-11-22 11:35:14,515 | INFO | [Art] Epoch 4/20 | Train - Loss: -24.6512, Cls: 0.3448, GRQO: -24.9960, Acc: 0.9258 | Val - Loss: -22.9031, Cls: 2.0308, GRQO: -24.9338, Acc: 0.5290
2025-11-22 11:36:41,180 | INFO | [Art] Epoch 5/20 | Train - Loss: -24.7534, Cls: 0.2390, GRQO: -24.9924, Acc: 0.9533 | Val - Loss: -22.8352, Cls: 2.0278, GRQO: -24.8631, Acc: 0.5406
2025-11-22 11:38:07,196 | INFO | [Art] Epoch 6/20 | Train - Loss: -24.8380, Cls: 0.1283, GRQO: -24.9663, Acc: 0.9774 | Val - Loss: -22.6252, Cls: 1.9410, GRQO: -24.5662, Acc: 0.5649
2025-11-22 11:38:07,246 | INFO | [Art] New best val acc: 0.5649
2025-11-22 11:39:34,277 | INFO | [Art] Epoch 7/20 | Train - Loss: -24.7965, Cls: 0.0830, GRQO: -24.8795, Acc: 0.9853 | Val - Loss: -22.5097, Cls: 1.9662, GRQO: -24.4759, Acc: 0.5649
2025-11-22 11:41:00,409 | INFO | [Art] Epoch 8/20 | Train - Loss: -24.6604, Cls: 0.0628, GRQO: -24.7232, Acc: 0.9876 | Val - Loss: -22.1822, Cls: 2.0449, GRQO: -24.2271, Acc: 0.5624
2025-11-22 11:42:26,373 | INFO | [Art] Epoch 9/20 | Train - Loss: -24.4618, Cls: 0.0497, GRQO: -24.5115, Acc: 0.9882 | Val - Loss: -21.9368, Cls: 2.0452, GRQO: -23.9819, Acc: 0.5624
2025-11-22 11:43:52,772 | INFO | [Art] Epoch 10/20 | Train - Loss: -24.1788, Cls: 0.0454, GRQO: -24.2243, Acc: 0.9890 | Val - Loss: -21.8438, Cls: 2.0559, GRQO: -23.8997, Acc: 0.5600
2025-11-22 11:45:19,137 | INFO | [Art] Epoch 11/20 | Train - Loss: -23.8713, Cls: 0.0405, GRQO: -23.9118, Acc: 0.9897 | Val - Loss: -21.7145, Cls: 2.0543, GRQO: -23.7688, Acc: 0.5591
2025-11-22 11:46:46,752 | INFO | [Art] Epoch 12/20 | Train - Loss: -23.6472, Cls: 0.0354, GRQO: -23.6826, Acc: 0.9900 | Val - Loss: -21.5290, Cls: 2.0996, GRQO: -23.6286, Acc: 0.5670
2025-11-22 11:46:46,823 | INFO | [Art] New best val acc: 0.5670
2025-11-22 11:48:13,300 | INFO | [Art] Epoch 13/20 | Train - Loss: -23.4088, Cls: 0.0375, GRQO: -23.4463, Acc: 0.9897 | Val - Loss: -21.4128, Cls: 2.1178, GRQO: -23.5306, Acc: 0.5641
2025-11-22 11:49:36,182 | INFO | [Art] Epoch 14/20 | Train - Loss: -23.0732, Cls: 0.0336, GRQO: -23.1068, Acc: 0.9905 | Val - Loss: -21.1628, Cls: 2.1181, GRQO: -23.2809, Acc: 0.5694
2025-11-22 11:49:36,249 | INFO | [Art] New best val acc: 0.5694
2025-11-22 11:50:59,146 | INFO | [Art] Epoch 15/20 | Train - Loss: -22.6966, Cls: 0.0312, GRQO: -22.7278, Acc: 0.9908 | Val - Loss: -21.0018, Cls: 2.1327, GRQO: -23.1346, Acc: 0.5604
2025-11-22 11:52:22,196 | INFO | [Art] Epoch 16/20 | Train - Loss: -22.2925, Cls: 0.0287, GRQO: -22.3211, Acc: 0.9916 | Val - Loss: -20.9209, Cls: 2.1734, GRQO: -23.0942, Acc: 0.5665
2025-11-22 11:53:45,508 | INFO | [Art] Epoch 17/20 | Train - Loss: -21.8306, Cls: 0.0278, GRQO: -21.8584, Acc: 0.9904 | Val - Loss: -20.8602, Cls: 2.1991, GRQO: -23.0592, Acc: 0.5637
2025-11-22 11:55:09,196 | INFO | [Art] Epoch 18/20 | Train - Loss: -21.7721, Cls: 0.0283, GRQO: -21.8004, Acc: 0.9913 | Val - Loss: -20.7719, Cls: 2.1701, GRQO: -22.9421, Acc: 0.5632
2025-11-22 11:56:32,447 | INFO | [Art] Epoch 19/20 | Train - Loss: -21.7209, Cls: 0.0299, GRQO: -21.7507, Acc: 0.9906 | Val - Loss: -20.6383, Cls: 2.2557, GRQO: -22.8940, Acc: 0.5575
2025-11-22 11:57:55,193 | INFO | [Art] Epoch 20/20 | Train - Loss: -21.3675, Cls: 0.0324, GRQO: -21.3999, Acc: 0.9897 | Val - Loss: -20.4316, Cls: 2.2312, GRQO: -22.6628, Acc: 0.5562
2025-11-22 11:57:55,193 | INFO | [Art] Best Acc: 0.5694
2025-11-22 11:57:55,194 | INFO | ------------------------------------------------------------
2025-11-22 11:57:55,303 | INFO | === LODO: Leaving out domain 'Clipart' ===
2025-11-22 11:59:16,505 | INFO | [Clipart] Epoch 1/20 | Train - Loss: -18.5734, Cls: 2.4394, GRQO: -21.0128, Acc: 0.4673 | Val - Loss: -22.6613, Cls: 2.3057, GRQO: -24.9670, Acc: 0.4396
2025-11-22 11:59:16,555 | INFO | [Clipart] New best val acc: 0.4396
2025-11-22 12:00:38,420 | INFO | [Clipart] Epoch 2/20 | Train - Loss: -24.0498, Cls: 0.9238, GRQO: -24.9735, Acc: 0.7832 | Val - Loss: -22.6625, Cls: 2.3259, GRQO: -24.9885, Acc: 0.4493
2025-11-22 12:00:38,491 | INFO | [Clipart] New best val acc: 0.4493
2025-11-22 12:02:00,116 | INFO | [Clipart] Epoch 3/20 | Train - Loss: -24.4621, Cls: 0.5262, GRQO: -24.9883, Acc: 0.8852 | Val - Loss: -22.7817, Cls: 2.2088, GRQO: -24.9904, Acc: 0.4822
2025-11-22 12:02:00,179 | INFO | [Clipart] New best val acc: 0.4822
2025-11-22 12:03:24,229 | INFO | [Clipart] Epoch 4/20 | Train - Loss: -24.6580, Cls: 0.3360, GRQO: -24.9940, Acc: 0.9294 | Val - Loss: -22.6862, Cls: 2.2951, GRQO: -24.9813, Acc: 0.4882
2025-11-22 12:03:24,285 | INFO | [Clipart] New best val acc: 0.4882
2025-11-22 12:04:47,387 | INFO | [Clipart] Epoch 5/20 | Train - Loss: -24.8093, Cls: 0.1838, GRQO: -24.9931, Acc: 0.9682 | Val - Loss: -22.5177, Cls: 2.4244, GRQO: -24.9421, Acc: 0.4772
2025-11-22 12:06:10,630 | INFO | [Clipart] Epoch 6/20 | Train - Loss: -24.8791, Cls: 0.0924, GRQO: -24.9715, Acc: 0.9887 | Val - Loss: -22.4646, Cls: 2.4166, GRQO: -24.8812, Acc: 0.4843
2025-11-22 12:07:34,010 | INFO | [Clipart] Epoch 7/20 | Train - Loss: -24.8540, Cls: 0.0552, GRQO: -24.9092, Acc: 0.9933 | Val - Loss: -22.2837, Cls: 2.4874, GRQO: -24.7711, Acc: 0.4809
2025-11-22 12:08:55,895 | INFO | [Clipart] Epoch 8/20 | Train - Loss: -24.7435, Cls: 0.0405, GRQO: -24.7840, Acc: 0.9947 | Val - Loss: -22.1641, Cls: 2.4924, GRQO: -24.6565, Acc: 0.4898
2025-11-22 12:08:55,960 | INFO | [Clipart] New best val acc: 0.4898
2025-11-22 12:10:17,042 | INFO | [Clipart] Epoch 9/20 | Train - Loss: -24.5588, Cls: 0.0321, GRQO: -24.5910, Acc: 0.9949 | Val - Loss: -22.0427, Cls: 2.5082, GRQO: -24.5509, Acc: 0.4893
2025-11-22 12:11:38,108 | INFO | [Clipart] Epoch 10/20 | Train - Loss: -24.3355, Cls: 0.0297, GRQO: -24.3652, Acc: 0.9955 | Val - Loss: -21.8966, Cls: 2.5580, GRQO: -24.4547, Acc: 0.4818
2025-11-22 12:13:00,806 | INFO | [Clipart] Epoch 11/20 | Train - Loss: -24.0543, Cls: 0.0240, GRQO: -24.0783, Acc: 0.9955 | Val - Loss: -21.7761, Cls: 2.5804, GRQO: -24.3565, Acc: 0.4914
2025-11-22 12:13:00,872 | INFO | [Clipart] New best val acc: 0.4914
2025-11-22 12:14:24,871 | INFO | [Clipart] Epoch 12/20 | Train - Loss: -23.7920, Cls: 0.0222, GRQO: -23.8142, Acc: 0.9953 | Val - Loss: -21.5856, Cls: 2.6103, GRQO: -24.1959, Acc: 0.4967
2025-11-22 12:14:24,940 | INFO | [Clipart] New best val acc: 0.4967
2025-11-22 12:15:49,002 | INFO | [Clipart] Epoch 13/20 | Train - Loss: -23.4881, Cls: 0.0192, GRQO: -23.5073, Acc: 0.9958 | Val - Loss: -21.4191, Cls: 2.6741, GRQO: -24.0932, Acc: 0.4861
2025-11-22 12:17:12,084 | INFO | [Clipart] Epoch 14/20 | Train - Loss: -23.1638, Cls: 0.0188, GRQO: -23.1826, Acc: 0.9957 | Val - Loss: -21.4000, Cls: 2.6602, GRQO: -24.0602, Acc: 0.4916
2025-11-22 12:18:36,188 | INFO | [Clipart] Epoch 15/20 | Train - Loss: -22.9004, Cls: 0.0202, GRQO: -22.9206, Acc: 0.9951 | Val - Loss: -21.3778, Cls: 2.7806, GRQO: -24.1583, Acc: 0.4653
2025-11-22 12:19:58,948 | INFO | [Clipart] Epoch 16/20 | Train - Loss: -22.7488, Cls: 0.0248, GRQO: -22.7736, Acc: 0.9940 | Val - Loss: -21.2817, Cls: 2.7412, GRQO: -24.0229, Acc: 0.4772
2025-11-22 12:21:22,151 | INFO | [Clipart] Epoch 17/20 | Train - Loss: -22.3574, Cls: 0.0180, GRQO: -22.3753, Acc: 0.9950 | Val - Loss: -21.1731, Cls: 2.7960, GRQO: -23.9691, Acc: 0.4729
2025-11-22 12:22:44,890 | INFO | [Clipart] Epoch 18/20 | Train - Loss: -21.8263, Cls: 0.0163, GRQO: -21.8425, Acc: 0.9955 | Val - Loss: -21.0473, Cls: 2.7120, GRQO: -23.7594, Acc: 0.4873
2025-11-22 12:24:07,874 | INFO | [Clipart] Epoch 19/20 | Train - Loss: -21.2234, Cls: 0.0138, GRQO: -21.2373, Acc: 0.9958 | Val - Loss: -20.8362, Cls: 2.7517, GRQO: -23.5879, Acc: 0.4834
2025-11-22 12:25:30,774 | INFO | [Clipart] Epoch 20/20 | Train - Loss: -20.7914, Cls: 0.0130, GRQO: -20.8043, Acc: 0.9957 | Val - Loss: -20.7315, Cls: 2.7575, GRQO: -23.4891, Acc: 0.4882
2025-11-22 12:25:30,774 | INFO | [Clipart] Best Acc: 0.4967
2025-11-22 12:25:30,774 | INFO | ------------------------------------------------------------
2025-11-22 12:25:30,875 | INFO | === LODO: Leaving out domain 'Product' ===
2025-11-22 12:26:54,790 | INFO | [Product] Epoch 1/20 | Train - Loss: -17.2954, Cls: 2.7733, GRQO: -20.0687, Acc: 0.3685 | Val - Loss: -23.2953, Cls: 1.6718, GRQO: -24.9671, Acc: 0.5736
2025-11-22 12:26:54,857 | INFO | [Product] New best val acc: 0.5736
2025-11-22 12:28:17,188 | INFO | [Product] Epoch 2/20 | Train - Loss: -23.7139, Cls: 1.2583, GRQO: -24.9722, Acc: 0.7004 | Val - Loss: -23.6863, Cls: 1.3013, GRQO: -24.9876, Acc: 0.6492
2025-11-22 12:28:17,239 | INFO | [Product] New best val acc: 0.6492
2025-11-22 12:29:39,596 | INFO | [Product] Epoch 3/20 | Train - Loss: -24.2449, Cls: 0.7431, GRQO: -24.9880, Acc: 0.8263 | Val - Loss: -23.7874, Cls: 1.1898, GRQO: -24.9772, Acc: 0.6828
2025-11-22 12:29:39,661 | INFO | [Product] New best val acc: 0.6828
2025-11-22 12:31:03,671 | INFO | [Product] Epoch 4/20 | Train - Loss: -24.5071, Cls: 0.4859, GRQO: -24.9930, Acc: 0.8898 | Val - Loss: -23.7584, Cls: 1.1479, GRQO: -24.9062, Acc: 0.6943
2025-11-22 12:31:03,741 | INFO | [Product] New best val acc: 0.6943
2025-11-22 12:32:28,385 | INFO | [Product] Epoch 5/20 | Train - Loss: -24.6558, Cls: 0.3367, GRQO: -24.9925, Acc: 0.9307 | Val - Loss: -23.6191, Cls: 1.2499, GRQO: -24.8690, Acc: 0.6862
2025-11-22 12:33:52,148 | INFO | [Product] Epoch 6/20 | Train - Loss: -24.7039, Cls: 0.2823, GRQO: -24.9862, Acc: 0.9397 | Val - Loss: -23.4616, Cls: 1.2532, GRQO: -24.7148, Acc: 0.6981
2025-11-22 12:33:52,215 | INFO | [Product] New best val acc: 0.6981
2025-11-22 12:35:14,864 | INFO | [Product] Epoch 7/20 | Train - Loss: -24.7824, Cls: 0.1713, GRQO: -24.9537, Acc: 0.9672 | Val - Loss: -23.2350, Cls: 1.2144, GRQO: -24.4494, Acc: 0.7011
2025-11-22 12:35:14,930 | INFO | [Product] New best val acc: 0.7011
2025-11-22 12:36:38,382 | INFO | [Product] Epoch 8/20 | Train - Loss: -24.7776, Cls: 0.1129, GRQO: -24.8904, Acc: 0.9786 | Val - Loss: -23.0100, Cls: 1.2166, GRQO: -24.2266, Acc: 0.7044
2025-11-22 12:36:38,446 | INFO | [Product] New best val acc: 0.7044
2025-11-22 12:38:01,804 | INFO | [Product] Epoch 9/20 | Train - Loss: -24.6948, Cls: 0.0760, GRQO: -24.7708, Acc: 0.9844 | Val - Loss: -22.6511, Cls: 1.2589, GRQO: -23.9100, Acc: 0.6995
2025-11-22 12:39:24,944 | INFO | [Product] Epoch 10/20 | Train - Loss: -24.5886, Cls: 0.0612, GRQO: -24.6498, Acc: 0.9864 | Val - Loss: -22.3655, Cls: 1.2487, GRQO: -23.6142, Acc: 0.7033
2025-11-22 12:40:47,809 | INFO | [Product] Epoch 11/20 | Train - Loss: -24.3811, Cls: 0.0503, GRQO: -24.4314, Acc: 0.9877 | Val - Loss: -22.0543, Cls: 1.2615, GRQO: -23.3158, Acc: 0.7078
2025-11-22 12:40:47,877 | INFO | [Product] New best val acc: 0.7078
2025-11-22 12:42:10,124 | INFO | [Product] Epoch 12/20 | Train - Loss: -24.2990, Cls: 0.0467, GRQO: -24.3457, Acc: 0.9883 | Val - Loss: -21.9331, Cls: 1.2758, GRQO: -23.2090, Acc: 0.7051
2025-11-22 12:43:33,572 | INFO | [Product] Epoch 13/20 | Train - Loss: -24.0609, Cls: 0.0494, GRQO: -24.1103, Acc: 0.9873 | Val - Loss: -21.6315, Cls: 1.2827, GRQO: -22.9142, Acc: 0.7085
2025-11-22 12:43:33,640 | INFO | [Product] New best val acc: 0.7085
2025-11-22 12:44:56,638 | INFO | [Product] Epoch 14/20 | Train - Loss: -23.8744, Cls: 0.0441, GRQO: -23.9185, Acc: 0.9882 | Val - Loss: -21.2299, Cls: 1.3046, GRQO: -22.5345, Acc: 0.7080
2025-11-22 12:46:19,534 | INFO | [Product] Epoch 15/20 | Train - Loss: -23.4770, Cls: 0.0395, GRQO: -23.5165, Acc: 0.9883 | Val - Loss: -21.0178, Cls: 1.3427, GRQO: -22.3605, Acc: 0.7026
2025-11-22 12:47:42,499 | INFO | [Product] Epoch 16/20 | Train - Loss: -23.5259, Cls: 0.0412, GRQO: -23.5672, Acc: 0.9880 | Val - Loss: -20.7796, Cls: 1.3380, GRQO: -22.1176, Acc: 0.7051
2025-11-22 12:49:05,347 | INFO | [Product] Epoch 17/20 | Train - Loss: -23.2380, Cls: 0.0390, GRQO: -23.2770, Acc: 0.9891 | Val - Loss: -20.6472, Cls: 1.3630, GRQO: -22.0102, Acc: 0.6993
2025-11-22 12:50:28,829 | INFO | [Product] Epoch 18/20 | Train - Loss: -22.7887, Cls: 0.0348, GRQO: -22.8235, Acc: 0.9891 | Val - Loss: -20.4179, Cls: 1.3511, GRQO: -21.7690, Acc: 0.7029
2025-11-22 12:51:52,031 | INFO | [Product] Epoch 19/20 | Train - Loss: -22.6849, Cls: 0.0369, GRQO: -22.7218, Acc: 0.9883 | Val - Loss: -20.2710, Cls: 1.3719, GRQO: -21.6429, Acc: 0.7015
2025-11-22 12:53:15,695 | INFO | [Product] Epoch 20/20 | Train - Loss: -22.6184, Cls: 0.0402, GRQO: -22.6586, Acc: 0.9878 | Val - Loss: -20.0865, Cls: 1.3993, GRQO: -21.4858, Acc: 0.7024
2025-11-22 12:53:15,695 | INFO | [Product] Best Acc: 0.7085
2025-11-22 12:53:15,695 | INFO | ------------------------------------------------------------
2025-11-22 12:53:15,796 | INFO | === LODO: Leaving out domain 'Real World' ===
2025-11-22 12:54:39,451 | INFO | [Real World] Epoch 1/20 | Train - Loss: -17.8791, Cls: 2.7204, GRQO: -20.5994, Acc: 0.3895 | Val - Loss: -23.5167, Cls: 1.4494, GRQO: -24.9661, Acc: 0.6263
2025-11-22 12:54:39,523 | INFO | [Real World] New best val acc: 0.6263
2025-11-22 12:56:02,958 | INFO | [Real World] Epoch 2/20 | Train - Loss: -23.7376, Cls: 1.2363, GRQO: -24.9739, Acc: 0.7130 | Val - Loss: -23.8054, Cls: 1.1818, GRQO: -24.9872, Acc: 0.6798
2025-11-22 12:56:03,042 | INFO | [Real World] New best val acc: 0.6798
2025-11-22 12:57:26,004 | INFO | [Real World] Epoch 3/20 | Train - Loss: -24.2315, Cls: 0.7574, GRQO: -24.9889, Acc: 0.8281 | Val - Loss: -23.9129, Cls: 1.0590, GRQO: -24.9719, Acc: 0.7092
2025-11-22 12:57:26,057 | INFO | [Real World] New best val acc: 0.7092
2025-11-22 12:58:48,523 | INFO | [Real World] Epoch 4/20 | Train - Loss: -24.5272, Cls: 0.4671, GRQO: -24.9943, Acc: 0.8989 | Val - Loss: -23.8144, Cls: 1.0505, GRQO: -24.8649, Acc: 0.7106
2025-11-22 12:58:48,608 | INFO | [Real World] New best val acc: 0.7106
2025-11-22 13:00:11,422 | INFO | [Real World] Epoch 5/20 | Train - Loss: -24.7245, Cls: 0.2706, GRQO: -24.9951, Acc: 0.9500 | Val - Loss: -23.7169, Cls: 1.0406, GRQO: -24.7576, Acc: 0.7253
2025-11-22 13:00:11,486 | INFO | [Real World] New best val acc: 0.7253
2025-11-22 13:01:34,550 | INFO | [Real World] Epoch 6/20 | Train - Loss: -24.8346, Cls: 0.1542, GRQO: -24.9888, Acc: 0.9746 | Val - Loss: -23.4151, Cls: 1.0663, GRQO: -24.4814, Acc: 0.7283
2025-11-22 13:01:34,633 | INFO | [Real World] New best val acc: 0.7283
2025-11-22 13:02:58,221 | INFO | [Real World] Epoch 7/20 | Train - Loss: -24.8528, Cls: 0.1124, GRQO: -24.9653, Acc: 0.9806 | Val - Loss: -23.1541, Cls: 1.1031, GRQO: -24.2572, Acc: 0.7170
2025-11-22 13:04:21,460 | INFO | [Real World] Epoch 8/20 | Train - Loss: -24.8085, Cls: 0.1115, GRQO: -24.9200, Acc: 0.9809 | Val - Loss: -22.8743, Cls: 1.1244, GRQO: -23.9987, Acc: 0.7200
2025-11-22 13:05:45,695 | INFO | [Real World] Epoch 9/20 | Train - Loss: -24.7287, Cls: 0.0770, GRQO: -24.8057, Acc: 0.9858 | Val - Loss: -22.4491, Cls: 1.1279, GRQO: -23.5770, Acc: 0.7202
2025-11-22 13:07:09,476 | INFO | [Real World] Epoch 10/20 | Train - Loss: -24.5736, Cls: 0.0566, GRQO: -24.6302, Acc: 0.9882 | Val - Loss: -22.1966, Cls: 1.1357, GRQO: -23.3323, Acc: 0.7175
2025-11-22 13:08:33,575 | INFO | [Real World] Epoch 11/20 | Train - Loss: -24.3799, Cls: 0.0497, GRQO: -24.4297, Acc: 0.9887 | Val - Loss: -21.8545, Cls: 1.1300, GRQO: -22.9845, Acc: 0.7289
2025-11-22 13:08:33,645 | INFO | [Real World] New best val acc: 0.7289
2025-11-22 13:09:57,990 | INFO | [Real World] Epoch 12/20 | Train - Loss: -24.1834, Cls: 0.0406, GRQO: -24.2241, Acc: 0.9901 | Val - Loss: -21.5368, Cls: 1.1378, GRQO: -22.6746, Acc: 0.7276
2025-11-22 13:11:21,145 | INFO | [Real World] Epoch 13/20 | Train - Loss: -23.9585, Cls: 0.0406, GRQO: -23.9990, Acc: 0.9896 | Val - Loss: -21.3043, Cls: 1.1494, GRQO: -22.4537, Acc: 0.7264
2025-11-22 13:12:44,011 | INFO | [Real World] Epoch 14/20 | Train - Loss: -23.6795, Cls: 0.0359, GRQO: -23.7154, Acc: 0.9902 | Val - Loss: -21.0275, Cls: 1.1842, GRQO: -22.2117, Acc: 0.7257
2025-11-22 13:14:07,019 | INFO | [Real World] Epoch 15/20 | Train - Loss: -23.3855, Cls: 0.0353, GRQO: -23.4209, Acc: 0.9891 | Val - Loss: -20.8568, Cls: 1.1707, GRQO: -22.0274, Acc: 0.7211
2025-11-22 13:15:29,469 | INFO | [Real World] Epoch 16/20 | Train - Loss: -23.1932, Cls: 0.0345, GRQO: -23.2277, Acc: 0.9892 | Val - Loss: -20.6847, Cls: 1.1949, GRQO: -21.8796, Acc: 0.7241
2025-11-22 13:16:52,650 | INFO | [Real World] Epoch 17/20 | Train - Loss: -22.8668, Cls: 0.0307, GRQO: -22.8975, Acc: 0.9905 | Val - Loss: -20.4301, Cls: 1.2041, GRQO: -21.6342, Acc: 0.7218
2025-11-22 13:18:16,097 | INFO | [Real World] Epoch 18/20 | Train - Loss: -22.4921, Cls: 0.0283, GRQO: -22.5204, Acc: 0.9904 | Val - Loss: -20.2908, Cls: 1.2244, GRQO: -21.5152, Acc: 0.7250
2025-11-22 13:19:39,782 | INFO | [Real World] Epoch 19/20 | Train - Loss: -22.3104, Cls: 0.0276, GRQO: -22.3380, Acc: 0.9903 | Val - Loss: -20.2164, Cls: 1.1699, GRQO: -21.3863, Acc: 0.7301
2025-11-22 13:19:39,846 | INFO | [Real World] New best val acc: 0.7301
2025-11-22 13:21:04,168 | INFO | [Real World] Epoch 20/20 | Train - Loss: -21.9802, Cls: 0.0273, GRQO: -22.0075, Acc: 0.9905 | Val - Loss: -19.9272, Cls: 1.1897, GRQO: -21.1169, Acc: 0.7345
2025-11-22 13:21:04,249 | INFO | [Real World] New best val acc: 0.7345
2025-11-22 13:21:04,249 | INFO | [Real World] Best Acc: 0.7345
2025-11-22 13:21:04,250 | INFO | ------------------------------------------------------------
2025-11-22 13:21:04,251 | INFO | LODO finished | Mean Acc: 0.6273 | Summary saved to d:\Haseeb\SPROJ\GRQO\Vit-GRQO\resnet18_experiments\OfficeHome\logs\lodo_summary_20251122_132104.json
