2025-11-22 07:56:03,235 | INFO | Initialized experiment directories for OfficeHome
2025-11-22 07:56:03,236 | INFO | Logs: d:\Haseeb\SPROJ\GRQO\Vit-GRQO\resnet18_experiments\OfficeHome\logs
2025-11-22 07:56:03,237 | INFO | Checkpoints: d:\Haseeb\SPROJ\GRQO\Vit-GRQO\resnet18_experiments\OfficeHome\checkpoints
2025-11-22 07:56:03,238 | INFO | Plots: d:\Haseeb\SPROJ\GRQO\Vit-GRQO\resnet18_experiments\OfficeHome\plots
2025-11-22 07:56:03,546 | INFO | === LODO: Leaving out domain 'Art' ===
2025-11-22 07:57:27,883 | INFO | [Art] Epoch 1/5 | Train - Loss: 2.4309, Cls: 2.4278, GRQO: 0.0032, Acc: 0.4686 | Val - Loss: 1.9787, Cls: 1.9807, GRQO: -0.0021, Acc: 0.5229
2025-11-22 07:57:27,953 | INFO | [Art] New best val acc: 0.5229
2025-11-22 07:58:52,515 | INFO | [Art] Epoch 2/5 | Train - Loss: 0.7368, Cls: 0.7393, GRQO: -0.0025, Acc: 0.8253 | Val - Loss: 1.7731, Cls: 1.7797, GRQO: -0.0066, Acc: 0.5517
2025-11-22 07:58:52,583 | INFO | [Art] New best val acc: 0.5517
2025-11-22 08:00:17,432 | INFO | [Art] Epoch 3/5 | Train - Loss: 0.2787, Cls: 0.2833, GRQO: -0.0046, Acc: 0.9383 | Val - Loss: 1.8429, Cls: 1.8527, GRQO: -0.0098, Acc: 0.5476
2025-11-22 08:01:42,679 | INFO | [Art] Epoch 4/5 | Train - Loss: 0.1156, Cls: 0.1212, GRQO: -0.0055, Acc: 0.9769 | Val - Loss: 1.8154, Cls: 1.8279, GRQO: -0.0125, Acc: 0.5694
2025-11-22 08:01:42,767 | INFO | [Art] New best val acc: 0.5694
2025-11-22 08:03:10,812 | INFO | [Art] Epoch 5/5 | Train - Loss: 0.0613, Cls: 0.0671, GRQO: -0.0058, Acc: 0.9867 | Val - Loss: 1.8789, Cls: 1.8939, GRQO: -0.0150, Acc: 0.5703
2025-11-22 08:03:10,877 | INFO | [Art] New best val acc: 0.5703
2025-11-22 08:03:10,877 | INFO | [Art] Best Acc: 0.5703
2025-11-22 08:03:10,877 | INFO | ------------------------------------------------------------
2025-11-22 08:03:11,002 | INFO | === LODO: Leaving out domain 'Clipart' ===
2025-11-22 08:04:37,009 | INFO | [Clipart] Epoch 1/5 | Train - Loss: 2.4936, Cls: 2.4904, GRQO: 0.0032, Acc: 0.4737 | Val - Loss: 2.3855, Cls: 2.3875, GRQO: -0.0020, Acc: 0.4170
2025-11-22 08:04:37,081 | INFO | [Clipart] New best val acc: 0.4170
2025-11-22 08:06:01,233 | INFO | [Clipart] Epoch 2/5 | Train - Loss: 0.7697, Cls: 0.7719, GRQO: -0.0022, Acc: 0.8263 | Val - Loss: 2.2759, Cls: 2.2801, GRQO: -0.0042, Acc: 0.4648
2025-11-22 08:06:01,292 | INFO | [Clipart] New best val acc: 0.4648
2025-11-22 08:07:25,250 | INFO | [Clipart] Epoch 3/5 | Train - Loss: 0.2797, Cls: 0.2843, GRQO: -0.0046, Acc: 0.9426 | Val - Loss: 2.3532, Cls: 2.3597, GRQO: -0.0065, Acc: 0.4607
2025-11-22 08:08:47,520 | INFO | [Clipart] Epoch 4/5 | Train - Loss: 0.0985, Cls: 0.1055, GRQO: -0.0070, Acc: 0.9841 | Val - Loss: 2.3355, Cls: 2.3466, GRQO: -0.0111, Acc: 0.4708
2025-11-22 08:08:47,588 | INFO | [Clipart] New best val acc: 0.4708
2025-11-22 08:10:09,104 | INFO | [Clipart] Epoch 5/5 | Train - Loss: 0.0392, Cls: 0.0491, GRQO: -0.0099, Acc: 0.9941 | Val - Loss: 2.4084, Cls: 2.4249, GRQO: -0.0165, Acc: 0.4639
2025-11-22 08:10:09,104 | INFO | [Clipart] Best Acc: 0.4708
2025-11-22 08:10:09,104 | INFO | ------------------------------------------------------------
2025-11-22 08:10:09,204 | INFO | === LODO: Leaving out domain 'Product' ===
2025-11-22 08:11:30,497 | INFO | [Product] Epoch 1/5 | Train - Loss: 2.7915, Cls: 2.7882, GRQO: 0.0034, Acc: 0.3698 | Val - Loss: 1.6565, Cls: 1.6585, GRQO: -0.0020, Acc: 0.5796
2025-11-22 08:11:30,552 | INFO | [Product] New best val acc: 0.5796
2025-11-22 08:12:53,149 | INFO | [Product] Epoch 2/5 | Train - Loss: 1.0183, Cls: 1.0197, GRQO: -0.0014, Acc: 0.7582 | Val - Loss: 1.1801, Cls: 1.1849, GRQO: -0.0048, Acc: 0.7011
2025-11-22 08:12:53,215 | INFO | [Product] New best val acc: 0.7011
2025-11-22 08:14:16,913 | INFO | [Product] Epoch 3/5 | Train - Loss: 0.4152, Cls: 0.4186, GRQO: -0.0034, Acc: 0.9082 | Val - Loss: 1.1258, Cls: 1.1331, GRQO: -0.0074, Acc: 0.7076
2025-11-22 08:14:16,977 | INFO | [Product] New best val acc: 0.7076
2025-11-22 08:15:40,879 | INFO | [Product] Epoch 4/5 | Train - Loss: 0.1715, Cls: 0.1763, GRQO: -0.0048, Acc: 0.9670 | Val - Loss: 1.1187, Cls: 1.1282, GRQO: -0.0095, Acc: 0.7137
2025-11-22 08:15:40,947 | INFO | [Product] New best val acc: 0.7137
2025-11-22 08:17:03,828 | INFO | [Product] Epoch 5/5 | Train - Loss: 0.0825, Cls: 0.0886, GRQO: -0.0061, Acc: 0.9839 | Val - Loss: 1.1431, Cls: 1.1548, GRQO: -0.0117, Acc: 0.7098
2025-11-22 08:17:03,828 | INFO | [Product] Best Acc: 0.7137
2025-11-22 08:17:03,828 | INFO | ------------------------------------------------------------
2025-11-22 08:17:03,950 | INFO | === LODO: Leaving out domain 'Real World' ===
2025-11-22 08:18:28,320 | INFO | [Real World] Epoch 1/5 | Train - Loss: 2.7578, Cls: 2.7541, GRQO: 0.0037, Acc: 0.3914 | Val - Loss: 1.5128, Cls: 1.5146, GRQO: -0.0018, Acc: 0.6337
2025-11-22 08:18:28,395 | INFO | [Real World] New best val acc: 0.6337
2025-11-22 08:19:53,395 | INFO | [Real World] Epoch 2/5 | Train - Loss: 0.9240, Cls: 0.9256, GRQO: -0.0016, Acc: 0.7928 | Val - Loss: 1.0682, Cls: 1.0731, GRQO: -0.0048, Acc: 0.7117
2025-11-22 08:19:53,479 | INFO | [Real World] New best val acc: 0.7117
2025-11-22 08:21:17,973 | INFO | [Real World] Epoch 3/5 | Train - Loss: 0.3539, Cls: 0.3571, GRQO: -0.0032, Acc: 0.9249 | Val - Loss: 1.0720, Cls: 1.0789, GRQO: -0.0069, Acc: 0.7182
2025-11-22 08:21:18,060 | INFO | [Real World] New best val acc: 0.7182
2025-11-22 08:22:42,216 | INFO | [Real World] Epoch 4/5 | Train - Loss: 0.1357, Cls: 0.1394, GRQO: -0.0037, Acc: 0.9756 | Val - Loss: 1.0424, Cls: 1.0508, GRQO: -0.0083, Acc: 0.7384
2025-11-22 08:22:42,274 | INFO | [Real World] New best val acc: 0.7384
2025-11-22 08:24:06,911 | INFO | [Real World] Epoch 5/5 | Train - Loss: 0.0689, Cls: 0.0725, GRQO: -0.0036, Acc: 0.9870 | Val - Loss: 1.0588, Cls: 1.0681, GRQO: -0.0093, Acc: 0.7315
2025-11-22 08:24:06,911 | INFO | [Real World] Best Acc: 0.7384
2025-11-22 08:24:06,911 | INFO | ------------------------------------------------------------
2025-11-22 08:24:06,911 | INFO | LODO finished | Mean Acc: 0.6233 | Summary saved to d:\Haseeb\SPROJ\GRQO\Vit-GRQO\resnet18_experiments\OfficeHome\logs\lodo_summary_20251122_082406.json
2025-11-22 08:24:06,923 | INFO | Initializing ResNet baseline: resnet18
2025-11-22 08:24:07,005 | INFO | === Baseline LODO: Leaving out domain 'Art' ===
2025-11-22 08:25:30,268 | INFO | [Art] Epoch 1/5 | Train - Loss: 2.2088, Acc: 0.5279 | Val Acc: 0.4911
2025-11-22 08:26:53,300 | INFO | [Art] Epoch 2/5 | Train - Loss: 0.8350, Acc: 0.8366 | Val Acc: 0.5311
2025-11-22 08:28:15,937 | INFO | [Art] Epoch 3/5 | Train - Loss: 0.4111, Acc: 0.9279 | Val Acc: 0.5649
2025-11-22 08:29:38,013 | INFO | [Art] Epoch 4/5 | Train - Loss: 0.1976, Acc: 0.9719 | Val Acc: 0.5703
2025-11-22 08:31:02,462 | INFO | [Art] Epoch 5/5 | Train - Loss: 0.1055, Acc: 0.9844 | Val Acc: 0.5756
2025-11-22 08:31:02,462 | INFO | [Art] Best Val Acc: 0.5756
2025-11-22 08:31:02,462 | INFO | ------------------------------------------------------------
2025-11-22 08:31:02,462 | INFO | Initializing ResNet baseline: resnet18
2025-11-22 08:31:02,545 | INFO | === Baseline LODO: Leaving out domain 'Clipart' ===
2025-11-22 08:32:27,310 | INFO | [Clipart] Epoch 1/5 | Train - Loss: 2.2724, Acc: 0.5215 | Val Acc: 0.3879
2025-11-22 08:33:51,125 | INFO | [Clipart] Epoch 2/5 | Train - Loss: 0.8661, Acc: 0.8289 | Val Acc: 0.4465
2025-11-22 08:35:14,140 | INFO | [Clipart] Epoch 3/5 | Train - Loss: 0.4270, Acc: 0.9305 | Val Acc: 0.4479
2025-11-22 08:36:36,039 | INFO | [Clipart] Epoch 4/5 | Train - Loss: 0.2005, Acc: 0.9769 | Val Acc: 0.4568
2025-11-22 08:37:56,987 | INFO | [Clipart] Epoch 5/5 | Train - Loss: 0.0939, Acc: 0.9920 | Val Acc: 0.4614
2025-11-22 08:37:56,987 | INFO | [Clipart] Best Val Acc: 0.4614
2025-11-22 08:37:56,987 | INFO | ------------------------------------------------------------
2025-11-22 08:37:56,987 | INFO | Initializing ResNet baseline: resnet18
2025-11-22 08:37:57,067 | INFO | === Baseline LODO: Leaving out domain 'Product' ===
2025-11-22 08:39:18,069 | INFO | [Product] Epoch 1/5 | Train - Loss: 2.5632, Acc: 0.4495 | Val Acc: 0.6193
2025-11-22 08:40:40,034 | INFO | [Product] Epoch 2/5 | Train - Loss: 1.1008, Acc: 0.7808 | Val Acc: 0.6884
2025-11-22 08:42:03,002 | INFO | [Product] Epoch 3/5 | Train - Loss: 0.5893, Acc: 0.8938 | Val Acc: 0.7236
2025-11-22 08:43:26,281 | INFO | [Product] Epoch 4/5 | Train - Loss: 0.3061, Acc: 0.9558 | Val Acc: 0.7258
2025-11-22 08:44:49,496 | INFO | [Product] Epoch 5/5 | Train - Loss: 0.1613, Acc: 0.9812 | Val Acc: 0.7312
2025-11-22 08:44:49,512 | INFO | [Product] Best Val Acc: 0.7312
2025-11-22 08:44:49,513 | INFO | ------------------------------------------------------------
2025-11-22 08:44:49,513 | INFO | Initializing ResNet baseline: resnet18
2025-11-22 08:44:49,595 | INFO | === Baseline LODO: Leaving out domain 'Real World' ===
2025-11-22 08:46:13,028 | INFO | [Real World] Epoch 1/5 | Train - Loss: 2.4765, Acc: 0.4764 | Val Acc: 0.6420
2025-11-22 08:47:34,412 | INFO | [Real World] Epoch 2/5 | Train - Loss: 1.0294, Acc: 0.8043 | Val Acc: 0.7221
2025-11-22 08:48:56,772 | INFO | [Real World] Epoch 3/5 | Train - Loss: 0.5273, Acc: 0.9107 | Val Acc: 0.7475
2025-11-22 08:50:20,473 | INFO | [Real World] Epoch 4/5 | Train - Loss: 0.2612, Acc: 0.9656 | Val Acc: 0.7475
2025-11-22 08:51:43,305 | INFO | [Real World] Epoch 5/5 | Train - Loss: 0.1323, Acc: 0.9843 | Val Acc: 0.7482
2025-11-22 08:51:43,305 | INFO | [Real World] Best Val Acc: 0.7482
2025-11-22 08:51:43,305 | INFO | ------------------------------------------------------------
2025-11-22 08:51:43,305 | INFO | Baseline LODO (resnet18) finished | Mean Acc: 0.6291
