2025-11-24 06:10:44,182 | INFO | Initialized experiment directories for OfficeHome
2025-11-24 06:10:44,182 | INFO | Logs: d:\Haseeb\SPROJ\GRQO\Vit-GRQO\resnet18_experiments\OfficeHome\logs
2025-11-24 06:10:44,183 | INFO | Checkpoints: d:\Haseeb\SPROJ\GRQO\Vit-GRQO\resnet18_experiments\OfficeHome\checkpoints
2025-11-24 06:10:44,183 | INFO | Plots: d:\Haseeb\SPROJ\GRQO\Vit-GRQO\resnet18_experiments\OfficeHome\plots
2025-11-24 06:10:44,466 | INFO | === LODO: Leaving out domain 'Art' ===
2025-11-24 06:12:09,721 | INFO | [Art] Epoch 1/20 | Train - Loss: 2.2383, Cls: 2.2254, GRQO: 0.1297, Acc: 0.5169 | Val - Loss: 1.9374, Cls: 1.9107, GRQO: 0.2667, Acc: 0.5282
2025-11-24 06:12:09,787 | INFO | [Art] New best val acc: 0.5282
2025-11-24 06:13:34,955 | INFO | [Art] Epoch 2/20 | Train - Loss: 0.6357, Cls: 0.6419, GRQO: -0.0621, Acc: 0.8429 | Val - Loss: 1.8256, Cls: 1.8612, GRQO: -0.3562, Acc: 0.5418
2025-11-24 06:13:35,028 | INFO | [Art] New best val acc: 0.5418
2025-11-24 06:15:01,572 | INFO | [Art] Epoch 3/20 | Train - Loss: -0.0467, Cls: 0.2723, GRQO: -3.1905, Acc: 0.9355 | Val - Loss: -0.2773, Cls: 2.0423, GRQO: -23.1955, Acc: 0.5344
2025-11-24 06:16:29,213 | INFO | [Art] Epoch 4/20 | Train - Loss: -2.2383, Cls: 0.1497, GRQO: -23.8800, Acc: 0.9686 | Val - Loss: -0.4358, Cls: 2.0324, GRQO: -24.6816, Acc: 0.5591
2025-11-24 06:16:29,283 | INFO | [Art] New best val acc: 0.5591
2025-11-24 06:17:56,960 | INFO | [Art] Epoch 5/20 | Train - Loss: -2.3892, Cls: 0.0777, GRQO: -24.6685, Acc: 0.9849 | Val - Loss: -0.4973, Cls: 1.9679, GRQO: -24.6517, Acc: 0.5608
2025-11-24 06:17:57,025 | INFO | [Art] New best val acc: 0.5608
2025-11-24 06:19:24,603 | INFO | [Art] Epoch 6/20 | Train - Loss: -2.3854, Cls: 0.0550, GRQO: -24.4038, Acc: 0.9882 | Val - Loss: -0.4152, Cls: 2.0070, GRQO: -24.2219, Acc: 0.5670
2025-11-24 06:19:24,670 | INFO | [Art] New best val acc: 0.5670
2025-11-24 06:20:53,018 | INFO | [Art] Epoch 7/20 | Train - Loss: -2.3556, Cls: 0.0485, GRQO: -24.0411, Acc: 0.9875 | Val - Loss: -0.3688, Cls: 2.0452, GRQO: -24.1405, Acc: 0.5641
2025-11-24 06:22:20,199 | INFO | [Art] Epoch 8/20 | Train - Loss: -2.3171, Cls: 0.0391, GRQO: -23.5623, Acc: 0.9891 | Val - Loss: -0.2930, Cls: 2.1049, GRQO: -23.9792, Acc: 0.5542
2025-11-24 06:23:46,413 | INFO | [Art] Epoch 9/20 | Train - Loss: -2.2798, Cls: 0.0335, GRQO: -23.1330, Acc: 0.9897 | Val - Loss: -0.2503, Cls: 2.1221, GRQO: -23.7234, Acc: 0.5562
2025-11-24 06:25:11,312 | INFO | [Art] Epoch 10/20 | Train - Loss: -2.2347, Cls: 0.0344, GRQO: -22.6907, Acc: 0.9894 | Val - Loss: -0.2581, Cls: 2.1179, GRQO: -23.7598, Acc: 0.5616
2025-11-24 06:26:36,329 | INFO | [Art] Epoch 11/20 | Train - Loss: -2.2067, Cls: 0.0335, GRQO: -22.4025, Acc: 0.9898 | Val - Loss: -0.2014, Cls: 2.1645, GRQO: -23.6591, Acc: 0.5525
2025-11-24 06:28:03,203 | INFO | [Art] Epoch 12/20 | Train - Loss: -2.1630, Cls: 0.0302, GRQO: -21.9317, Acc: 0.9900 | Val - Loss: -0.2805, Cls: 2.0677, GRQO: -23.4819, Acc: 0.5748
2025-11-24 06:28:03,269 | INFO | [Art] New best val acc: 0.5748
2025-11-24 06:29:31,123 | INFO | [Art] Epoch 13/20 | Train - Loss: -2.1063, Cls: 0.0275, GRQO: -21.3381, Acc: 0.9902 | Val - Loss: -0.1839, Cls: 2.1495, GRQO: -23.3340, Acc: 0.5600
2025-11-24 06:30:58,505 | INFO | [Art] Epoch 14/20 | Train - Loss: -2.1109, Cls: 0.0311, GRQO: -21.4202, Acc: 0.9900 | Val - Loss: -0.1358, Cls: 2.2131, GRQO: -23.4889, Acc: 0.5451
2025-11-24 06:32:25,043 | INFO | [Art] Epoch 15/20 | Train - Loss: -2.0706, Cls: 0.0294, GRQO: -21.0003, Acc: 0.9903 | Val - Loss: 0.0167, Cls: 2.3196, GRQO: -23.0286, Acc: 0.5517
2025-11-24 06:33:51,802 | INFO | [Art] Epoch 16/20 | Train - Loss: -2.0305, Cls: 0.0348, GRQO: -20.6522, Acc: 0.9881 | Val - Loss: 0.1623, Cls: 2.4972, GRQO: -23.3499, Acc: 0.5023
2025-11-24 06:35:17,450 | INFO | [Art] Epoch 17/20 | Train - Loss: -2.1028, Cls: 0.1914, GRQO: -22.9415, Acc: 0.9451 | Val - Loss: 0.6008, Cls: 3.0301, GRQO: -24.2931, Acc: 0.4207
2025-11-24 06:36:46,168 | INFO | [Art] Epoch 18/20 | Train - Loss: -2.1355, Cls: 0.1846, GRQO: -23.2013, Acc: 0.9457 | Val - Loss: 0.4376, Cls: 2.8236, GRQO: -23.8607, Acc: 0.4602
2025-11-24 06:38:13,747 | INFO | [Art] Epoch 19/20 | Train - Loss: -2.1144, Cls: 0.0906, GRQO: -22.0491, Acc: 0.9730 | Val - Loss: 0.3113, Cls: 2.6498, GRQO: -23.3852, Acc: 0.5101
2025-11-24 06:39:40,228 | INFO | [Art] Epoch 20/20 | Train - Loss: -1.9740, Cls: 0.0415, GRQO: -20.1544, Acc: 0.9866 | Val - Loss: 0.2366, Cls: 2.5286, GRQO: -22.9195, Acc: 0.5208
2025-11-24 06:39:40,228 | INFO | [Art] Best Acc: 0.5748
2025-11-24 06:39:40,228 | INFO | ------------------------------------------------------------
2025-11-24 06:39:40,348 | INFO | === LODO: Leaving out domain 'Clipart' ===
2025-11-24 06:41:05,827 | INFO | [Clipart] Epoch 1/20 | Train - Loss: 2.3369, Cls: 2.3282, GRQO: 0.0863, Acc: 0.4985 | Val - Loss: 2.3221, Cls: 2.2969, GRQO: 0.2525, Acc: 0.4408
2025-11-24 06:41:05,894 | INFO | [Clipart] New best val acc: 0.4408
2025-11-24 06:42:29,708 | INFO | [Clipart] Epoch 2/20 | Train - Loss: 0.6799, Cls: 0.6780, GRQO: 0.0187, Acc: 0.8400 | Val - Loss: 2.2721, Cls: 2.2778, GRQO: -0.0566, Acc: 0.4586
2025-11-24 06:42:29,777 | INFO | [Clipart] New best val acc: 0.4586
2025-11-24 06:43:53,973 | INFO | [Clipart] Epoch 3/20 | Train - Loss: 0.2346, Cls: 0.2567, GRQO: -0.2202, Acc: 0.9463 | Val - Loss: 2.2800, Cls: 2.3773, GRQO: -0.9725, Acc: 0.4667
2025-11-24 06:43:54,044 | INFO | [Clipart] New best val acc: 0.4667
2025-11-24 06:45:18,238 | INFO | [Clipart] Epoch 4/20 | Train - Loss: -0.1257, Cls: 0.1111, GRQO: -2.3680, Acc: 0.9814 | Val - Loss: 0.2799, Cls: 2.4927, GRQO: -22.1283, Acc: 0.4577
2025-11-24 06:46:40,772 | INFO | [Clipart] Epoch 5/20 | Train - Loss: -2.2854, Cls: 0.0616, GRQO: -23.4707, Acc: 0.9899 | Val - Loss: 0.1004, Cls: 2.5739, GRQO: -24.7351, Acc: 0.4660
2025-11-24 06:48:04,614 | INFO | [Clipart] Epoch 6/20 | Train - Loss: -2.4040, Cls: 0.0488, GRQO: -24.5280, Acc: 0.9905 | Val - Loss: 0.1432, Cls: 2.6140, GRQO: -24.7087, Acc: 0.4733
2025-11-24 06:48:04,683 | INFO | [Clipart] New best val acc: 0.4733
2025-11-24 06:49:29,567 | INFO | [Clipart] Epoch 7/20 | Train - Loss: -2.3826, Cls: 0.0334, GRQO: -24.1593, Acc: 0.9936 | Val - Loss: 0.2128, Cls: 2.6694, GRQO: -24.5661, Acc: 0.4664
2025-11-24 06:50:52,849 | INFO | [Clipart] Epoch 8/20 | Train - Loss: -2.3406, Cls: 0.0230, GRQO: -23.6355, Acc: 0.9948 | Val - Loss: 0.2268, Cls: 2.6720, GRQO: -24.4514, Acc: 0.4690
2025-11-24 06:52:17,014 | INFO | [Clipart] Epoch 9/20 | Train - Loss: -2.2901, Cls: 0.0194, GRQO: -23.0955, Acc: 0.9952 | Val - Loss: 0.2685, Cls: 2.7021, GRQO: -24.3359, Acc: 0.4635
2025-11-24 06:53:41,705 | INFO | [Clipart] Epoch 10/20 | Train - Loss: -2.2388, Cls: 0.0184, GRQO: -22.5722, Acc: 0.9949 | Val - Loss: 0.3216, Cls: 2.7429, GRQO: -24.2124, Acc: 0.4708
2025-11-24 06:55:06,044 | INFO | [Clipart] Epoch 11/20 | Train - Loss: -2.1907, Cls: 0.0160, GRQO: -22.0667, Acc: 0.9953 | Val - Loss: 0.3345, Cls: 2.7493, GRQO: -24.1477, Acc: 0.4742
2025-11-24 06:55:06,114 | INFO | [Clipart] New best val acc: 0.4742
2025-11-24 06:56:30,159 | INFO | [Clipart] Epoch 12/20 | Train - Loss: -2.1482, Cls: 0.0137, GRQO: -21.6193, Acc: 0.9957 | Val - Loss: 0.4035, Cls: 2.7956, GRQO: -23.9212, Acc: 0.4745
2025-11-24 06:56:30,228 | INFO | [Clipart] New best val acc: 0.4745
2025-11-24 06:57:53,641 | INFO | [Clipart] Epoch 13/20 | Train - Loss: -2.0884, Cls: 0.0126, GRQO: -21.0104, Acc: 0.9960 | Val - Loss: 0.4356, Cls: 2.8204, GRQO: -23.8477, Acc: 0.4733
2025-11-24 06:59:17,589 | INFO | [Clipart] Epoch 14/20 | Train - Loss: -2.0298, Cls: 0.0132, GRQO: -20.4303, Acc: 0.9960 | Val - Loss: 0.4696, Cls: 2.8534, GRQO: -23.8373, Acc: 0.4669
2025-11-24 07:00:41,604 | INFO | [Clipart] Epoch 15/20 | Train - Loss: -2.0343, Cls: 0.0161, GRQO: -20.5042, Acc: 0.9947 | Val - Loss: 0.5591, Cls: 2.9664, GRQO: -24.0734, Acc: 0.4479
2025-11-24 07:02:05,721 | INFO | [Clipart] Epoch 16/20 | Train - Loss: -2.1190, Cls: 0.0317, GRQO: -21.5072, Acc: 0.9920 | Val - Loss: 0.6703, Cls: 3.0719, GRQO: -24.0158, Acc: 0.4378
2025-11-24 07:03:29,228 | INFO | [Clipart] Epoch 17/20 | Train - Loss: -2.1535, Cls: 0.1090, GRQO: -22.6253, Acc: 0.9713 | Val - Loss: 0.5664, Cls: 3.0169, GRQO: -24.5053, Acc: 0.4318
2025-11-24 07:04:52,818 | INFO | [Clipart] Epoch 18/20 | Train - Loss: -2.1303, Cls: 0.1597, GRQO: -22.8993, Acc: 0.9557 | Val - Loss: 0.7553, Cls: 3.1833, GRQO: -24.2802, Acc: 0.4172
2025-11-24 07:06:17,091 | INFO | [Clipart] Epoch 19/20 | Train - Loss: -2.0611, Cls: 0.0607, GRQO: -21.2181, Acc: 0.9833 | Val - Loss: 0.6572, Cls: 3.0486, GRQO: -23.9133, Acc: 0.4412
2025-11-24 07:07:42,702 | INFO | [Clipart] Epoch 20/20 | Train - Loss: -1.8922, Cls: 0.0216, GRQO: -19.1374, Acc: 0.9943 | Val - Loss: 0.7312, Cls: 3.0747, GRQO: -23.4344, Acc: 0.4557
2025-11-24 07:07:42,702 | INFO | [Clipart] Best Acc: 0.4745
2025-11-24 07:07:42,702 | INFO | ------------------------------------------------------------
2025-11-24 07:07:42,818 | INFO | === LODO: Leaving out domain 'Product' ===
2025-11-24 07:09:06,577 | INFO | [Product] Epoch 1/20 | Train - Loss: 2.5911, Cls: 2.5867, GRQO: 0.0439, Acc: 0.4091 | Val - Loss: 1.5438, Cls: 1.5365, GRQO: 0.0722, Acc: 0.6125
2025-11-24 07:09:06,640 | INFO | [Product] New best val acc: 0.6125
2025-11-24 07:10:31,376 | INFO | [Product] Epoch 2/20 | Train - Loss: 0.8670, Cls: 0.8633, GRQO: 0.0373, Acc: 0.7933 | Val - Loss: 1.1849, Cls: 1.1876, GRQO: -0.0264, Acc: 0.6900
2025-11-24 07:10:31,448 | INFO | [Product] New best val acc: 0.6900
2025-11-24 07:11:56,491 | INFO | [Product] Epoch 3/20 | Train - Loss: 0.3390, Cls: 0.3466, GRQO: -0.0760, Acc: 0.9219 | Val - Loss: 1.1902, Cls: 1.2039, GRQO: -0.1374, Acc: 0.6896
2025-11-24 07:13:21,839 | INFO | [Product] Epoch 4/20 | Train - Loss: 0.1380, Cls: 0.1583, GRQO: -0.2024, Acc: 0.9690 | Val - Loss: 1.1475, Cls: 1.1796, GRQO: -0.3213, Acc: 0.7022
2025-11-24 07:13:21,912 | INFO | [Product] New best val acc: 0.7022
2025-11-24 07:14:46,745 | INFO | [Product] Epoch 5/20 | Train - Loss: 0.0696, Cls: 0.1124, GRQO: -0.4285, Acc: 0.9779 | Val - Loss: 1.1307, Cls: 1.2293, GRQO: -0.9857, Acc: 0.7074
2025-11-24 07:14:46,810 | INFO | [Product] New best val acc: 0.7074
2025-11-24 07:16:10,663 | INFO | [Product] Epoch 6/20 | Train - Loss: -0.4217, Cls: 0.0760, GRQO: -4.9769, Acc: 0.9835 | Val - Loss: -1.0634, Cls: 1.2518, GRQO: -23.1525, Acc: 0.7040
2025-11-24 07:17:34,038 | INFO | [Product] Epoch 7/20 | Train - Loss: -2.3301, Cls: 0.0608, GRQO: -23.9090, Acc: 0.9856 | Val - Loss: -1.0480, Cls: 1.3302, GRQO: -23.7818, Acc: 0.6984
2025-11-24 07:18:58,829 | INFO | [Product] Epoch 8/20 | Train - Loss: -2.3547, Cls: 0.0514, GRQO: -24.0612, Acc: 0.9856 | Val - Loss: -1.1004, Cls: 1.2506, GRQO: -23.5105, Acc: 0.7173
2025-11-24 07:18:58,886 | INFO | [Product] New best val acc: 0.7173
2025-11-24 07:20:22,539 | INFO | [Product] Epoch 9/20 | Train - Loss: -2.3314, Cls: 0.0402, GRQO: -23.7164, Acc: 0.9875 | Val - Loss: -1.0106, Cls: 1.3205, GRQO: -23.3112, Acc: 0.7051
2025-11-24 07:21:46,946 | INFO | [Product] Epoch 10/20 | Train - Loss: -2.2929, Cls: 0.0384, GRQO: -23.3124, Acc: 0.9883 | Val - Loss: -1.0094, Cls: 1.2847, GRQO: -22.9414, Acc: 0.7168
2025-11-24 07:23:10,528 | INFO | [Product] Epoch 11/20 | Train - Loss: -2.2594, Cls: 0.0324, GRQO: -22.9178, Acc: 0.9887 | Val - Loss: -0.9606, Cls: 1.3053, GRQO: -22.6588, Acc: 0.7148
2025-11-24 07:24:35,659 | INFO | [Product] Epoch 12/20 | Train - Loss: -2.2315, Cls: 0.0314, GRQO: -22.6290, Acc: 0.9881 | Val - Loss: -0.9198, Cls: 1.3360, GRQO: -22.5576, Acc: 0.7078
2025-11-24 07:25:59,841 | INFO | [Product] Epoch 13/20 | Train - Loss: -2.2375, Cls: 0.0456, GRQO: -22.8305, Acc: 0.9858 | Val - Loss: -0.7778, Cls: 1.4954, GRQO: -22.7313, Acc: 0.6848
2025-11-24 07:27:23,673 | INFO | [Product] Epoch 14/20 | Train - Loss: -2.2257, Cls: 0.0444, GRQO: -22.7015, Acc: 0.9869 | Val - Loss: -0.7805, Cls: 1.4668, GRQO: -22.4721, Acc: 0.6889
2025-11-24 07:28:47,238 | INFO | [Product] Epoch 15/20 | Train - Loss: -2.2314, Cls: 0.0630, GRQO: -22.9437, Acc: 0.9834 | Val - Loss: -0.6538, Cls: 1.6330, GRQO: -22.8682, Acc: 0.6648
2025-11-24 07:30:12,658 | INFO | [Product] Epoch 16/20 | Train - Loss: -2.2065, Cls: 0.1044, GRQO: -23.1091, Acc: 0.9709 | Val - Loss: -0.5524, Cls: 1.8201, GRQO: -23.7246, Acc: 0.6229
2025-11-24 07:31:37,185 | INFO | [Product] Epoch 17/20 | Train - Loss: -2.1316, Cls: 0.2394, GRQO: -23.7097, Acc: 0.9281 | Val - Loss: -0.5386, Cls: 1.8017, GRQO: -23.4023, Acc: 0.6233
2025-11-24 07:33:01,449 | INFO | [Product] Epoch 18/20 | Train - Loss: -2.1877, Cls: 0.0999, GRQO: -22.8760, Acc: 0.9705 | Val - Loss: -0.6598, Cls: 1.5621, GRQO: -22.2192, Acc: 0.6761
2025-11-24 07:34:25,231 | INFO | [Product] Epoch 19/20 | Train - Loss: -2.1228, Cls: 0.0861, GRQO: -22.0897, Acc: 0.9748 | Val - Loss: -0.6033, Cls: 1.5819, GRQO: -21.8519, Acc: 0.6826
2025-11-24 07:35:48,847 | INFO | [Product] Epoch 20/20 | Train - Loss: -2.0340, Cls: 0.0487, GRQO: -20.8264, Acc: 0.9848 | Val - Loss: -0.4753, Cls: 1.6334, GRQO: -21.0879, Acc: 0.6792
2025-11-24 07:35:48,847 | INFO | [Product] Best Acc: 0.7173
2025-11-24 07:35:48,847 | INFO | ------------------------------------------------------------
2025-11-24 07:35:48,978 | INFO | === LODO: Leaving out domain 'Real World' ===
2025-11-24 07:37:14,557 | INFO | [Real World] Epoch 1/20 | Train - Loss: 2.5337, Cls: 2.5199, GRQO: 0.1375, Acc: 0.4364 | Val - Loss: 1.3712, Cls: 1.3542, GRQO: 0.1700, Acc: 0.6532
2025-11-24 07:37:14,628 | INFO | [Real World] New best val acc: 0.6532
2025-11-24 07:38:38,360 | INFO | [Real World] Epoch 2/20 | Train - Loss: 0.8066, Cls: 0.8137, GRQO: -0.0710, Acc: 0.8051 | Val - Loss: 1.0549, Cls: 1.0887, GRQO: -0.3382, Acc: 0.7117
2025-11-24 07:38:38,428 | INFO | [Real World] New best val acc: 0.7117
2025-11-24 07:40:01,697 | INFO | [Real World] Epoch 3/20 | Train - Loss: -1.0541, Cls: 0.3864, GRQO: -14.4058, Acc: 0.9104 | Val - Loss: -1.4076, Cls: 1.0532, GRQO: -24.6076, Acc: 0.7264
2025-11-24 07:40:01,775 | INFO | [Real World] New best val acc: 0.7264
2025-11-24 07:41:26,092 | INFO | [Real World] Epoch 4/20 | Train - Loss: -2.2988, Cls: 0.1791, GRQO: -24.7795, Acc: 0.9637 | Val - Loss: -1.3933, Cls: 1.0654, GRQO: -24.5875, Acc: 0.7255
2025-11-24 07:42:50,879 | INFO | [Real World] Epoch 5/20 | Train - Loss: -2.3927, Cls: 0.0903, GRQO: -24.8303, Acc: 0.9822 | Val - Loss: -1.3381, Cls: 1.0982, GRQO: -24.3630, Acc: 0.7250
2025-11-24 07:44:14,839 | INFO | [Real World] Epoch 6/20 | Train - Loss: -2.4116, Cls: 0.0618, GRQO: -24.7341, Acc: 0.9876 | Val - Loss: -1.2981, Cls: 1.1050, GRQO: -24.0302, Acc: 0.7292
2025-11-24 07:44:14,905 | INFO | [Real World] New best val acc: 0.7292
2025-11-24 07:45:38,569 | INFO | [Real World] Epoch 7/20 | Train - Loss: -2.4054, Cls: 0.0496, GRQO: -24.5507, Acc: 0.9883 | Val - Loss: -1.2877, Cls: 1.0997, GRQO: -23.8746, Acc: 0.7285
2025-11-24 07:47:01,227 | INFO | [Real World] Epoch 8/20 | Train - Loss: -2.3836, Cls: 0.0468, GRQO: -24.3042, Acc: 0.9879 | Val - Loss: -1.2177, Cls: 1.1314, GRQO: -23.4914, Acc: 0.7308
2025-11-24 07:47:01,286 | INFO | [Real World] New best val acc: 0.7308
2025-11-24 07:48:24,252 | INFO | [Real World] Epoch 9/20 | Train - Loss: -2.3584, Cls: 0.0388, GRQO: -23.9719, Acc: 0.9891 | Val - Loss: -1.1783, Cls: 1.1404, GRQO: -23.1864, Acc: 0.7264
2025-11-24 07:49:47,765 | INFO | [Real World] Epoch 10/20 | Train - Loss: -2.3269, Cls: 0.0364, GRQO: -23.6334, Acc: 0.9890 | Val - Loss: -1.1479, Cls: 1.1500, GRQO: -22.9782, Acc: 0.7310
2025-11-24 07:49:47,830 | INFO | [Real World] New best val acc: 0.7310
2025-11-24 07:51:11,112 | INFO | [Real World] Epoch 11/20 | Train - Loss: -2.2960, Cls: 0.0344, GRQO: -23.3041, Acc: 0.9900 | Val - Loss: -1.1062, Cls: 1.1717, GRQO: -22.7791, Acc: 0.7266
2025-11-24 07:52:34,265 | INFO | [Real World] Epoch 12/20 | Train - Loss: -2.2656, Cls: 0.0334, GRQO: -22.9901, Acc: 0.9900 | Val - Loss: -1.0732, Cls: 1.1891, GRQO: -22.6227, Acc: 0.7317
2025-11-24 07:52:34,335 | INFO | [Real World] New best val acc: 0.7317
2025-11-24 07:53:57,067 | INFO | [Real World] Epoch 13/20 | Train - Loss: -2.2439, Cls: 0.0349, GRQO: -22.7880, Acc: 0.9882 | Val - Loss: -0.9850, Cls: 1.2725, GRQO: -22.5753, Acc: 0.7104
2025-11-24 07:55:20,307 | INFO | [Real World] Epoch 14/20 | Train - Loss: -2.2191, Cls: 0.0361, GRQO: -22.5522, Acc: 0.9888 | Val - Loss: -0.9740, Cls: 1.2514, GRQO: -22.2544, Acc: 0.7260
2025-11-24 07:56:44,272 | INFO | [Real World] Epoch 15/20 | Train - Loss: -2.1678, Cls: 0.0322, GRQO: -21.9998, Acc: 0.9890 | Val - Loss: -0.9095, Cls: 1.3060, GRQO: -22.1549, Acc: 0.7058
2025-11-24 07:58:06,758 | INFO | [Real World] Epoch 16/20 | Train - Loss: -2.2174, Cls: 0.0656, GRQO: -22.8298, Acc: 0.9818 | Val - Loss: -0.8690, Cls: 1.3970, GRQO: -22.6600, Acc: 0.6904
2025-11-24 07:59:29,338 | INFO | [Real World] Epoch 17/20 | Train - Loss: -2.1915, Cls: 0.0798, GRQO: -22.7129, Acc: 0.9768 | Val - Loss: -0.7697, Cls: 1.5251, GRQO: -22.9475, Acc: 0.6709
2025-11-24 08:00:52,107 | INFO | [Real World] Epoch 18/20 | Train - Loss: -2.1539, Cls: 0.0716, GRQO: -22.2551, Acc: 0.9794 | Val - Loss: -0.7276, Cls: 1.4782, GRQO: -22.0577, Acc: 0.6922
2025-11-24 08:02:15,006 | INFO | [Real World] Epoch 19/20 | Train - Loss: -2.1131, Cls: 0.0878, GRQO: -22.0093, Acc: 0.9743 | Val - Loss: -0.7164, Cls: 1.5191, GRQO: -22.3545, Acc: 0.6775
2025-11-24 08:03:38,128 | INFO | [Real World] Epoch 20/20 | Train - Loss: -2.0718, Cls: 0.0680, GRQO: -21.3974, Acc: 0.9791 | Val - Loss: -0.6541, Cls: 1.4610, GRQO: -21.1504, Acc: 0.6883
2025-11-24 08:03:38,129 | INFO | [Real World] Best Acc: 0.7317
2025-11-24 08:03:38,129 | INFO | ------------------------------------------------------------
2025-11-24 08:03:38,131 | INFO | LODO finished | Mean Acc: 0.6246 | Summary saved to d:\Haseeb\SPROJ\GRQO\Vit-GRQO\resnet18_experiments\OfficeHome\logs\lodo_summary_20251124_080338.json
2025-11-24 09:32:43,171 | INFO | Initializing ResNet baseline: resnet18
2025-11-24 09:32:43,290 | INFO | === Baseline LODO: Leaving out domain 'Art' ===
2025-11-24 09:34:05,128 | INFO | [Art] Epoch 1/10 | Train - Loss: 2.2030, Acc: 0.5338 | Val Acc: 0.4767
2025-11-24 09:35:26,492 | INFO | [Art] Epoch 2/10 | Train - Loss: 0.8420, Acc: 0.8332 | Val Acc: 0.5369
2025-11-24 09:36:47,808 | INFO | [Art] Epoch 3/10 | Train - Loss: 0.4172, Acc: 0.9267 | Val Acc: 0.5616
2025-11-24 09:38:11,440 | INFO | [Art] Epoch 4/10 | Train - Loss: 0.2019, Acc: 0.9698 | Val Acc: 0.5562
2025-11-24 09:39:34,739 | INFO | [Art] Epoch 5/10 | Train - Loss: 0.1081, Acc: 0.9855 | Val Acc: 0.5608
2025-11-24 09:40:57,588 | INFO | [Art] Epoch 6/10 | Train - Loss: 0.0681, Acc: 0.9887 | Val Acc: 0.5727
2025-11-24 09:42:20,660 | INFO | [Art] Epoch 7/10 | Train - Loss: 0.0510, Acc: 0.9903 | Val Acc: 0.5690
2025-11-24 09:43:44,784 | INFO | [Art] Epoch 8/10 | Train - Loss: 0.0432, Acc: 0.9897 | Val Acc: 0.5781
2025-11-24 09:45:07,183 | INFO | [Art] Epoch 9/10 | Train - Loss: 0.0382, Acc: 0.9892 | Val Acc: 0.5752
2025-11-24 09:46:30,498 | INFO | [Art] Epoch 10/10 | Train - Loss: 0.0333, Acc: 0.9897 | Val Acc: 0.5719
2025-11-24 09:46:30,498 | INFO | [Art] Best Val Acc: 0.5781
2025-11-24 09:46:30,498 | INFO | ------------------------------------------------------------
2025-11-24 09:46:30,498 | INFO | Initializing ResNet baseline: resnet18
2025-11-24 09:46:30,581 | INFO | === Baseline LODO: Leaving out domain 'Clipart' ===
2025-11-24 09:47:54,096 | INFO | [Clipart] Epoch 1/10 | Train - Loss: 2.2618, Acc: 0.5350 | Val Acc: 0.4307
2025-11-24 09:49:17,069 | INFO | [Clipart] Epoch 2/10 | Train - Loss: 0.8673, Acc: 0.8310 | Val Acc: 0.4687
2025-11-24 09:50:41,628 | INFO | [Clipart] Epoch 3/10 | Train - Loss: 0.4327, Acc: 0.9288 | Val Acc: 0.4630
2025-11-24 09:52:04,491 | INFO | [Clipart] Epoch 4/10 | Train - Loss: 0.1994, Acc: 0.9779 | Val Acc: 0.4644
2025-11-24 09:53:27,175 | INFO | [Clipart] Epoch 5/10 | Train - Loss: 0.0946, Acc: 0.9919 | Val Acc: 0.4790
2025-11-24 09:54:51,426 | INFO | [Clipart] Epoch 6/10 | Train - Loss: 0.0550, Acc: 0.9946 | Val Acc: 0.4690
2025-11-24 09:56:14,353 | INFO | [Clipart] Epoch 7/10 | Train - Loss: 0.0384, Acc: 0.9950 | Val Acc: 0.4756
2025-11-24 09:57:37,502 | INFO | [Clipart] Epoch 8/10 | Train - Loss: 0.0306, Acc: 0.9948 | Val Acc: 0.4735
2025-11-24 09:59:00,167 | INFO | [Clipart] Epoch 9/10 | Train - Loss: 0.0236, Acc: 0.9953 | Val Acc: 0.4756
2025-11-24 10:00:24,748 | INFO | [Clipart] Epoch 10/10 | Train - Loss: 0.0208, Acc: 0.9949 | Val Acc: 0.4754
2025-11-24 10:00:24,749 | INFO | [Clipart] Best Val Acc: 0.4790
2025-11-24 10:00:24,749 | INFO | ------------------------------------------------------------
2025-11-24 10:00:24,749 | INFO | Initializing ResNet baseline: resnet18
2025-11-24 10:00:24,829 | INFO | === Baseline LODO: Leaving out domain 'Product' ===
2025-11-24 10:01:48,632 | INFO | [Product] Epoch 1/10 | Train - Loss: 2.5210, Acc: 0.4536 | Val Acc: 0.6227
2025-11-24 10:03:10,963 | INFO | [Product] Epoch 2/10 | Train - Loss: 1.0808, Acc: 0.7857 | Val Acc: 0.6968
2025-11-24 10:04:33,477 | INFO | [Product] Epoch 3/10 | Train - Loss: 0.5755, Acc: 0.8958 | Val Acc: 0.7162
2025-11-24 10:05:56,076 | INFO | [Product] Epoch 4/10 | Train - Loss: 0.3037, Acc: 0.9544 | Val Acc: 0.7252
2025-11-24 10:07:20,160 | INFO | [Product] Epoch 5/10 | Train - Loss: 0.1562, Acc: 0.9809 | Val Acc: 0.7270
2025-11-24 10:08:42,858 | INFO | [Product] Epoch 6/10 | Train - Loss: 0.0991, Acc: 0.9863 | Val Acc: 0.7254
2025-11-24 10:10:05,821 | INFO | [Product] Epoch 7/10 | Train - Loss: 0.0716, Acc: 0.9869 | Val Acc: 0.7303
2025-11-24 10:11:28,003 | INFO | [Product] Epoch 8/10 | Train - Loss: 0.0563, Acc: 0.9874 | Val Acc: 0.7288
2025-11-24 10:12:50,218 | INFO | [Product] Epoch 9/10 | Train - Loss: 0.0480, Acc: 0.9881 | Val Acc: 0.7256
2025-11-24 10:14:14,167 | INFO | [Product] Epoch 10/10 | Train - Loss: 0.0441, Acc: 0.9885 | Val Acc: 0.7301
2025-11-24 10:14:14,167 | INFO | [Product] Best Val Acc: 0.7303
2025-11-24 10:14:14,167 | INFO | ------------------------------------------------------------
2025-11-24 10:14:14,167 | INFO | Initializing ResNet baseline: resnet18
2025-11-24 10:14:14,257 | INFO | === Baseline LODO: Leaving out domain 'Real World' ===
2025-11-24 10:15:37,915 | INFO | [Real World] Epoch 1/10 | Train - Loss: 2.4998, Acc: 0.4660 | Val Acc: 0.6406
2025-11-24 10:17:00,196 | INFO | [Real World] Epoch 2/10 | Train - Loss: 1.0521, Acc: 0.8016 | Val Acc: 0.7179
2025-11-24 10:18:20,595 | INFO | [Real World] Epoch 3/10 | Train - Loss: 0.5386, Acc: 0.9092 | Val Acc: 0.7377
2025-11-24 10:19:41,093 | INFO | [Real World] Epoch 4/10 | Train - Loss: 0.2629, Acc: 0.9653 | Val Acc: 0.7406
2025-11-24 10:21:03,792 | INFO | [Real World] Epoch 5/10 | Train - Loss: 0.1341, Acc: 0.9833 | Val Acc: 0.7455
2025-11-24 10:22:27,545 | INFO | [Real World] Epoch 6/10 | Train - Loss: 0.0810, Acc: 0.9877 | Val Acc: 0.7498
2025-11-24 10:23:52,105 | INFO | [Real World] Epoch 7/10 | Train - Loss: 0.0601, Acc: 0.9885 | Val Acc: 0.7501
2025-11-24 10:25:15,570 | INFO | [Real World] Epoch 8/10 | Train - Loss: 0.0477, Acc: 0.9895 | Val Acc: 0.7496
2025-11-24 10:26:39,632 | INFO | [Real World] Epoch 9/10 | Train - Loss: 0.0421, Acc: 0.9894 | Val Acc: 0.7443
2025-11-24 10:28:02,401 | INFO | [Real World] Epoch 10/10 | Train - Loss: 0.0398, Acc: 0.9890 | Val Acc: 0.7441
2025-11-24 10:28:02,401 | INFO | [Real World] Best Val Acc: 0.7501
2025-11-24 10:28:02,401 | INFO | ------------------------------------------------------------
2025-11-24 10:28:02,401 | INFO | Baseline LODO (resnet18) finished | Mean Acc: 0.6344
2025-11-25 12:16:52,278 | INFO | Initialized experiment directories for OfficeHome
2025-11-25 12:16:52,279 | INFO | Logs: d:\Haseeb\SPROJ\GRQO\Vit-GRQO\resnet18_experiments\OfficeHome\logs
2025-11-25 12:16:52,279 | INFO | Checkpoints: d:\Haseeb\SPROJ\GRQO\Vit-GRQO\resnet18_experiments\OfficeHome\checkpoints
2025-11-25 12:16:52,280 | INFO | Plots: d:\Haseeb\SPROJ\GRQO\Vit-GRQO\resnet18_experiments\OfficeHome\plots
2025-11-25 12:16:54,166 | INFO | === LODO: Leaving out domain 'Art' ===
2025-11-25 12:18:21,029 | INFO | [Art] Epoch 1/20 | Train - Loss: 2.2209, Cls: 2.2151, GRQO: 0.0577, Acc: 0.5113 | Val - Loss: 1.9189, Cls: 1.9116, GRQO: 0.0727, Acc: 0.5155
2025-11-25 12:18:21,141 | INFO | [Art] New best val acc: 0.5155
2025-11-25 12:19:43,612 | INFO | [Art] Epoch 2/20 | Train - Loss: 0.6216, Cls: 0.6370, GRQO: -0.1540, Acc: 0.8467 | Val - Loss: 1.8022, Cls: 1.8410, GRQO: -0.3880, Acc: 0.5393
2025-11-25 12:19:43,683 | INFO | [Art] New best val acc: 0.5393
2025-11-25 12:21:07,142 | INFO | [Art] Epoch 3/20 | Train - Loss: 0.1811, Cls: 0.2496, GRQO: -0.6846, Acc: 0.9461 | Val - Loss: 1.6870, Cls: 2.0148, GRQO: -3.2781, Acc: 0.5361
2025-11-25 12:22:29,767 | INFO | [Art] Epoch 4/20 | Train - Loss: -1.2789, Cls: 0.1167, GRQO: -13.9565, Acc: 0.9767 | Val - Loss: -0.4045, Cls: 2.0240, GRQO: -24.2856, Acc: 0.5464
2025-11-25 12:22:29,828 | INFO | [Art] New best val acc: 0.5464
2025-11-25 12:23:52,608 | INFO | [Art] Epoch 5/20 | Train - Loss: -2.3074, Cls: 0.0799, GRQO: -23.8737, Acc: 0.9834 | Val - Loss: -0.4095, Cls: 2.0004, GRQO: -24.0989, Acc: 0.5554
2025-11-25 12:23:52,674 | INFO | [Art] New best val acc: 0.5554
2025-11-25 12:25:13,965 | INFO | [Art] Epoch 6/20 | Train - Loss: -2.2780, Cls: 0.0600, GRQO: -23.3801, Acc: 0.9875 | Val - Loss: -0.3514, Cls: 2.0349, GRQO: -23.8629, Acc: 0.5571
2025-11-25 12:25:14,024 | INFO | [Art] New best val acc: 0.5571
2025-11-25 12:26:38,929 | INFO | [Art] Epoch 7/20 | Train - Loss: -2.2188, Cls: 0.0472, GRQO: -22.6602, Acc: 0.9885 | Val - Loss: -0.3338, Cls: 2.0317, GRQO: -23.6542, Acc: 0.5686
2025-11-25 12:26:39,028 | INFO | [Art] New best val acc: 0.5686
2025-11-25 12:28:04,020 | INFO | [Art] Epoch 8/20 | Train - Loss: -2.1814, Cls: 0.0422, GRQO: -22.2358, Acc: 0.9887 | Val - Loss: -0.2433, Cls: 2.1120, GRQO: -23.5523, Acc: 0.5529
2025-11-25 12:29:27,671 | INFO | [Art] Epoch 9/20 | Train - Loss: -2.1054, Cls: 0.0369, GRQO: -21.4235, Acc: 0.9899 | Val - Loss: -0.1754, Cls: 2.1539, GRQO: -23.2936, Acc: 0.5571
2025-11-25 12:30:51,367 | INFO | [Art] Epoch 10/20 | Train - Loss: -2.0726, Cls: 0.0368, GRQO: -21.0941, Acc: 0.9884 | Val - Loss: -0.1318, Cls: 2.1822, GRQO: -23.1402, Acc: 0.5608
2025-11-25 12:32:15,713 | INFO | [Art] Epoch 11/20 | Train - Loss: -2.0414, Cls: 0.0352, GRQO: -20.7660, Acc: 0.9896 | Val - Loss: -0.0804, Cls: 2.2270, GRQO: -23.0740, Acc: 0.5484
2025-11-25 12:33:40,797 | INFO | [Art] Epoch 12/20 | Train - Loss: -1.9572, Cls: 0.0317, GRQO: -19.8890, Acc: 0.9894 | Val - Loss: -0.0183, Cls: 2.2685, GRQO: -22.8682, Acc: 0.5529
2025-11-25 12:35:05,045 | INFO | [Art] Epoch 13/20 | Train - Loss: -1.8887, Cls: 0.0276, GRQO: -19.1625, Acc: 0.9907 | Val - Loss: -0.0015, Cls: 2.2616, GRQO: -22.6308, Acc: 0.5443
2025-11-25 12:36:29,544 | INFO | [Art] Epoch 14/20 | Train - Loss: -1.9017, Cls: 0.0317, GRQO: -19.3338, Acc: 0.9894 | Val - Loss: 0.0476, Cls: 2.3256, GRQO: -22.7796, Acc: 0.5496
2025-11-25 12:37:53,741 | INFO | [Art] Epoch 15/20 | Train - Loss: -1.9536, Cls: 0.0499, GRQO: -20.0348, Acc: 0.9854 | Val - Loss: 0.8531, Cls: 3.1894, GRQO: -23.3634, Acc: 0.4368
2025-11-25 12:39:18,965 | INFO | [Art] Epoch 16/20 | Train - Loss: -2.0393, Cls: 0.1741, GRQO: -22.1345, Acc: 0.9483 | Val - Loss: 0.1481, Cls: 2.5034, GRQO: -23.5523, Acc: 0.5010
2025-11-25 12:40:44,014 | INFO | [Art] Epoch 17/20 | Train - Loss: -1.9958, Cls: 0.0961, GRQO: -20.9193, Acc: 0.9698 | Val - Loss: 0.4800, Cls: 2.7914, GRQO: -23.1137, Acc: 0.4920
2025-11-25 12:42:08,026 | INFO | [Art] Epoch 18/20 | Train - Loss: -1.8560, Cls: 0.0549, GRQO: -19.1095, Acc: 0.9837 | Val - Loss: 0.1550, Cls: 2.4194, GRQO: -22.6445, Acc: 0.5344
2025-11-25 12:43:31,736 | INFO | [Art] Epoch 19/20 | Train - Loss: -1.8000, Cls: 0.0414, GRQO: -18.4140, Acc: 0.9869 | Val - Loss: 0.2402, Cls: 2.4534, GRQO: -22.1318, Acc: 0.5361
2025-11-25 12:44:56,922 | INFO | [Art] Epoch 20/20 | Train - Loss: -1.6343, Cls: 0.0281, GRQO: -16.6245, Acc: 0.9900 | Val - Loss: 0.2997, Cls: 2.4961, GRQO: -21.9640, Acc: 0.5332
2025-11-25 12:44:56,922 | INFO | [Art] Best Acc: 0.5686
2025-11-25 12:44:56,922 | INFO | ------------------------------------------------------------
2025-11-25 12:44:57,035 | INFO | === LODO: Leaving out domain 'Clipart' ===
2025-11-25 12:46:21,233 | INFO | [Clipart] Epoch 1/20 | Train - Loss: 2.3369, Cls: 2.3324, GRQO: 0.0450, Acc: 0.5020 | Val - Loss: 2.3555, Cls: 2.3463, GRQO: 0.0924, Acc: 0.4357
2025-11-25 12:46:21,285 | INFO | [Clipart] New best val acc: 0.4357
2025-11-25 12:47:45,081 | INFO | [Clipart] Epoch 2/20 | Train - Loss: 0.6552, Cls: 0.6655, GRQO: -0.1030, Acc: 0.8448 | Val - Loss: 2.3527, Cls: 2.3759, GRQO: -0.2324, Acc: 0.4561
2025-11-25 12:47:45,150 | INFO | [Clipart] New best val acc: 0.4561
2025-11-25 12:49:10,980 | INFO | [Clipart] Epoch 3/20 | Train - Loss: 0.2373, Cls: 0.2741, GRQO: -0.3684, Acc: 0.9420 | Val - Loss: 2.4034, Cls: 2.4632, GRQO: -0.5977, Acc: 0.4541
2025-11-25 12:50:36,045 | INFO | [Clipart] Epoch 4/20 | Train - Loss: 0.0399, Cls: 0.1234, GRQO: -0.8354, Acc: 0.9764 | Val - Loss: 2.1340, Cls: 2.5004, GRQO: -3.6645, Acc: 0.4722
2025-11-25 12:50:36,113 | INFO | [Clipart] New best val acc: 0.4722
2025-11-25 12:52:10,810 | INFO | [Clipart] Epoch 5/20 | Train - Loss: -1.3821, Cls: 0.0545, GRQO: -14.3669, Acc: 0.9922 | Val - Loss: 0.2003, Cls: 2.6491, GRQO: -24.4882, Acc: 0.4600
2025-11-25 12:53:41,845 | INFO | [Clipart] Epoch 6/20 | Train - Loss: -2.2967, Cls: 0.0407, GRQO: -23.3742, Acc: 0.9924 | Val - Loss: 0.1688, Cls: 2.6074, GRQO: -24.3867, Acc: 0.4729
2025-11-25 12:53:41,945 | INFO | [Clipart] New best val acc: 0.4729
2025-11-25 12:55:12,153 | INFO | [Clipart] Epoch 7/20 | Train - Loss: -2.2449, Cls: 0.0261, GRQO: -22.7099, Acc: 0.9948 | Val - Loss: 0.2724, Cls: 2.7025, GRQO: -24.3007, Acc: 0.4726
2025-11-25 12:56:44,057 | INFO | [Clipart] Epoch 8/20 | Train - Loss: -2.1881, Cls: 0.0236, GRQO: -22.1166, Acc: 0.9950 | Val - Loss: 0.2777, Cls: 2.6943, GRQO: -24.1660, Acc: 0.4788
2025-11-25 12:56:44,122 | INFO | [Clipart] New best val acc: 0.4788
2025-11-25 12:58:18,087 | INFO | [Clipart] Epoch 9/20 | Train - Loss: -2.1257, Cls: 0.0197, GRQO: -21.4546, Acc: 0.9955 | Val - Loss: 0.3606, Cls: 2.7571, GRQO: -23.9649, Acc: 0.4754
2025-11-25 12:59:49,485 | INFO | [Clipart] Epoch 10/20 | Train - Loss: -2.0638, Cls: 0.0181, GRQO: -20.8188, Acc: 0.9953 | Val - Loss: 0.3999, Cls: 2.7843, GRQO: -23.8443, Acc: 0.4800
2025-11-25 12:59:49,574 | INFO | [Clipart] New best val acc: 0.4800
2025-11-25 13:01:23,250 | INFO | [Clipart] Epoch 11/20 | Train - Loss: -2.0049, Cls: 0.0155, GRQO: -20.2043, Acc: 0.9954 | Val - Loss: 0.3480, Cls: 2.7282, GRQO: -23.8015, Acc: 0.4855
2025-11-25 13:01:23,358 | INFO | [Clipart] New best val acc: 0.4855
2025-11-25 13:02:56,032 | INFO | [Clipart] Epoch 12/20 | Train - Loss: -1.9540, Cls: 0.0153, GRQO: -19.6931, Acc: 0.9951 | Val - Loss: 0.3818, Cls: 2.7452, GRQO: -23.6336, Acc: 0.4832
2025-11-25 13:04:25,430 | INFO | [Clipart] Epoch 13/20 | Train - Loss: -1.9040, Cls: 0.0140, GRQO: -19.1796, Acc: 0.9956 | Val - Loss: 0.4389, Cls: 2.7946, GRQO: -23.5578, Acc: 0.4818
2025-11-25 13:05:53,645 | INFO | [Clipart] Epoch 14/20 | Train - Loss: -1.8537, Cls: 0.0142, GRQO: -18.6789, Acc: 0.9959 | Val - Loss: 0.4245, Cls: 2.7702, GRQO: -23.4565, Acc: 0.4850
2025-11-25 13:07:25,460 | INFO | [Clipart] Epoch 15/20 | Train - Loss: -1.8054, Cls: 0.0144, GRQO: -18.1981, Acc: 0.9952 | Val - Loss: 0.4773, Cls: 2.8191, GRQO: -23.4179, Acc: 0.4745
2025-11-25 13:08:52,825 | INFO | [Clipart] Epoch 16/20 | Train - Loss: -1.9610, Cls: 0.0406, GRQO: -20.0154, Acc: 0.9888 | Val - Loss: 0.6046, Cls: 3.0357, GRQO: -24.3110, Acc: 0.4014
2025-11-25 13:10:21,927 | INFO | [Clipart] Epoch 17/20 | Train - Loss: -2.0594, Cls: 0.2300, GRQO: -22.8936, Acc: 0.9362 | Val - Loss: 0.6278, Cls: 3.0800, GRQO: -24.5215, Acc: 0.4062
2025-11-25 13:11:51,151 | INFO | [Clipart] Epoch 18/20 | Train - Loss: -2.0446, Cls: 0.1163, GRQO: -21.6090, Acc: 0.9668 | Val - Loss: 0.9985, Cls: 3.3888, GRQO: -23.9035, Acc: 0.4064
2025-11-25 13:13:20,202 | INFO | [Clipart] Epoch 19/20 | Train - Loss: -1.8995, Cls: 0.0298, GRQO: -19.2933, Acc: 0.9925 | Val - Loss: 0.8593, Cls: 3.2139, GRQO: -23.5460, Acc: 0.4344
2025-11-25 13:14:49,018 | INFO | [Clipart] Epoch 20/20 | Train - Loss: -1.7258, Cls: 0.0165, GRQO: -17.4232, Acc: 0.9953 | Val - Loss: 0.8278, Cls: 3.1453, GRQO: -23.1750, Acc: 0.4486
2025-11-25 13:14:49,018 | INFO | [Clipart] Best Acc: 0.4855
2025-11-25 13:14:49,018 | INFO | ------------------------------------------------------------
2025-11-25 13:14:49,145 | INFO | === LODO: Leaving out domain 'Product' ===
2025-11-25 13:16:15,800 | INFO | [Product] Epoch 1/20 | Train - Loss: 2.5350, Cls: 2.5265, GRQO: 0.0851, Acc: 0.4281 | Val - Loss: 1.4477, Cls: 1.4430, GRQO: 0.0465, Acc: 0.6258
2025-11-25 13:16:15,852 | INFO | [Product] New best val acc: 0.6258
2025-11-25 13:17:37,565 | INFO | [Product] Epoch 2/20 | Train - Loss: 0.8675, Cls: 0.9000, GRQO: -0.3246, Acc: 0.7810 | Val - Loss: 1.1131, Cls: 1.2204, GRQO: -1.0732, Acc: 0.6763
2025-11-25 13:17:37,634 | INFO | [Product] New best val acc: 0.6763
2025-11-25 13:18:58,964 | INFO | [Product] Epoch 3/20 | Train - Loss: -0.9737, Cls: 0.4458, GRQO: -14.1949, Acc: 0.8954 | Val - Loss: -1.2896, Cls: 1.1701, GRQO: -24.5968, Acc: 0.6959
2025-11-25 13:18:59,031 | INFO | [Product] New best val acc: 0.6959
2025-11-25 13:20:21,079 | INFO | [Product] Epoch 4/20 | Train - Loss: -2.2384, Cls: 0.2176, GRQO: -24.5602, Acc: 0.9540 | Val - Loss: -1.2654, Cls: 1.1877, GRQO: -24.5305, Acc: 0.7058
2025-11-25 13:20:21,148 | INFO | [Product] New best val acc: 0.7058
2025-11-25 13:21:43,077 | INFO | [Product] Epoch 5/20 | Train - Loss: -2.3144, Cls: 0.1440, GRQO: -24.5843, Acc: 0.9731 | Val - Loss: -1.2034, Cls: 1.2265, GRQO: -24.2993, Acc: 0.7033
2025-11-25 13:23:05,193 | INFO | [Product] Epoch 6/20 | Train - Loss: -2.3331, Cls: 0.0973, GRQO: -24.3043, Acc: 0.9815 | Val - Loss: -1.1343, Cls: 1.2581, GRQO: -23.9246, Acc: 0.7024
2025-11-25 13:24:27,900 | INFO | [Product] Epoch 7/20 | Train - Loss: -2.2958, Cls: 0.1222, GRQO: -24.1798, Acc: 0.9746 | Val - Loss: -1.0263, Cls: 1.3629, GRQO: -23.8924, Acc: 0.6848
2025-11-25 13:25:49,173 | INFO | [Product] Epoch 8/20 | Train - Loss: -2.2911, Cls: 0.0802, GRQO: -23.7132, Acc: 0.9828 | Val - Loss: -0.9904, Cls: 1.3586, GRQO: -23.4903, Acc: 0.6898
2025-11-25 13:27:10,474 | INFO | [Product] Epoch 9/20 | Train - Loss: -2.2570, Cls: 0.0750, GRQO: -23.3201, Acc: 0.9830 | Val - Loss: -0.9896, Cls: 1.3270, GRQO: -23.1662, Acc: 0.6988
2025-11-25 13:28:32,519 | INFO | [Product] Epoch 10/20 | Train - Loss: -2.2203, Cls: 0.0551, GRQO: -22.7542, Acc: 0.9861 | Val - Loss: -0.9119, Cls: 1.3570, GRQO: -22.6898, Acc: 0.7042
2025-11-25 13:29:53,790 | INFO | [Product] Epoch 11/20 | Train - Loss: -2.1778, Cls: 0.0518, GRQO: -22.2960, Acc: 0.9857 | Val - Loss: -0.9067, Cls: 1.3292, GRQO: -22.3584, Acc: 0.7069
2025-11-25 13:29:53,854 | INFO | [Product] New best val acc: 0.7069
2025-11-25 13:31:15,717 | INFO | [Product] Epoch 12/20 | Train - Loss: -2.1457, Cls: 0.0456, GRQO: -21.9126, Acc: 0.9874 | Val - Loss: -0.8742, Cls: 1.3666, GRQO: -22.4077, Acc: 0.7076
2025-11-25 13:31:15,783 | INFO | [Product] New best val acc: 0.7076
2025-11-25 13:32:38,353 | INFO | [Product] Epoch 13/20 | Train - Loss: -2.0842, Cls: 0.0371, GRQO: -21.2128, Acc: 0.9883 | Val - Loss: -0.8898, Cls: 1.3064, GRQO: -21.9618, Acc: 0.7195
2025-11-25 13:32:38,421 | INFO | [Product] New best val acc: 0.7195
2025-11-25 13:34:00,630 | INFO | [Product] Epoch 14/20 | Train - Loss: -2.0311, Cls: 0.0319, GRQO: -20.6303, Acc: 0.9888 | Val - Loss: -0.8214, Cls: 1.3413, GRQO: -21.6264, Acc: 0.7168
2025-11-25 13:35:21,646 | INFO | [Product] Epoch 15/20 | Train - Loss: -1.9696, Cls: 0.0317, GRQO: -20.0131, Acc: 0.9888 | Val - Loss: -0.7815, Cls: 1.3612, GRQO: -21.4274, Acc: 0.7103
2025-11-25 13:36:43,377 | INFO | [Product] Epoch 16/20 | Train - Loss: -2.0045, Cls: 0.0385, GRQO: -20.4304, Acc: 0.9871 | Val - Loss: -0.8257, Cls: 1.3210, GRQO: -21.4672, Acc: 0.7107
2025-11-25 13:38:05,055 | INFO | [Product] Epoch 17/20 | Train - Loss: -1.9289, Cls: 0.0300, GRQO: -19.5884, Acc: 0.9892 | Val - Loss: -0.7563, Cls: 1.3640, GRQO: -21.2029, Acc: 0.7137
2025-11-25 13:39:26,561 | INFO | [Product] Epoch 18/20 | Train - Loss: -2.0113, Cls: 0.0446, GRQO: -20.5597, Acc: 0.9869 | Val - Loss: -0.6910, Cls: 1.4676, GRQO: -21.5858, Acc: 0.6902
2025-11-25 13:40:46,612 | INFO | [Product] Epoch 19/20 | Train - Loss: -1.9330, Cls: 0.0360, GRQO: -19.6904, Acc: 0.9875 | Val - Loss: -0.6633, Cls: 1.4226, GRQO: -20.8596, Acc: 0.7065
2025-11-25 13:42:06,273 | INFO | [Product] Epoch 20/20 | Train - Loss: -1.9558, Cls: 0.0575, GRQO: -20.1330, Acc: 0.9830 | Val - Loss: -0.6082, Cls: 1.5560, GRQO: -21.6416, Acc: 0.6763
2025-11-25 13:42:06,273 | INFO | [Product] Best Acc: 0.7195
2025-11-25 13:42:06,273 | INFO | ------------------------------------------------------------
2025-11-25 13:42:06,388 | INFO | === LODO: Leaving out domain 'Real World' ===
2025-11-25 13:43:26,469 | INFO | [Real World] Epoch 1/20 | Train - Loss: 2.5063, Cls: 2.5019, GRQO: 0.0434, Acc: 0.4364 | Val - Loss: 1.3025, Cls: 1.2977, GRQO: 0.0478, Acc: 0.6750
2025-11-25 13:43:26,521 | INFO | [Real World] New best val acc: 0.6750
2025-11-25 13:44:46,855 | INFO | [Real World] Epoch 2/20 | Train - Loss: 0.7563, Cls: 0.7611, GRQO: -0.0479, Acc: 0.8255 | Val - Loss: 1.0591, Cls: 1.0767, GRQO: -0.1766, Acc: 0.7156
2025-11-25 13:44:46,920 | INFO | [Real World] New best val acc: 0.7156
2025-11-25 13:46:08,650 | INFO | [Real World] Epoch 3/20 | Train - Loss: 0.2652, Cls: 0.2948, GRQO: -0.2966, Acc: 0.9377 | Val - Loss: 0.9905, Cls: 1.0440, GRQO: -0.5355, Acc: 0.7244
2025-11-25 13:46:08,724 | INFO | [Real World] New best val acc: 0.7244
2025-11-25 13:47:29,964 | INFO | [Real World] Epoch 4/20 | Train - Loss: 0.0534, Cls: 0.1291, GRQO: -0.7563, Acc: 0.9764 | Val - Loss: 0.8439, Cls: 1.0769, GRQO: -2.3295, Acc: 0.7250
2025-11-25 13:47:30,017 | INFO | [Real World] New best val acc: 0.7250
2025-11-25 13:48:52,637 | INFO | [Real World] Epoch 5/20 | Train - Loss: -1.1470, Cls: 0.0785, GRQO: -12.2553, Acc: 0.9842 | Val - Loss: -1.2194, Cls: 1.1097, GRQO: -23.2909, Acc: 0.7328
2025-11-25 13:48:52,708 | INFO | [Real World] New best val acc: 0.7328
2025-11-25 13:50:13,978 | INFO | [Real World] Epoch 6/20 | Train - Loss: -2.2971, Cls: 0.0575, GRQO: -23.5465, Acc: 0.9876 | Val - Loss: -1.2079, Cls: 1.0936, GRQO: -23.0149, Acc: 0.7365
2025-11-25 13:50:14,050 | INFO | [Real World] New best val acc: 0.7365
2025-11-25 13:51:35,527 | INFO | [Real World] Epoch 7/20 | Train - Loss: -2.2644, Cls: 0.0477, GRQO: -23.1211, Acc: 0.9890 | Val - Loss: -1.1688, Cls: 1.1063, GRQO: -22.7506, Acc: 0.7361
2025-11-25 13:52:57,529 | INFO | [Real World] Epoch 8/20 | Train - Loss: -2.2434, Cls: 0.0513, GRQO: -22.9472, Acc: 0.9861 | Val - Loss: -1.0552, Cls: 1.2115, GRQO: -22.6667, Acc: 0.7131
2025-11-25 13:54:19,623 | INFO | [Real World] Epoch 9/20 | Train - Loss: -2.2035, Cls: 0.0524, GRQO: -22.5587, Acc: 0.9862 | Val - Loss: -1.0319, Cls: 1.1949, GRQO: -22.2680, Acc: 0.7211
2025-11-25 13:55:41,053 | INFO | [Real World] Epoch 10/20 | Train - Loss: -2.1771, Cls: 0.0443, GRQO: -22.2138, Acc: 0.9879 | Val - Loss: -0.9621, Cls: 1.2816, GRQO: -22.4379, Acc: 0.7067
2025-11-25 13:57:03,036 | INFO | [Real World] Epoch 11/20 | Train - Loss: -2.1430, Cls: 0.0415, GRQO: -21.8447, Acc: 0.9886 | Val - Loss: -0.9653, Cls: 1.2260, GRQO: -21.9126, Acc: 0.7253
2025-11-25 13:58:25,156 | INFO | [Real World] Epoch 12/20 | Train - Loss: -2.0505, Cls: 0.0336, GRQO: -20.8410, Acc: 0.9896 | Val - Loss: -0.9651, Cls: 1.1930, GRQO: -21.5811, Acc: 0.7294
2025-11-25 13:59:46,871 | INFO | [Real World] Epoch 13/20 | Train - Loss: -1.9772, Cls: 0.0296, GRQO: -20.0685, Acc: 0.9894 | Val - Loss: -0.9160, Cls: 1.1801, GRQO: -20.9602, Acc: 0.7363
2025-11-25 14:01:08,576 | INFO | [Real World] Epoch 14/20 | Train - Loss: -1.9137, Cls: 0.0259, GRQO: -19.3965, Acc: 0.9912 | Val - Loss: -0.8678, Cls: 1.2139, GRQO: -20.8171, Acc: 0.7319
2025-11-25 14:02:29,884 | INFO | [Real World] Epoch 15/20 | Train - Loss: -1.8520, Cls: 0.0257, GRQO: -18.7777, Acc: 0.9902 | Val - Loss: -0.8102, Cls: 1.2345, GRQO: -20.4477, Acc: 0.7296
2025-11-25 14:03:51,048 | INFO | [Real World] Epoch 16/20 | Train - Loss: -1.7899, Cls: 0.0227, GRQO: -18.1254, Acc: 0.9913 | Val - Loss: -0.8538, Cls: 1.1912, GRQO: -20.4501, Acc: 0.7342
2025-11-25 14:05:13,022 | INFO | [Real World] Epoch 17/20 | Train - Loss: -1.7534, Cls: 0.0238, GRQO: -17.7712, Acc: 0.9904 | Val - Loss: -0.8085, Cls: 1.2238, GRQO: -20.3226, Acc: 0.7312
2025-11-25 14:06:34,576 | INFO | [Real World] Epoch 18/20 | Train - Loss: -1.7101, Cls: 0.0209, GRQO: -17.3098, Acc: 0.9912 | Val - Loss: -0.7861, Cls: 1.2239, GRQO: -20.0992, Acc: 0.7296
2025-11-25 14:07:57,558 | INFO | [Real World] Epoch 19/20 | Train - Loss: -1.6726, Cls: 0.0207, GRQO: -16.9331, Acc: 0.9910 | Val - Loss: -0.7647, Cls: 1.2257, GRQO: -19.9039, Acc: 0.7361
2025-11-25 14:09:21,343 | INFO | [Real World] Epoch 20/20 | Train - Loss: -1.6279, Cls: 0.0217, GRQO: -16.4957, Acc: 0.9906 | Val - Loss: -0.7421, Cls: 1.2539, GRQO: -19.9600, Acc: 0.7322
2025-11-25 14:09:21,343 | INFO | [Real World] Best Acc: 0.7365
2025-11-25 14:09:21,343 | INFO | ------------------------------------------------------------
2025-11-25 14:09:21,343 | INFO | LODO finished | Mean Acc: 0.6275 | Summary saved to d:\Haseeb\SPROJ\GRQO\Vit-GRQO\resnet18_experiments\OfficeHome\logs\lodo_summary_20251125_140921.json
