2025-11-30 07:52:30,744 | INFO | Initialized experiment directories for OfficeHome
2025-11-30 07:52:30,745 | INFO | Logs: d:\Haseeb\SPROJ\GRQO\Vit-GRQO\resnet18_experiments\OfficeHome\logs
2025-11-30 07:52:30,745 | INFO | Checkpoints: d:\Haseeb\SPROJ\GRQO\Vit-GRQO\resnet18_experiments\OfficeHome\checkpoints
2025-11-30 07:52:30,746 | INFO | Plots: d:\Haseeb\SPROJ\GRQO\Vit-GRQO\resnet18_experiments\OfficeHome\plots
2025-11-30 07:52:33,531 | INFO | === LODO: Leaving out domain 'Art' ===
2025-11-30 07:55:08,389 | INFO | [Art] Epoch 1/10 | Train - Loss: 2.8734, Cls: 2.8680, GRQO: 0.0067, Acc: 0.4102 | Val - Loss: 2.2854, Cls: 2.2800, GRQO: 0.0068, Acc: 0.4644
2025-11-30 07:55:08,472 | INFO | [Art] New best val acc: 0.4644
2025-11-30 07:56:04,776 | INFO | [Art] Epoch 2/10 | Train - Loss: 1.0486, Cls: 1.0478, GRQO: 0.0010, Acc: 0.7979 | Val - Loss: 1.8843, Cls: 1.8742, GRQO: 0.0127, Acc: 0.5303
2025-11-30 07:56:04,908 | INFO | [Art] New best val acc: 0.5303
2025-11-30 07:57:01,614 | INFO | [Art] Epoch 3/10 | Train - Loss: 0.4304, Cls: 0.4328, GRQO: -0.0031, Acc: 0.9214 | Val - Loss: 1.8280, Cls: 1.8205, GRQO: 0.0093, Acc: 0.5488
2025-11-30 07:57:01,696 | INFO | [Art] New best val acc: 0.5488
2025-11-30 07:57:59,224 | INFO | [Art] Epoch 4/10 | Train - Loss: 0.1893, Cls: 0.1944, GRQO: -0.0064, Acc: 0.9704 | Val - Loss: 1.8726, Cls: 1.8706, GRQO: 0.0025, Acc: 0.5529
2025-11-30 07:57:59,311 | INFO | [Art] New best val acc: 0.5529
2025-11-30 07:58:56,197 | INFO | [Art] Epoch 5/10 | Train - Loss: 0.0904, Cls: 0.1043, GRQO: -0.0174, Acc: 0.9844 | Val - Loss: 1.9134, Cls: 1.9106, GRQO: 0.0034, Acc: 0.5431
2025-11-30 07:59:51,829 | INFO | [Art] Epoch 6/10 | Train - Loss: 0.0868, Cls: 0.0859, GRQO: 0.0011, Acc: 0.9863 | Val - Loss: 2.0126, Cls: 1.9988, GRQO: 0.0173, Acc: 0.5418
2025-11-30 08:00:47,213 | INFO | [Art] Epoch 7/10 | Train - Loss: 0.0959, Cls: 0.0685, GRQO: 0.0343, Acc: 0.9882 | Val - Loss: 1.9853, Cls: 1.9720, GRQO: 0.0166, Acc: 0.5447
2025-11-30 08:01:42,744 | INFO | [Art] Epoch 8/10 | Train - Loss: 0.1493, Cls: 0.0624, GRQO: 0.1086, Acc: 0.9872 | Val - Loss: 2.0926, Cls: 2.0814, GRQO: 0.0139, Acc: 0.5365
2025-11-30 08:02:39,649 | INFO | [Art] Epoch 9/10 | Train - Loss: 0.2150, Cls: 0.1011, GRQO: 0.1424, Acc: 0.9772 | Val - Loss: 2.5515, Cls: 2.5986, GRQO: -0.0589, Acc: 0.4310
2025-11-30 08:03:35,167 | INFO | [Art] Epoch 10/10 | Train - Loss: 0.4007, Cls: 0.1951, GRQO: 0.2570, Acc: 0.9549 | Val - Loss: 2.1862, Cls: 2.1776, GRQO: 0.0108, Acc: 0.5225
2025-11-30 08:03:35,168 | INFO | [Art] Best Acc: 0.5529
2025-11-30 08:03:35,168 | INFO | ------------------------------------------------------------
2025-11-30 08:03:35,368 | INFO | === LODO: Leaving out domain 'Clipart' ===
2025-11-30 08:04:30,074 | INFO | [Clipart] Epoch 1/10 | Train - Loss: 3.0400, Cls: 3.0348, GRQO: 0.0066, Acc: 0.4010 | Val - Loss: 2.6942, Cls: 2.6850, GRQO: 0.0115, Acc: 0.4005
2025-11-30 08:04:30,412 | INFO | [Clipart] New best val acc: 0.4005
2025-11-30 08:05:24,787 | INFO | [Clipart] Epoch 2/10 | Train - Loss: 1.1545, Cls: 1.1543, GRQO: 0.0003, Acc: 0.7864 | Val - Loss: 2.3016, Cls: 2.2789, GRQO: 0.0283, Acc: 0.4538
2025-11-30 08:05:24,865 | INFO | [Clipart] New best val acc: 0.4538
2025-11-30 08:06:19,509 | INFO | [Clipart] Epoch 3/10 | Train - Loss: 0.4499, Cls: 0.4541, GRQO: -0.0053, Acc: 0.9242 | Val - Loss: 2.3540, Cls: 2.3405, GRQO: 0.0168, Acc: 0.4568
2025-11-30 08:06:19,585 | INFO | [Clipart] New best val acc: 0.4568
2025-11-30 08:07:14,355 | INFO | [Clipart] Epoch 4/10 | Train - Loss: 0.1733, Cls: 0.1829, GRQO: -0.0121, Acc: 0.9791 | Val - Loss: 2.3197, Cls: 2.3202, GRQO: -0.0006, Acc: 0.4669
2025-11-30 08:07:14,446 | INFO | [Clipart] New best val acc: 0.4669
2025-11-30 08:08:08,524 | INFO | [Clipart] Epoch 5/10 | Train - Loss: 0.0638, Cls: 0.0875, GRQO: -0.0297, Acc: 0.9919 | Val - Loss: 2.3449, Cls: 2.3686, GRQO: -0.0297, Acc: 0.4740
2025-11-30 08:08:08,604 | INFO | [Clipart] New best val acc: 0.4740
2025-11-30 08:09:03,212 | INFO | [Clipart] Epoch 6/10 | Train - Loss: 0.0044, Cls: 0.0534, GRQO: -0.0613, Acc: 0.9947 | Val - Loss: 2.3751, Cls: 2.4219, GRQO: -0.0585, Acc: 0.4685
2025-11-30 08:09:57,458 | INFO | [Clipart] Epoch 7/10 | Train - Loss: -0.0287, Cls: 0.0398, GRQO: -0.0857, Acc: 0.9954 | Val - Loss: 2.3956, Cls: 2.4201, GRQO: -0.0307, Acc: 0.4724
2025-11-30 08:10:46,224 | INFO | [Clipart] Epoch 8/10 | Train - Loss: -0.0144, Cls: 0.0333, GRQO: -0.0596, Acc: 0.9951 | Val - Loss: 2.4951, Cls: 2.4754, GRQO: 0.0247, Acc: 0.4676
2025-11-30 08:11:40,567 | INFO | [Clipart] Epoch 9/10 | Train - Loss: 0.0875, Cls: 0.0335, GRQO: 0.0675, Acc: 0.9952 | Val - Loss: 2.5458, Cls: 2.5004, GRQO: 0.0567, Acc: 0.4639
2025-11-30 08:12:37,791 | INFO | [Clipart] Epoch 10/10 | Train - Loss: 0.0729, Cls: 0.0312, GRQO: 0.0521, Acc: 0.9951 | Val - Loss: 2.6395, Cls: 2.5579, GRQO: 0.1020, Acc: 0.4564
2025-11-30 08:12:37,791 | INFO | [Clipart] Best Acc: 0.4740
2025-11-30 08:12:37,792 | INFO | ------------------------------------------------------------
2025-11-30 08:12:37,992 | INFO | === LODO: Leaving out domain 'Product' ===
2025-11-30 08:13:34,771 | INFO | [Product] Epoch 1/10 | Train - Loss: 3.2363, Cls: 3.2306, GRQO: 0.0071, Acc: 0.2959 | Val - Loss: 2.2713, Cls: 2.2709, GRQO: 0.0004, Acc: 0.4875
2025-11-30 08:13:34,838 | INFO | [Product] New best val acc: 0.4875
2025-11-30 08:14:32,193 | INFO | [Product] Epoch 2/10 | Train - Loss: 1.4913, Cls: 1.4897, GRQO: 0.0020, Acc: 0.7034 | Val - Loss: 1.4643, Cls: 1.4648, GRQO: -0.0006, Acc: 0.6630
2025-11-30 08:14:32,304 | INFO | [Product] New best val acc: 0.6630
2025-11-30 08:15:29,476 | INFO | [Product] Epoch 3/10 | Train - Loss: 0.6560, Cls: 0.6588, GRQO: -0.0034, Acc: 0.8845 | Val - Loss: 1.3037, Cls: 1.3036, GRQO: 0.0001, Acc: 0.6806
2025-11-30 08:15:29,565 | INFO | [Product] New best val acc: 0.6806
2025-11-30 08:16:25,967 | INFO | [Product] Epoch 4/10 | Train - Loss: 0.2985, Cls: 0.3056, GRQO: -0.0088, Acc: 0.9554 | Val - Loss: 1.2053, Cls: 1.2054, GRQO: -0.0002, Acc: 0.7013
2025-11-30 08:16:26,139 | INFO | [Product] New best val acc: 0.7013
2025-11-30 08:17:24,073 | INFO | [Product] Epoch 5/10 | Train - Loss: 0.1406, Cls: 0.1506, GRQO: -0.0126, Acc: 0.9817 | Val - Loss: 1.2004, Cls: 1.2007, GRQO: -0.0004, Acc: 0.7031
2025-11-30 08:17:24,163 | INFO | [Product] New best val acc: 0.7031
2025-11-30 08:18:21,611 | INFO | [Product] Epoch 6/10 | Train - Loss: 0.0942, Cls: 0.1046, GRQO: -0.0130, Acc: 0.9858 | Val - Loss: 1.2137, Cls: 1.2139, GRQO: -0.0002, Acc: 0.7087
2025-11-30 08:18:21,703 | INFO | [Product] New best val acc: 0.7087
2025-11-30 08:19:18,668 | INFO | [Product] Epoch 7/10 | Train - Loss: 0.0576, Cls: 0.0760, GRQO: -0.0230, Acc: 0.9866 | Val - Loss: 1.2078, Cls: 1.2085, GRQO: -0.0009, Acc: 0.7060
2025-11-30 08:20:15,808 | INFO | [Product] Epoch 8/10 | Train - Loss: 0.0653, Cls: 0.0769, GRQO: -0.0145, Acc: 0.9856 | Val - Loss: 1.2292, Cls: 1.2310, GRQO: -0.0023, Acc: 0.7056
2025-11-30 08:21:12,958 | INFO | [Product] Epoch 9/10 | Train - Loss: 0.0331, Cls: 0.0585, GRQO: -0.0318, Acc: 0.9872 | Val - Loss: 1.2534, Cls: 1.2518, GRQO: 0.0020, Acc: 0.7015
2025-11-30 08:22:10,431 | INFO | [Product] Epoch 10/10 | Train - Loss: 0.0289, Cls: 0.0541, GRQO: -0.0316, Acc: 0.9883 | Val - Loss: 1.2673, Cls: 1.2586, GRQO: 0.0108, Acc: 0.7085
2025-11-30 08:22:10,431 | INFO | [Product] Best Acc: 0.7087
2025-11-30 08:22:10,431 | INFO | ------------------------------------------------------------
2025-11-30 08:22:10,642 | INFO | === LODO: Leaving out domain 'Real World' ===
2025-11-30 08:23:57,278 | INFO | [Real World] Epoch 1/10 | Train - Loss: 3.1881, Cls: 3.1825, GRQO: 0.0069, Acc: 0.3252 | Val - Loss: 2.0958, Cls: 2.0953, GRQO: 0.0005, Acc: 0.5318
2025-11-30 08:23:57,361 | INFO | [Real World] New best val acc: 0.5318
2025-11-30 08:25:43,408 | INFO | [Real World] Epoch 2/10 | Train - Loss: 1.3667, Cls: 1.3652, GRQO: 0.0019, Acc: 0.7382 | Val - Loss: 1.3435, Cls: 1.3443, GRQO: -0.0010, Acc: 0.6876
2025-11-30 08:25:43,509 | INFO | [Real World] New best val acc: 0.6876
2025-11-30 08:27:29,046 | INFO | [Real World] Epoch 3/10 | Train - Loss: 0.5506, Cls: 0.5541, GRQO: -0.0044, Acc: 0.9132 | Val - Loss: 1.1924, Cls: 1.1917, GRQO: 0.0009, Acc: 0.7028
2025-11-30 08:27:29,132 | INFO | [Real World] New best val acc: 0.7028
2025-11-30 08:29:15,771 | INFO | [Real World] Epoch 4/10 | Train - Loss: 0.2266, Cls: 0.2350, GRQO: -0.0104, Acc: 0.9719 | Val - Loss: 1.0951, Cls: 1.0962, GRQO: -0.0014, Acc: 0.7244
2025-11-30 08:29:15,854 | INFO | [Real World] New best val acc: 0.7244
2025-11-30 08:31:01,929 | INFO | [Real World] Epoch 5/10 | Train - Loss: 0.1057, Cls: 0.1207, GRQO: -0.0188, Acc: 0.9859 | Val - Loss: 1.0664, Cls: 1.0687, GRQO: -0.0028, Acc: 0.7305
2025-11-30 08:31:02,026 | INFO | [Real World] New best val acc: 0.7305
2025-11-30 08:32:46,936 | INFO | [Real World] Epoch 6/10 | Train - Loss: 0.0587, Cls: 0.0810, GRQO: -0.0279, Acc: 0.9878 | Val - Loss: 1.1062, Cls: 1.1114, GRQO: -0.0065, Acc: 0.7255
2025-11-30 08:34:32,618 | INFO | [Real World] Epoch 7/10 | Train - Loss: 0.0335, Cls: 0.0636, GRQO: -0.0376, Acc: 0.9875 | Val - Loss: 1.1053, Cls: 1.1101, GRQO: -0.0060, Acc: 0.7241
2025-11-30 08:36:18,860 | INFO | [Real World] Epoch 8/10 | Train - Loss: 0.0126, Cls: 0.0546, GRQO: -0.0524, Acc: 0.9888 | Val - Loss: 1.1274, Cls: 1.1283, GRQO: -0.0012, Acc: 0.7271
2025-11-30 08:38:03,799 | INFO | [Real World] Epoch 9/10 | Train - Loss: -0.0214, Cls: 0.0458, GRQO: -0.0840, Acc: 0.9899 | Val - Loss: 1.1656, Cls: 1.1539, GRQO: 0.0146, Acc: 0.7237
2025-11-30 08:39:49,286 | INFO | [Real World] Epoch 10/10 | Train - Loss: -0.0055, Cls: 0.0437, GRQO: -0.0616, Acc: 0.9889 | Val - Loss: 1.1906, Cls: 1.1290, GRQO: 0.0770, Acc: 0.7347
2025-11-30 08:39:49,405 | INFO | [Real World] New best val acc: 0.7347
2025-11-30 08:39:49,406 | INFO | [Real World] Best Acc: 0.7347
2025-11-30 08:39:49,407 | INFO | ------------------------------------------------------------
2025-11-30 08:39:49,411 | INFO | LODO finished | Mean Acc: 0.6176 | Summary saved to d:\Haseeb\SPROJ\GRQO\Vit-GRQO\resnet18_experiments\OfficeHome\logs\lodo_summary_20251130_083949.json
2025-11-30 08:39:49,432 | INFO | Initializing ResNet baseline: resnet18
2025-11-30 08:39:49,612 | INFO | === Baseline LODO: Leaving out domain 'Art' ===
2025-11-30 08:40:47,710 | INFO | [Art] Epoch 1/10 | Train - Loss: 2.2325, Acc: 0.5301 | Val Acc: 0.4957
2025-11-30 08:41:46,390 | INFO | [Art] Epoch 2/10 | Train - Loss: 0.8422, Acc: 0.8343 | Val Acc: 0.5426
2025-11-30 08:42:44,036 | INFO | [Art] Epoch 3/10 | Train - Loss: 0.4126, Acc: 0.9277 | Val Acc: 0.5620
2025-11-30 08:43:42,142 | INFO | [Art] Epoch 4/10 | Train - Loss: 0.2012, Acc: 0.9710 | Val Acc: 0.5678
2025-11-30 08:44:40,617 | INFO | [Art] Epoch 5/10 | Train - Loss: 0.1068, Acc: 0.9852 | Val Acc: 0.5727
2025-11-30 08:45:28,752 | INFO | [Art] Epoch 6/10 | Train - Loss: 0.0673, Acc: 0.9885 | Val Acc: 0.5884
2025-11-30 08:46:13,736 | INFO | [Art] Epoch 7/10 | Train - Loss: 0.0514, Acc: 0.9893 | Val Acc: 0.5789
2025-11-30 08:46:47,216 | INFO | [Art] Epoch 8/10 | Train - Loss: 0.0413, Acc: 0.9904 | Val Acc: 0.5748
2025-11-30 08:47:20,382 | INFO | [Art] Epoch 9/10 | Train - Loss: 0.0384, Acc: 0.9894 | Val Acc: 0.5793
