2025-11-26 04:30:17,671 | INFO | Initialized experiment directories for VLCS
2025-11-26 04:30:17,672 | INFO | Logs: d:\Haseeb\SPROJ\GRQO\Vit-GRQO\resnet34_experiments\VLCS\logs
2025-11-26 04:30:17,672 | INFO | Checkpoints: d:\Haseeb\SPROJ\GRQO\Vit-GRQO\resnet34_experiments\VLCS\checkpoints
2025-11-26 04:30:17,673 | INFO | Plots: d:\Haseeb\SPROJ\GRQO\Vit-GRQO\resnet34_experiments\VLCS\plots
2025-11-26 04:30:17,998 | INFO | === LODO: Leaving out domain 'VOC2007' ===
2025-11-26 04:30:53,439 | INFO | [VOC2007] Epoch 1/10 | Train - Loss: 0.6676, Cls: 0.6587, GRQO: 0.0090, Acc: 0.7487 | Val - Loss: 0.7131, Cls: 0.7117, GRQO: 0.0014, Acc: 0.7473
2025-11-26 04:30:53,539 | INFO | [VOC2007] New best val acc: 0.7473
2025-11-26 04:31:29,723 | INFO | [VOC2007] Epoch 2/10 | Train - Loss: 0.2965, Cls: 0.2946, GRQO: 0.0018, Acc: 0.8973 | Val - Loss: 0.7347, Cls: 0.7341, GRQO: 0.0007, Acc: 0.7488
2025-11-26 04:31:29,805 | INFO | [VOC2007] New best val acc: 0.7488
2025-11-26 04:32:05,271 | INFO | [VOC2007] Epoch 3/10 | Train - Loss: 0.1220, Cls: 0.1206, GRQO: 0.0014, Acc: 0.9611 | Val - Loss: 1.0089, Cls: 1.0083, GRQO: 0.0006, Acc: 0.7023
2025-11-26 04:32:40,753 | INFO | [VOC2007] Epoch 4/10 | Train - Loss: 0.0632, Cls: 0.0623, GRQO: 0.0009, Acc: 0.9789 | Val - Loss: 1.1406, Cls: 1.1403, GRQO: 0.0003, Acc: 0.7461
2025-11-26 04:33:16,155 | INFO | [VOC2007] Epoch 5/10 | Train - Loss: 0.0349, Cls: 0.0343, GRQO: 0.0006, Acc: 0.9898 | Val - Loss: 1.1253, Cls: 1.1250, GRQO: 0.0004, Acc: 0.7506
2025-11-26 04:33:16,261 | INFO | [VOC2007] New best val acc: 0.7506
2025-11-26 04:33:51,553 | INFO | [VOC2007] Epoch 6/10 | Train - Loss: 0.0347, Cls: 0.0343, GRQO: 0.0004, Acc: 0.9876 | Val - Loss: 1.1237, Cls: 1.1238, GRQO: -0.0000, Acc: 0.7764
2025-11-26 04:33:51,653 | INFO | [VOC2007] New best val acc: 0.7764
2025-11-26 04:34:27,985 | INFO | [VOC2007] Epoch 7/10 | Train - Loss: 0.0333, Cls: 0.0331, GRQO: 0.0002, Acc: 0.9872 | Val - Loss: 1.2777, Cls: 1.2776, GRQO: 0.0001, Acc: 0.7263
2025-11-26 04:35:05,901 | INFO | [VOC2007] Epoch 8/10 | Train - Loss: 0.0242, Cls: 0.0244, GRQO: -0.0002, Acc: 0.9918 | Val - Loss: 1.1041, Cls: 1.1042, GRQO: -0.0001, Acc: 0.7607
2025-11-26 04:35:42,954 | INFO | [VOC2007] Epoch 9/10 | Train - Loss: 0.0299, Cls: 0.0300, GRQO: -0.0002, Acc: 0.9898 | Val - Loss: 1.5443, Cls: 1.5443, GRQO: 0.0000, Acc: 0.6982
2025-11-26 04:36:19,617 | INFO | [VOC2007] Epoch 10/10 | Train - Loss: 0.0346, Cls: 0.0350, GRQO: -0.0004, Acc: 0.9884 | Val - Loss: 1.2306, Cls: 1.2306, GRQO: -0.0000, Acc: 0.7302
2025-11-26 04:36:19,617 | INFO | [VOC2007] Best Acc: 0.7764
2025-11-26 04:36:19,617 | INFO | ------------------------------------------------------------
2025-11-26 04:36:19,803 | INFO | === LODO: Leaving out domain 'LabelMe' ===
2025-11-26 04:37:45,021 | INFO | [LabelMe] Epoch 1/10 | Train - Loss: 0.5517, Cls: 0.5437, GRQO: 0.0079, Acc: 0.7997 | Val - Loss: 1.5057, Cls: 1.5041, GRQO: 0.0015, Acc: 0.6502
2025-11-26 04:37:45,098 | INFO | [LabelMe] New best val acc: 0.6502
2025-11-26 04:39:10,832 | INFO | [LabelMe] Epoch 2/10 | Train - Loss: 0.2064, Cls: 0.2048, GRQO: 0.0016, Acc: 0.9310 | Val - Loss: 2.0431, Cls: 2.0423, GRQO: 0.0008, Acc: 0.6306
2025-11-26 04:40:35,776 | INFO | [LabelMe] Epoch 3/10 | Train - Loss: 0.0737, Cls: 0.0728, GRQO: 0.0010, Acc: 0.9788 | Val - Loss: 2.8282, Cls: 2.8272, GRQO: 0.0010, Acc: 0.6141
2025-11-26 04:42:01,310 | INFO | [LabelMe] Epoch 4/10 | Train - Loss: 0.0388, Cls: 0.0382, GRQO: 0.0006, Acc: 0.9887 | Val - Loss: 2.3556, Cls: 2.3548, GRQO: 0.0008, Acc: 0.6589
2025-11-26 04:42:01,394 | INFO | [LabelMe] New best val acc: 0.6589
2025-11-26 04:43:27,029 | INFO | [LabelMe] Epoch 5/10 | Train - Loss: 0.0932, Cls: 0.0918, GRQO: 0.0015, Acc: 0.9706 | Val - Loss: 2.0084, Cls: 2.0083, GRQO: 0.0001, Acc: 0.6732
2025-11-26 04:43:27,126 | INFO | [LabelMe] New best val acc: 0.6732
2025-11-26 04:44:52,474 | INFO | [LabelMe] Epoch 6/10 | Train - Loss: 0.0327, Cls: 0.0327, GRQO: -0.0001, Acc: 0.9907 | Val - Loss: 2.7947, Cls: 2.7947, GRQO: 0.0000, Acc: 0.6359
2025-11-26 04:46:17,358 | INFO | [LabelMe] Epoch 7/10 | Train - Loss: 0.0703, Cls: 0.0700, GRQO: 0.0003, Acc: 0.9767 | Val - Loss: 2.1153, Cls: 2.1154, GRQO: -0.0000, Acc: 0.6830
2025-11-26 04:46:17,456 | INFO | [LabelMe] New best val acc: 0.6830
2025-11-26 04:47:43,178 | INFO | [LabelMe] Epoch 8/10 | Train - Loss: 0.0769, Cls: 0.0772, GRQO: -0.0003, Acc: 0.9761 | Val - Loss: 2.3950, Cls: 2.3945, GRQO: 0.0005, Acc: 0.6322
2025-11-26 04:49:08,698 | INFO | [LabelMe] Epoch 9/10 | Train - Loss: 0.0313, Cls: 0.0305, GRQO: 0.0007, Acc: 0.9916 | Val - Loss: 2.4417, Cls: 2.4417, GRQO: 0.0001, Acc: 0.6581
2025-11-26 04:50:33,201 | INFO | [LabelMe] Epoch 10/10 | Train - Loss: 0.0385, Cls: 0.0389, GRQO: -0.0004, Acc: 0.9887 | Val - Loss: 2.6824, Cls: 2.6828, GRQO: -0.0004, Acc: 0.6306
2025-11-26 04:50:33,201 | INFO | [LabelMe] Best Acc: 0.6830
2025-11-26 04:50:33,201 | INFO | ------------------------------------------------------------
2025-11-26 04:50:33,384 | INFO | === LODO: Leaving out domain 'Caltech101' ===
2025-11-26 04:51:04,853 | INFO | [Caltech101] Epoch 1/10 | Train - Loss: 0.7032, Cls: 0.6928, GRQO: 0.0103, Acc: 0.7358 | Val - Loss: 0.1327, Cls: 0.1323, GRQO: 0.0003, Acc: 0.9830
2025-11-26 04:51:04,950 | INFO | [Caltech101] New best val acc: 0.9830
2025-11-26 04:51:35,303 | INFO | [Caltech101] Epoch 2/10 | Train - Loss: 0.3295, Cls: 0.3279, GRQO: 0.0016, Acc: 0.8838 | Val - Loss: 0.0854, Cls: 0.0854, GRQO: 0.0000, Acc: 0.9816
2025-11-26 04:52:05,871 | INFO | [Caltech101] Epoch 3/10 | Train - Loss: 0.1354, Cls: 0.1345, GRQO: 0.0009, Acc: 0.9546 | Val - Loss: 0.0385, Cls: 0.0392, GRQO: -0.0007, Acc: 0.9852
2025-11-26 04:52:05,974 | INFO | [Caltech101] New best val acc: 0.9852
2025-11-26 04:52:36,516 | INFO | [Caltech101] Epoch 4/10 | Train - Loss: 0.0707, Cls: 0.0701, GRQO: 0.0005, Acc: 0.9767 | Val - Loss: 0.0999, Cls: 0.1013, GRQO: -0.0013, Acc: 0.9661
2025-11-26 04:53:07,581 | INFO | [Caltech101] Epoch 5/10 | Train - Loss: 0.0543, Cls: 0.0540, GRQO: 0.0003, Acc: 0.9817 | Val - Loss: 0.1043, Cls: 0.1053, GRQO: -0.0009, Acc: 0.9724
2025-11-26 04:53:38,263 | INFO | [Caltech101] Epoch 6/10 | Train - Loss: 0.0465, Cls: 0.0464, GRQO: 0.0001, Acc: 0.9838 | Val - Loss: 0.2223, Cls: 0.2237, GRQO: -0.0014, Acc: 0.9413
2025-11-26 04:54:10,148 | INFO | [Caltech101] Epoch 7/10 | Train - Loss: 0.0283, Cls: 0.0285, GRQO: -0.0003, Acc: 0.9907 | Val - Loss: 0.1718, Cls: 0.1733, GRQO: -0.0015, Acc: 0.9654
2025-11-26 04:54:42,903 | INFO | [Caltech101] Epoch 8/10 | Train - Loss: 0.0258, Cls: 0.0263, GRQO: -0.0005, Acc: 0.9912 | Val - Loss: 0.2260, Cls: 0.2279, GRQO: -0.0019, Acc: 0.9498
2025-11-26 04:55:14,712 | INFO | [Caltech101] Epoch 9/10 | Train - Loss: 0.0312, Cls: 0.0321, GRQO: -0.0008, Acc: 0.9895 | Val - Loss: 0.0482, Cls: 0.0496, GRQO: -0.0014, Acc: 0.9901
2025-11-26 04:55:14,812 | INFO | [Caltech101] New best val acc: 0.9901
2025-11-26 04:55:45,747 | INFO | [Caltech101] Epoch 10/10 | Train - Loss: 0.0352, Cls: 0.0363, GRQO: -0.0011, Acc: 0.9883 | Val - Loss: 0.1401, Cls: 0.1426, GRQO: -0.0025, Acc: 0.9625
2025-11-26 04:55:45,747 | INFO | [Caltech101] Best Acc: 0.9901
2025-11-26 04:55:45,747 | INFO | ------------------------------------------------------------
2025-11-26 04:55:45,945 | INFO | === LODO: Leaving out domain 'SUN09' ===
2025-11-26 04:56:26,110 | INFO | [SUN09] Epoch 1/10 | Train - Loss: 0.6151, Cls: 0.6083, GRQO: 0.0068, Acc: 0.7815 | Val - Loss: 0.6430, Cls: 0.6421, GRQO: 0.0009, Acc: 0.7450
2025-11-26 04:56:26,194 | INFO | [SUN09] New best val acc: 0.7450
2025-11-26 04:57:06,717 | INFO | [SUN09] Epoch 2/10 | Train - Loss: 0.2712, Cls: 0.2699, GRQO: 0.0014, Acc: 0.9061 | Val - Loss: 0.7909, Cls: 0.7897, GRQO: 0.0012, Acc: 0.7179
2025-11-26 04:57:46,560 | INFO | [SUN09] Epoch 3/10 | Train - Loss: 0.1208, Cls: 0.1198, GRQO: 0.0009, Acc: 0.9615 | Val - Loss: 1.0605, Cls: 1.0599, GRQO: 0.0006, Acc: 0.6828
2025-11-26 04:58:26,909 | INFO | [SUN09] Epoch 4/10 | Train - Loss: 0.0597, Cls: 0.0592, GRQO: 0.0005, Acc: 0.9809 | Val - Loss: 1.1666, Cls: 1.1662, GRQO: 0.0004, Acc: 0.7154
2025-11-26 04:59:07,893 | INFO | [SUN09] Epoch 5/10 | Train - Loss: 0.0389, Cls: 0.0388, GRQO: 0.0001, Acc: 0.9874 | Val - Loss: 1.3914, Cls: 1.3910, GRQO: 0.0004, Acc: 0.6834
2025-11-26 04:59:48,259 | INFO | [SUN09] Epoch 6/10 | Train - Loss: 0.0245, Cls: 0.0248, GRQO: -0.0003, Acc: 0.9926 | Val - Loss: 1.6150, Cls: 1.6130, GRQO: 0.0019, Acc: 0.6782
2025-11-26 05:00:29,291 | INFO | [SUN09] Epoch 7/10 | Train - Loss: 0.0695, Cls: 0.0695, GRQO: -0.0000, Acc: 0.9778 | Val - Loss: 1.2710, Cls: 1.2707, GRQO: 0.0002, Acc: 0.7166
2025-11-26 05:01:10,305 | INFO | [SUN09] Epoch 8/10 | Train - Loss: 0.0417, Cls: 0.0419, GRQO: -0.0002, Acc: 0.9863 | Val - Loss: 1.6066, Cls: 1.6058, GRQO: 0.0008, Acc: 0.6807
2025-11-26 05:01:51,672 | INFO | [SUN09] Epoch 9/10 | Train - Loss: 0.0327, Cls: 0.0334, GRQO: -0.0007, Acc: 0.9887 | Val - Loss: 1.2882, Cls: 1.2881, GRQO: 0.0001, Acc: 0.7255
2025-11-26 05:02:32,278 | INFO | [SUN09] Epoch 10/10 | Train - Loss: 0.0177, Cls: 0.0187, GRQO: -0.0010, Acc: 0.9941 | Val - Loss: 1.5640, Cls: 1.5639, GRQO: 0.0001, Acc: 0.6968
2025-11-26 05:02:32,279 | INFO | [SUN09] Best Acc: 0.7450
2025-11-26 05:02:32,279 | INFO | ------------------------------------------------------------
2025-11-26 05:02:32,281 | INFO | LODO finished | Mean Acc: 0.7986 | Summary saved to d:\Haseeb\SPROJ\GRQO\Vit-GRQO\resnet34_experiments\VLCS\logs\lodo_summary_20251126_050232.json
2025-11-26 05:02:32,287 | INFO | Initializing ResNet baseline: resnet18
2025-11-26 05:02:32,361 | INFO | === Baseline LODO: Leaving out domain 'VOC2007' ===
2025-11-26 05:03:07,940 | INFO | [VOC2007] Epoch 1/10 | Train - Loss: 0.6276, Acc: 0.7650 | Val Acc: 0.7556
2025-11-26 05:03:43,736 | INFO | [VOC2007] Epoch 2/10 | Train - Loss: 0.2770, Acc: 0.9060 | Val Acc: 0.7310
2025-11-26 05:04:19,621 | INFO | [VOC2007] Epoch 3/10 | Train - Loss: 0.1008, Acc: 0.9769 | Val Acc: 0.7325
2025-11-26 05:04:56,118 | INFO | [VOC2007] Epoch 4/10 | Train - Loss: 0.0282, Acc: 0.9962 | Val Acc: 0.7515
2025-11-26 05:05:32,284 | INFO | [VOC2007] Epoch 5/10 | Train - Loss: 0.0091, Acc: 0.9997 | Val Acc: 0.7346
2025-11-26 05:06:08,263 | INFO | [VOC2007] Epoch 6/10 | Train - Loss: 0.0051, Acc: 1.0000 | Val Acc: 0.7473
2025-11-26 05:06:43,866 | INFO | [VOC2007] Epoch 7/10 | Train - Loss: 0.0034, Acc: 1.0000 | Val Acc: 0.7441
2025-11-26 05:07:20,832 | INFO | [VOC2007] Epoch 8/10 | Train - Loss: 0.0022, Acc: 1.0000 | Val Acc: 0.7461
2025-11-26 05:07:58,364 | INFO | [VOC2007] Epoch 9/10 | Train - Loss: 0.0019, Acc: 1.0000 | Val Acc: 0.7459
2025-11-26 05:08:35,614 | INFO | [VOC2007] Epoch 10/10 | Train - Loss: 0.0014, Acc: 1.0000 | Val Acc: 0.7453
2025-11-26 05:08:35,614 | INFO | [VOC2007] Best Val Acc: 0.7556
2025-11-26 05:08:35,614 | INFO | ------------------------------------------------------------
2025-11-26 05:08:35,614 | INFO | Initializing ResNet baseline: resnet18
2025-11-26 05:08:35,714 | INFO | === Baseline LODO: Leaving out domain 'LabelMe' ===
2025-11-26 05:09:56,829 | INFO | [LabelMe] Epoch 1/10 | Train - Loss: 0.5841, Acc: 0.7944 | Val Acc: 0.6562
2025-11-26 05:11:17,875 | INFO | [LabelMe] Epoch 2/10 | Train - Loss: 0.2151, Acc: 0.9327 | Val Acc: 0.6145
2025-11-26 05:12:39,359 | INFO | [LabelMe] Epoch 3/10 | Train - Loss: 0.0817, Acc: 0.9823 | Val Acc: 0.6739
2025-11-26 05:13:59,695 | INFO | [LabelMe] Epoch 4/10 | Train - Loss: 0.0255, Acc: 0.9968 | Val Acc: 0.5968
2025-11-26 05:15:20,361 | INFO | [LabelMe] Epoch 5/10 | Train - Loss: 0.0210, Acc: 0.9969 | Val Acc: 0.6679
2025-11-26 05:16:41,283 | INFO | [LabelMe] Epoch 6/10 | Train - Loss: 0.0120, Acc: 0.9985 | Val Acc: 0.6593
2025-11-26 05:18:01,869 | INFO | [LabelMe] Epoch 7/10 | Train - Loss: 0.0063, Acc: 0.9996 | Val Acc: 0.6446
2025-11-26 05:19:21,935 | INFO | [LabelMe] Epoch 8/10 | Train - Loss: 0.0061, Acc: 0.9989 | Val Acc: 0.6679
2025-11-26 05:20:41,550 | INFO | [LabelMe] Epoch 9/10 | Train - Loss: 0.0046, Acc: 0.9995 | Val Acc: 0.6664
2025-11-26 05:22:02,486 | INFO | [LabelMe] Epoch 10/10 | Train - Loss: 0.0404, Acc: 0.9895 | Val Acc: 0.6427
2025-11-26 05:22:02,486 | INFO | [LabelMe] Best Val Acc: 0.6739
2025-11-26 05:22:02,486 | INFO | ------------------------------------------------------------
2025-11-26 05:22:02,486 | INFO | Initializing ResNet baseline: resnet18
2025-11-26 05:22:02,569 | INFO | === Baseline LODO: Leaving out domain 'Caltech101' ===
2025-11-26 05:22:34,548 | INFO | [Caltech101] Epoch 1/10 | Train - Loss: 0.7159, Acc: 0.7347 | Val Acc: 0.9837
2025-11-26 05:23:06,821 | INFO | [Caltech101] Epoch 2/10 | Train - Loss: 0.3161, Acc: 0.8919 | Val Acc: 0.9682
2025-11-26 05:23:38,330 | INFO | [Caltech101] Epoch 3/10 | Train - Loss: 0.1133, Acc: 0.9708 | Val Acc: 0.9555
2025-11-26 05:24:09,830 | INFO | [Caltech101] Epoch 4/10 | Train - Loss: 0.0295, Acc: 0.9959 | Val Acc: 0.9583
2025-11-26 05:24:41,616 | INFO | [Caltech101] Epoch 5/10 | Train - Loss: 0.0123, Acc: 0.9989 | Val Acc: 0.9633
2025-11-26 05:25:12,615 | INFO | [Caltech101] Epoch 6/10 | Train - Loss: 0.0054, Acc: 0.9999 | Val Acc: 0.9618
2025-11-26 05:25:44,228 | INFO | [Caltech101] Epoch 7/10 | Train - Loss: 0.0033, Acc: 1.0000 | Val Acc: 0.9689
2025-11-26 05:26:15,061 | INFO | [Caltech101] Epoch 8/10 | Train - Loss: 0.0022, Acc: 1.0000 | Val Acc: 0.9654
2025-11-26 05:26:46,986 | INFO | [Caltech101] Epoch 9/10 | Train - Loss: 0.0017, Acc: 1.0000 | Val Acc: 0.9668
2025-11-26 05:27:18,143 | INFO | [Caltech101] Epoch 10/10 | Train - Loss: 0.0013, Acc: 1.0000 | Val Acc: 0.9640
2025-11-26 05:27:18,143 | INFO | [Caltech101] Best Val Acc: 0.9837
2025-11-26 05:27:18,143 | INFO | ------------------------------------------------------------
2025-11-26 05:27:18,143 | INFO | Initializing ResNet baseline: resnet18
2025-11-26 05:27:18,226 | INFO | === Baseline LODO: Leaving out domain 'SUN09' ===
2025-11-26 05:27:58,175 | INFO | [SUN09] Epoch 1/10 | Train - Loss: 0.6162, Acc: 0.7720 | Val Acc: 0.7212
2025-11-26 05:28:38,608 | INFO | [SUN09] Epoch 2/10 | Train - Loss: 0.2654, Acc: 0.9086 | Val Acc: 0.7145
2025-11-26 05:29:18,840 | INFO | [SUN09] Epoch 3/10 | Train - Loss: 0.1127, Acc: 0.9694 | Val Acc: 0.7105
2025-11-26 05:29:59,009 | INFO | [SUN09] Epoch 4/10 | Train - Loss: 0.0362, Acc: 0.9941 | Val Acc: 0.7130
2025-11-26 05:30:39,089 | INFO | [SUN09] Epoch 5/10 | Train - Loss: 0.0156, Acc: 0.9987 | Val Acc: 0.7239
2025-11-26 05:31:19,543 | INFO | [SUN09] Epoch 6/10 | Train - Loss: 0.0064, Acc: 0.9997 | Val Acc: 0.7297
2025-11-26 05:32:00,610 | INFO | [SUN09] Epoch 7/10 | Train - Loss: 0.0041, Acc: 0.9999 | Val Acc: 0.7346
2025-11-26 05:32:40,062 | INFO | [SUN09] Epoch 8/10 | Train - Loss: 0.0030, Acc: 1.0000 | Val Acc: 0.7313
2025-11-26 05:33:19,869 | INFO | [SUN09] Epoch 9/10 | Train - Loss: 0.0020, Acc: 1.0000 | Val Acc: 0.7313
2025-11-26 05:34:00,724 | INFO | [SUN09] Epoch 10/10 | Train - Loss: 0.0017, Acc: 1.0000 | Val Acc: 0.7297
2025-11-26 05:34:00,724 | INFO | [SUN09] Best Val Acc: 0.7346
2025-11-26 05:34:00,734 | INFO | ------------------------------------------------------------
2025-11-26 05:34:00,736 | INFO | Baseline LODO (resnet18) finished | Mean Acc: 0.7870
