2025-11-25 03:24:28,828 | INFO | Initialized experiment directories for VLCS
2025-11-25 03:24:28,828 | INFO | Logs: d:\Haseeb\SPROJ\GRQO\Vit-GRQO\resnet18_experiments\VLCS\logs
2025-11-25 03:24:28,829 | INFO | Checkpoints: d:\Haseeb\SPROJ\GRQO\Vit-GRQO\resnet18_experiments\VLCS\checkpoints
2025-11-25 03:24:28,836 | INFO | Plots: d:\Haseeb\SPROJ\GRQO\Vit-GRQO\resnet18_experiments\VLCS\plots
2025-11-25 03:24:29,081 | INFO | === LODO: Leaving out domain 'VOC2007' ===
2025-11-25 03:25:04,059 | INFO | [VOC2007] Epoch 1/10 | Train - Loss: 0.7092, Cls: 0.7100, GRQO: -0.0076, Acc: 0.7223 | Val - Loss: 0.8174, Cls: 0.8188, GRQO: -0.0134, Acc: 0.6866
2025-11-25 03:25:04,115 | INFO | [VOC2007] New best val acc: 0.6866
2025-11-25 03:25:39,314 | INFO | [VOC2007] Epoch 2/10 | Train - Loss: 0.4111, Cls: 0.4127, GRQO: -0.0158, Acc: 0.8469 | Val - Loss: 0.6172, Cls: 0.6190, GRQO: -0.0177, Acc: 0.7829
2025-11-25 03:25:39,381 | INFO | [VOC2007] New best val acc: 0.7829
2025-11-25 03:26:14,279 | INFO | [VOC2007] Epoch 3/10 | Train - Loss: 0.2429, Cls: 0.2449, GRQO: -0.0199, Acc: 0.9164 | Val - Loss: 0.6670, Cls: 0.6695, GRQO: -0.0250, Acc: 0.7764
2025-11-25 03:26:48,763 | INFO | [VOC2007] Epoch 4/10 | Train - Loss: 0.1189, Cls: 0.1203, GRQO: -0.0140, Acc: 0.9631 | Val - Loss: 1.0932, Cls: 1.0959, GRQO: -0.0268, Acc: 0.7127
2025-11-25 03:27:23,846 | INFO | [VOC2007] Epoch 5/10 | Train - Loss: 0.0563, Cls: 0.0573, GRQO: -0.0103, Acc: 0.9814 | Val - Loss: 1.2776, Cls: 1.2798, GRQO: -0.0217, Acc: 0.7127
2025-11-25 03:27:58,561 | INFO | [VOC2007] Epoch 6/10 | Train - Loss: 0.0333, Cls: 0.0341, GRQO: -0.0078, Acc: 0.9897 | Val - Loss: 1.5321, Cls: 1.5345, GRQO: -0.0239, Acc: 0.6857
2025-11-25 03:28:33,311 | INFO | [VOC2007] Epoch 7/10 | Train - Loss: 0.0973, Cls: 0.0977, GRQO: -0.0035, Acc: 0.9652 | Val - Loss: 1.0339, Cls: 1.0348, GRQO: -0.0094, Acc: 0.7313
2025-11-25 03:29:09,877 | INFO | [VOC2007] Epoch 8/10 | Train - Loss: 0.0245, Cls: 0.0249, GRQO: -0.0043, Acc: 0.9933 | Val - Loss: 1.4081, Cls: 1.4096, GRQO: -0.0150, Acc: 0.7032
2025-11-25 03:29:46,547 | INFO | [VOC2007] Epoch 9/10 | Train - Loss: 0.0080, Cls: 0.0084, GRQO: -0.0035, Acc: 0.9981 | Val - Loss: 1.4104, Cls: 1.4120, GRQO: -0.0160, Acc: 0.7239
2025-11-25 03:30:22,109 | INFO | [VOC2007] Epoch 10/10 | Train - Loss: 0.0027, Cls: 0.0030, GRQO: -0.0028, Acc: 0.9996 | Val - Loss: 1.3979, Cls: 1.3996, GRQO: -0.0168, Acc: 0.7293
2025-11-25 03:30:22,109 | INFO | [VOC2007] Best Acc: 0.7829
2025-11-25 03:30:22,109 | INFO | ------------------------------------------------------------
2025-11-25 03:30:22,225 | INFO | === LODO: Leaving out domain 'LabelMe' ===
2025-11-25 03:31:44,507 | INFO | [LabelMe] Epoch 1/10 | Train - Loss: 0.6386, Cls: 0.6392, GRQO: -0.0055, Acc: 0.7718 | Val - Loss: 1.5302, Cls: 1.5311, GRQO: -0.0095, Acc: 0.5843
2025-11-25 03:31:44,574 | INFO | [LabelMe] New best val acc: 0.5843
2025-11-25 03:33:06,977 | INFO | [LabelMe] Epoch 2/10 | Train - Loss: 0.3108, Cls: 0.3116, GRQO: -0.0085, Acc: 0.8888 | Val - Loss: 1.6513, Cls: 1.6521, GRQO: -0.0080, Acc: 0.6348
2025-11-25 03:33:07,042 | INFO | [LabelMe] New best val acc: 0.6348
2025-11-25 03:34:28,904 | INFO | [LabelMe] Epoch 3/10 | Train - Loss: 0.1849, Cls: 0.1855, GRQO: -0.0060, Acc: 0.9377 | Val - Loss: 2.4436, Cls: 2.4442, GRQO: -0.0057, Acc: 0.6017
2025-11-25 03:35:51,620 | INFO | [LabelMe] Epoch 4/10 | Train - Loss: 0.0654, Cls: 0.0660, GRQO: -0.0061, Acc: 0.9823 | Val - Loss: 2.6269, Cls: 2.6277, GRQO: -0.0084, Acc: 0.6589
2025-11-25 03:35:51,688 | INFO | [LabelMe] New best val acc: 0.6589
2025-11-25 03:37:13,473 | INFO | [LabelMe] Epoch 5/10 | Train - Loss: 0.0647, Cls: 0.0651, GRQO: -0.0041, Acc: 0.9762 | Val - Loss: 2.5877, Cls: 2.5884, GRQO: -0.0071, Acc: 0.6491
2025-11-25 03:38:34,949 | INFO | [LabelMe] Epoch 6/10 | Train - Loss: 0.0378, Cls: 0.0381, GRQO: -0.0024, Acc: 0.9871 | Val - Loss: 2.9181, Cls: 2.9191, GRQO: -0.0099, Acc: 0.6578
2025-11-25 03:39:56,515 | INFO | [LabelMe] Epoch 7/10 | Train - Loss: 0.0175, Cls: 0.0179, GRQO: -0.0041, Acc: 0.9941 | Val - Loss: 3.1934, Cls: 3.1943, GRQO: -0.0095, Acc: 0.6623
2025-11-25 03:39:56,598 | INFO | [LabelMe] New best val acc: 0.6623
2025-11-25 03:41:19,030 | INFO | [LabelMe] Epoch 8/10 | Train - Loss: 0.0151, Cls: 0.0151, GRQO: -0.0002, Acc: 0.9955 | Val - Loss: 3.2784, Cls: 3.2792, GRQO: -0.0083, Acc: 0.6367
2025-11-25 03:42:41,137 | INFO | [LabelMe] Epoch 9/10 | Train - Loss: 0.0816, Cls: 0.0820, GRQO: -0.0036, Acc: 0.9726 | Val - Loss: 2.8309, Cls: 2.8317, GRQO: -0.0087, Acc: 0.6273
2025-11-25 03:44:04,060 | INFO | [LabelMe] Epoch 10/10 | Train - Loss: 0.0422, Cls: 0.0427, GRQO: -0.0041, Acc: 0.9864 | Val - Loss: 3.0203, Cls: 3.0213, GRQO: -0.0103, Acc: 0.6457
2025-11-25 03:44:04,065 | INFO | [LabelMe] Best Acc: 0.6623
2025-11-25 03:44:04,065 | INFO | ------------------------------------------------------------
2025-11-25 03:44:04,193 | INFO | === LODO: Leaving out domain 'Caltech101' ===
2025-11-25 03:44:35,403 | INFO | [Caltech101] Epoch 1/10 | Train - Loss: 0.7649, Cls: 0.7657, GRQO: -0.0079, Acc: 0.7100 | Val - Loss: 0.1334, Cls: 0.1348, GRQO: -0.0134, Acc: 0.9753
2025-11-25 03:44:35,466 | INFO | [Caltech101] New best val acc: 0.9753
2025-11-25 03:45:05,702 | INFO | [Caltech101] Epoch 2/10 | Train - Loss: 0.4548, Cls: 0.4560, GRQO: -0.0122, Acc: 0.8321 | Val - Loss: 0.1153, Cls: 0.1164, GRQO: -0.0103, Acc: 0.9696
2025-11-25 03:45:35,956 | INFO | [Caltech101] Epoch 3/10 | Train - Loss: 0.3129, Cls: 0.3140, GRQO: -0.0106, Acc: 0.8916 | Val - Loss: 0.0882, Cls: 0.0892, GRQO: -0.0097, Acc: 0.9710
2025-11-25 03:46:06,291 | INFO | [Caltech101] Epoch 4/10 | Train - Loss: 0.1714, Cls: 0.1724, GRQO: -0.0102, Acc: 0.9425 | Val - Loss: 0.1599, Cls: 0.1610, GRQO: -0.0107, Acc: 0.9456
2025-11-25 03:46:37,240 | INFO | [Caltech101] Epoch 5/10 | Train - Loss: 0.0670, Cls: 0.0676, GRQO: -0.0064, Acc: 0.9780 | Val - Loss: 0.1102, Cls: 0.1109, GRQO: -0.0067, Acc: 0.9675
2025-11-25 03:47:07,842 | INFO | [Caltech101] Epoch 6/10 | Train - Loss: 0.0290, Cls: 0.0294, GRQO: -0.0047, Acc: 0.9912 | Val - Loss: 0.1533, Cls: 0.1536, GRQO: -0.0036, Acc: 0.9562
2025-11-25 03:47:38,191 | INFO | [Caltech101] Epoch 7/10 | Train - Loss: 0.0403, Cls: 0.0405, GRQO: -0.0017, Acc: 0.9858 | Val - Loss: 0.1975, Cls: 0.1979, GRQO: -0.0040, Acc: 0.9435
2025-11-25 03:48:08,940 | INFO | [Caltech101] Epoch 8/10 | Train - Loss: 0.0611, Cls: 0.0613, GRQO: -0.0019, Acc: 0.9780 | Val - Loss: 0.2230, Cls: 0.2233, GRQO: -0.0035, Acc: 0.9385
2025-11-25 03:48:39,038 | INFO | [Caltech101] Epoch 9/10 | Train - Loss: 0.0341, Cls: 0.0342, GRQO: -0.0013, Acc: 0.9880 | Val - Loss: 0.1691, Cls: 0.1693, GRQO: -0.0016, Acc: 0.9569
2025-11-25 03:49:09,339 | INFO | [Caltech101] Epoch 10/10 | Train - Loss: 0.0191, Cls: 0.0192, GRQO: -0.0010, Acc: 0.9939 | Val - Loss: 0.2027, Cls: 0.2030, GRQO: -0.0031, Acc: 0.9548
2025-11-25 03:49:09,339 | INFO | [Caltech101] Best Acc: 0.9753
2025-11-25 03:49:09,339 | INFO | ------------------------------------------------------------
2025-11-25 03:49:09,449 | INFO | === LODO: Leaving out domain 'SUN09' ===
2025-11-25 03:49:49,865 | INFO | [SUN09] Epoch 1/10 | Train - Loss: 0.6777, Cls: 0.6782, GRQO: -0.0048, Acc: 0.7475 | Val - Loss: 0.7087, Cls: 0.7097, GRQO: -0.0107, Acc: 0.7096
2025-11-25 03:49:49,929 | INFO | [SUN09] New best val acc: 0.7096
2025-11-25 03:50:30,903 | INFO | [SUN09] Epoch 2/10 | Train - Loss: 0.3555, Cls: 0.3565, GRQO: -0.0098, Acc: 0.8701 | Val - Loss: 0.6962, Cls: 0.6971, GRQO: -0.0093, Acc: 0.7297
2025-11-25 03:50:30,992 | INFO | [SUN09] New best val acc: 0.7297
2025-11-25 03:51:11,177 | INFO | [SUN09] Epoch 3/10 | Train - Loss: 0.2247, Cls: 0.2256, GRQO: -0.0089, Acc: 0.9192 | Val - Loss: 0.8781, Cls: 0.8793, GRQO: -0.0129, Acc: 0.6956
2025-11-25 03:51:51,817 | INFO | [SUN09] Epoch 4/10 | Train - Loss: 0.1141, Cls: 0.1149, GRQO: -0.0072, Acc: 0.9629 | Val - Loss: 1.1820, Cls: 1.1827, GRQO: -0.0066, Acc: 0.6685
2025-11-25 03:52:31,601 | INFO | [SUN09] Epoch 5/10 | Train - Loss: 0.0654, Cls: 0.0658, GRQO: -0.0037, Acc: 0.9770 | Val - Loss: 1.2585, Cls: 1.2597, GRQO: -0.0115, Acc: 0.7130
2025-11-25 03:53:10,801 | INFO | [SUN09] Epoch 6/10 | Train - Loss: 0.0640, Cls: 0.0643, GRQO: -0.0025, Acc: 0.9782 | Val - Loss: 1.4004, Cls: 1.4013, GRQO: -0.0093, Acc: 0.6785
2025-11-25 03:53:51,449 | INFO | [SUN09] Epoch 7/10 | Train - Loss: 0.0205, Cls: 0.0207, GRQO: -0.0021, Acc: 0.9934 | Val - Loss: 1.5317, Cls: 1.5328, GRQO: -0.0111, Acc: 0.6895
2025-11-25 03:54:31,266 | INFO | [SUN09] Epoch 8/10 | Train - Loss: 0.0524, Cls: 0.0527, GRQO: -0.0028, Acc: 0.9801 | Val - Loss: 1.4515, Cls: 1.4526, GRQO: -0.0112, Acc: 0.6871
2025-11-25 03:55:11,498 | INFO | [SUN09] Epoch 9/10 | Train - Loss: 0.0188, Cls: 0.0190, GRQO: -0.0022, Acc: 0.9940 | Val - Loss: 1.6197, Cls: 1.6208, GRQO: -0.0110, Acc: 0.6755
2025-11-25 03:55:52,130 | INFO | [SUN09] Epoch 10/10 | Train - Loss: 0.0040, Cls: 0.0041, GRQO: -0.0007, Acc: 0.9991 | Val - Loss: 1.6201, Cls: 1.6212, GRQO: -0.0110, Acc: 0.7054
2025-11-25 03:55:52,130 | INFO | [SUN09] Best Acc: 0.7297
2025-11-25 03:55:52,130 | INFO | ------------------------------------------------------------
2025-11-25 03:55:52,130 | INFO | LODO finished | Mean Acc: 0.7875 | Summary saved to d:\Haseeb\SPROJ\GRQO\Vit-GRQO\resnet18_experiments\VLCS\logs\lodo_summary_20251125_035552.json
2025-11-25 04:45:54,658 | INFO | Initializing ResNet baseline: resnet18
2025-11-25 04:45:54,737 | INFO | === Baseline LODO: Leaving out domain 'VOC2007' ===
2025-11-25 04:46:30,623 | INFO | [VOC2007] Epoch 1/10 | Train - Loss: 0.6269, Acc: 0.7644 | Val Acc: 0.7186
2025-11-25 04:47:05,543 | INFO | [VOC2007] Epoch 2/10 | Train - Loss: 0.2667, Acc: 0.9102 | Val Acc: 0.7355
2025-11-25 04:47:40,488 | INFO | [VOC2007] Epoch 3/10 | Train - Loss: 0.0898, Acc: 0.9796 | Val Acc: 0.7174
2025-11-25 04:48:15,337 | INFO | [VOC2007] Epoch 4/10 | Train - Loss: 0.0229, Acc: 0.9985 | Val Acc: 0.7408
2025-11-25 04:48:50,053 | INFO | [VOC2007] Epoch 5/10 | Train - Loss: 0.0085, Acc: 0.9999 | Val Acc: 0.7402
2025-11-25 04:49:24,720 | INFO | [VOC2007] Epoch 6/10 | Train - Loss: 0.0045, Acc: 1.0000 | Val Acc: 0.7373
2025-11-25 04:49:59,172 | INFO | [VOC2007] Epoch 7/10 | Train - Loss: 0.0030, Acc: 1.0000 | Val Acc: 0.7390
2025-11-25 04:50:34,868 | INFO | [VOC2007] Epoch 8/10 | Train - Loss: 0.0021, Acc: 1.0000 | Val Acc: 0.7376
2025-11-25 04:51:10,702 | INFO | [VOC2007] Epoch 9/10 | Train - Loss: 0.0018, Acc: 1.0000 | Val Acc: 0.7399
2025-11-25 04:51:46,093 | INFO | [VOC2007] Epoch 10/10 | Train - Loss: 0.0013, Acc: 1.0000 | Val Acc: 0.7387
2025-11-25 04:51:46,093 | INFO | [VOC2007] Best Val Acc: 0.7408
2025-11-25 04:51:46,093 | INFO | ------------------------------------------------------------
2025-11-25 04:51:46,093 | INFO | Initializing ResNet baseline: resnet18
2025-11-25 04:51:46,167 | INFO | === Baseline LODO: Leaving out domain 'LabelMe' ===
2025-11-25 04:53:06,998 | INFO | [LabelMe] Epoch 1/10 | Train - Loss: 0.5665, Acc: 0.8009 | Val Acc: 0.6291
2025-11-25 04:54:27,914 | INFO | [LabelMe] Epoch 2/10 | Train - Loss: 0.2140, Acc: 0.9282 | Val Acc: 0.6875
2025-11-25 04:55:48,495 | INFO | [LabelMe] Epoch 3/10 | Train - Loss: 0.0728, Acc: 0.9845 | Val Acc: 0.6498
2025-11-25 04:57:09,180 | INFO | [LabelMe] Epoch 4/10 | Train - Loss: 0.0207, Acc: 0.9975 | Val Acc: 0.6416
2025-11-25 04:58:29,826 | INFO | [LabelMe] Epoch 5/10 | Train - Loss: 0.0089, Acc: 0.9996 | Val Acc: 0.6615
2025-11-25 04:59:51,408 | INFO | [LabelMe] Epoch 6/10 | Train - Loss: 0.0177, Acc: 0.9970 | Val Acc: 0.6600
2025-11-25 05:01:11,589 | INFO | [LabelMe] Epoch 7/10 | Train - Loss: 0.0055, Acc: 1.0000 | Val Acc: 0.6547
2025-11-25 05:02:34,089 | INFO | [LabelMe] Epoch 8/10 | Train - Loss: 0.0035, Acc: 0.9999 | Val Acc: 0.6318
2025-11-25 05:03:54,871 | INFO | [LabelMe] Epoch 9/10 | Train - Loss: 0.0019, Acc: 1.0000 | Val Acc: 0.6419
2025-11-25 05:05:15,953 | INFO | [LabelMe] Epoch 10/10 | Train - Loss: 0.0015, Acc: 1.0000 | Val Acc: 0.6566
2025-11-25 05:05:15,969 | INFO | [LabelMe] Best Val Acc: 0.6875
2025-11-25 05:05:15,970 | INFO | ------------------------------------------------------------
2025-11-25 05:05:15,970 | INFO | Initializing ResNet baseline: resnet18
2025-11-25 05:05:16,051 | INFO | === Baseline LODO: Leaving out domain 'Caltech101' ===
2025-11-25 05:05:47,419 | INFO | [Caltech101] Epoch 1/10 | Train - Loss: 0.6540, Acc: 0.7579 | Val Acc: 0.9618
2025-11-25 05:06:19,068 | INFO | [Caltech101] Epoch 2/10 | Train - Loss: 0.2976, Acc: 0.9015 | Val Acc: 0.9724
2025-11-25 05:06:49,457 | INFO | [Caltech101] Epoch 3/10 | Train - Loss: 0.1061, Acc: 0.9728 | Val Acc: 0.9498
2025-11-25 05:07:20,157 | INFO | [Caltech101] Epoch 4/10 | Train - Loss: 0.0261, Acc: 0.9979 | Val Acc: 0.9576
2025-11-25 05:07:51,551 | INFO | [Caltech101] Epoch 5/10 | Train - Loss: 0.0087, Acc: 0.9997 | Val Acc: 0.9534
2025-11-25 05:08:22,833 | INFO | [Caltech101] Epoch 6/10 | Train - Loss: 0.0044, Acc: 1.0000 | Val Acc: 0.9618
2025-11-25 05:08:54,616 | INFO | [Caltech101] Epoch 7/10 | Train - Loss: 0.0029, Acc: 1.0000 | Val Acc: 0.9618
2025-11-25 05:09:26,064 | INFO | [Caltech101] Epoch 8/10 | Train - Loss: 0.0020, Acc: 1.0000 | Val Acc: 0.9597
2025-11-25 05:09:57,048 | INFO | [Caltech101] Epoch 9/10 | Train - Loss: 0.0017, Acc: 1.0000 | Val Acc: 0.9583
2025-11-25 05:10:28,114 | INFO | [Caltech101] Epoch 10/10 | Train - Loss: 0.0012, Acc: 1.0000 | Val Acc: 0.9611
2025-11-25 05:10:28,114 | INFO | [Caltech101] Best Val Acc: 0.9724
2025-11-25 05:10:28,114 | INFO | ------------------------------------------------------------
2025-11-25 05:10:28,114 | INFO | Initializing ResNet baseline: resnet18
2025-11-25 05:10:28,202 | INFO | === Baseline LODO: Leaving out domain 'SUN09' ===
2025-11-25 05:11:07,532 | INFO | [SUN09] Epoch 1/10 | Train - Loss: 0.6163, Acc: 0.7825 | Val Acc: 0.7160
2025-11-25 05:11:46,996 | INFO | [SUN09] Epoch 2/10 | Train - Loss: 0.2642, Acc: 0.9123 | Val Acc: 0.7380
2025-11-25 05:12:27,412 | INFO | [SUN09] Epoch 3/10 | Train - Loss: 0.1041, Acc: 0.9737 | Val Acc: 0.7093
2025-11-25 05:13:07,696 | INFO | [SUN09] Epoch 4/10 | Train - Loss: 0.0321, Acc: 0.9958 | Val Acc: 0.7239
2025-11-25 05:13:47,510 | INFO | [SUN09] Epoch 5/10 | Train - Loss: 0.0114, Acc: 0.9996 | Val Acc: 0.7246
2025-11-25 05:14:27,343 | INFO | [SUN09] Epoch 6/10 | Train - Loss: 0.0056, Acc: 1.0000 | Val Acc: 0.7191
2025-11-25 05:15:07,211 | INFO | [SUN09] Epoch 7/10 | Train - Loss: 0.0034, Acc: 1.0000 | Val Acc: 0.7273
2025-11-25 05:15:47,660 | INFO | [SUN09] Epoch 8/10 | Train - Loss: 0.0026, Acc: 1.0000 | Val Acc: 0.7209
2025-11-25 05:16:27,823 | INFO | [SUN09] Epoch 9/10 | Train - Loss: 0.0022, Acc: 1.0000 | Val Acc: 0.7169
2025-11-25 05:17:07,508 | INFO | [SUN09] Epoch 10/10 | Train - Loss: 0.0016, Acc: 1.0000 | Val Acc: 0.7090
2025-11-25 05:17:07,508 | INFO | [SUN09] Best Val Acc: 0.7380
2025-11-25 05:17:07,508 | INFO | ------------------------------------------------------------
2025-11-25 05:17:07,508 | INFO | Baseline LODO (resnet18) finished | Mean Acc: 0.7847
