2025-11-24 12:52:38,114 | INFO | Initialized experiment directories for VLCS
2025-11-24 12:52:38,116 | INFO | Logs: d:\Haseeb\SPROJ\GRQO\Vit-GRQO\resnet18_experiments\VLCS\logs
2025-11-24 12:52:38,116 | INFO | Checkpoints: d:\Haseeb\SPROJ\GRQO\Vit-GRQO\resnet18_experiments\VLCS\checkpoints
2025-11-24 12:52:38,117 | INFO | Plots: d:\Haseeb\SPROJ\GRQO\Vit-GRQO\resnet18_experiments\VLCS\plots
2025-11-24 12:52:38,367 | INFO | === LODO: Leaving out domain 'VOC2007' ===
2025-11-24 12:53:14,784 | INFO | [VOC2007] Epoch 1/5 | Train - Loss: 0.6974, Cls: 0.6882, GRQO: 0.0092, Acc: 0.7287 | Val - Loss: 0.7730, Cls: 0.7717, GRQO: 0.0013, Acc: 0.7115
2025-11-24 12:53:14,849 | INFO | [VOC2007] New best val acc: 0.7115
2025-11-24 12:53:50,436 | INFO | [VOC2007] Epoch 2/5 | Train - Loss: 0.3632, Cls: 0.3614, GRQO: 0.0018, Acc: 0.8681 | Val - Loss: 0.7433, Cls: 0.7426, GRQO: 0.0007, Acc: 0.7305
2025-11-24 12:53:50,504 | INFO | [VOC2007] New best val acc: 0.7305
2025-11-24 12:54:26,085 | INFO | [VOC2007] Epoch 3/5 | Train - Loss: 0.1694, Cls: 0.1679, GRQO: 0.0015, Acc: 0.9464 | Val - Loss: 0.9271, Cls: 0.9265, GRQO: 0.0007, Acc: 0.7284
2025-11-24 12:55:01,201 | INFO | [VOC2007] Epoch 4/5 | Train - Loss: 0.0582, Cls: 0.0570, GRQO: 0.0011, Acc: 0.9846 | Val - Loss: 1.0806, Cls: 1.0803, GRQO: 0.0003, Acc: 0.7429
2025-11-24 12:55:01,278 | INFO | [VOC2007] New best val acc: 0.7429
2025-11-24 12:55:37,051 | INFO | [VOC2007] Epoch 5/5 | Train - Loss: 0.0224, Cls: 0.0217, GRQO: 0.0008, Acc: 0.9933 | Val - Loss: 1.1983, Cls: 1.1976, GRQO: 0.0006, Acc: 0.7470
2025-11-24 12:55:37,118 | INFO | [VOC2007] New best val acc: 0.7470
2025-11-24 12:55:37,118 | INFO | [VOC2007] Best Acc: 0.7470
2025-11-24 12:55:37,118 | INFO | ------------------------------------------------------------
2025-11-24 12:55:37,217 | INFO | === LODO: Leaving out domain 'LabelMe' ===
2025-11-24 12:56:58,483 | INFO | [LabelMe] Epoch 1/5 | Train - Loss: 0.6269, Cls: 0.6199, GRQO: 0.0070, Acc: 0.7710 | Val - Loss: 1.4202, Cls: 1.4185, GRQO: 0.0017, Acc: 0.6005
2025-11-24 12:56:58,554 | INFO | [LabelMe] New best val acc: 0.6005
2025-11-24 12:58:19,931 | INFO | [LabelMe] Epoch 2/5 | Train - Loss: 0.2650, Cls: 0.2633, GRQO: 0.0016, Acc: 0.9101 | Val - Loss: 1.6887, Cls: 1.6881, GRQO: 0.0005, Acc: 0.6547
2025-11-24 12:58:20,000 | INFO | [LabelMe] New best val acc: 0.6547
2025-11-24 12:59:42,369 | INFO | [LabelMe] Epoch 3/5 | Train - Loss: 0.1214, Cls: 0.1202, GRQO: 0.0012, Acc: 0.9611 | Val - Loss: 2.2302, Cls: 2.2296, GRQO: 0.0006, Acc: 0.6611
2025-11-24 12:59:42,450 | INFO | [LabelMe] New best val acc: 0.6611
2025-11-24 13:01:04,414 | INFO | [LabelMe] Epoch 4/5 | Train - Loss: 0.0673, Cls: 0.0666, GRQO: 0.0007, Acc: 0.9789 | Val - Loss: 2.7649, Cls: 2.7644, GRQO: 0.0004, Acc: 0.6333
2025-11-24 13:02:26,946 | INFO | [LabelMe] Epoch 5/5 | Train - Loss: 0.0230, Cls: 0.0226, GRQO: 0.0004, Acc: 0.9945 | Val - Loss: 2.9712, Cls: 2.9706, GRQO: 0.0005, Acc: 0.6517
2025-11-24 13:02:26,946 | INFO | [LabelMe] Best Acc: 0.6611
2025-11-24 13:02:26,946 | INFO | ------------------------------------------------------------
2025-11-24 13:02:27,043 | INFO | === LODO: Leaving out domain 'Caltech101' ===
2025-11-24 13:02:59,010 | INFO | [Caltech101] Epoch 1/5 | Train - Loss: 0.7368, Cls: 0.7302, GRQO: 0.0066, Acc: 0.7266 | Val - Loss: 0.1544, Cls: 0.1539, GRQO: 0.0005, Acc: 0.9739
2025-11-24 13:02:59,077 | INFO | [Caltech101] New best val acc: 0.9739
2025-11-24 13:03:31,310 | INFO | [Caltech101] Epoch 2/5 | Train - Loss: 0.3937, Cls: 0.3921, GRQO: 0.0017, Acc: 0.8555 | Val - Loss: 0.1412, Cls: 0.1412, GRQO: 0.0000, Acc: 0.9724
2025-11-24 13:04:02,924 | INFO | [Caltech101] Epoch 3/5 | Train - Loss: 0.1780, Cls: 0.1769, GRQO: 0.0011, Acc: 0.9434 | Val - Loss: 0.1352, Cls: 0.1354, GRQO: -0.0002, Acc: 0.9541
2025-11-24 13:04:34,892 | INFO | [Caltech101] Epoch 4/5 | Train - Loss: 0.0693, Cls: 0.0685, GRQO: 0.0008, Acc: 0.9788 | Val - Loss: 0.1500, Cls: 0.1505, GRQO: -0.0006, Acc: 0.9505
2025-11-24 13:05:06,658 | INFO | [Caltech101] Epoch 5/5 | Train - Loss: 0.0249, Cls: 0.0247, GRQO: 0.0001, Acc: 0.9939 | Val - Loss: 0.2586, Cls: 0.2595, GRQO: -0.0009, Acc: 0.9371
2025-11-24 13:05:06,658 | INFO | [Caltech101] Best Acc: 0.9739
2025-11-24 13:05:06,658 | INFO | ------------------------------------------------------------
2025-11-24 13:05:06,773 | INFO | === LODO: Leaving out domain 'SUN09' ===
2025-11-24 13:05:47,241 | INFO | [SUN09] Epoch 1/5 | Train - Loss: 0.6537, Cls: 0.6460, GRQO: 0.0077, Acc: 0.7580 | Val - Loss: 0.7634, Cls: 0.7621, GRQO: 0.0013, Acc: 0.6789
2025-11-24 13:05:47,320 | INFO | [SUN09] New best val acc: 0.6789
2025-11-24 13:06:27,289 | INFO | [SUN09] Epoch 2/5 | Train - Loss: 0.3170, Cls: 0.3154, GRQO: 0.0017, Acc: 0.8868 | Val - Loss: 0.9063, Cls: 0.9052, GRQO: 0.0011, Acc: 0.6325
2025-11-24 13:07:07,238 | INFO | [SUN09] Epoch 3/5 | Train - Loss: 0.1639, Cls: 0.1627, GRQO: 0.0012, Acc: 0.9441 | Val - Loss: 0.9845, Cls: 0.9833, GRQO: 0.0012, Acc: 0.6941
2025-11-24 13:07:07,321 | INFO | [SUN09] New best val acc: 0.6941
2025-11-24 13:07:48,221 | INFO | [SUN09] Epoch 4/5 | Train - Loss: 0.0562, Cls: 0.0555, GRQO: 0.0007, Acc: 0.9829 | Val - Loss: 1.1920, Cls: 1.1908, GRQO: 0.0012, Acc: 0.7093
2025-11-24 13:07:48,288 | INFO | [SUN09] New best val acc: 0.7093
2025-11-24 13:08:30,237 | INFO | [SUN09] Epoch 5/5 | Train - Loss: 0.0591, Cls: 0.0577, GRQO: 0.0014, Acc: 0.9797 | Val - Loss: 1.4151, Cls: 1.4146, GRQO: 0.0006, Acc: 0.6801
2025-11-24 13:08:30,237 | INFO | [SUN09] Best Acc: 0.7093
2025-11-24 13:08:30,237 | INFO | ------------------------------------------------------------
2025-11-24 13:08:30,237 | INFO | LODO finished | Mean Acc: 0.7728 | Summary saved to d:\Haseeb\SPROJ\GRQO\Vit-GRQO\resnet18_experiments\VLCS\logs\lodo_summary_20251124_130830.json
2025-11-24 13:18:06,230 | INFO | Initialized experiment directories for VLCS
2025-11-24 13:18:06,230 | INFO | Logs: d:\Haseeb\SPROJ\GRQO\Vit-GRQO\resnet18_experiments\VLCS\logs
2025-11-24 13:18:06,231 | INFO | Checkpoints: d:\Haseeb\SPROJ\GRQO\Vit-GRQO\resnet18_experiments\VLCS\checkpoints
2025-11-24 13:18:06,231 | INFO | Plots: d:\Haseeb\SPROJ\GRQO\Vit-GRQO\resnet18_experiments\VLCS\plots
