2025-11-26 03:43:03,397 | INFO | Initialized experiment directories for PACS
2025-11-26 03:43:03,398 | INFO | Logs: d:\Haseeb\SPROJ\GRQO\Vit-GRQO\resnet34_experiments\PACS\logs
2025-11-26 03:43:03,399 | INFO | Checkpoints: d:\Haseeb\SPROJ\GRQO\Vit-GRQO\resnet34_experiments\PACS\checkpoints
2025-11-26 03:43:03,399 | INFO | Plots: d:\Haseeb\SPROJ\GRQO\Vit-GRQO\resnet34_experiments\PACS\plots
2025-11-26 03:43:19,611 | INFO | === LODO: Leaving out domain 'art_painting' ===
2025-11-26 03:43:39,938 | INFO | [art_painting] Epoch 1/5 | Train - Loss: 0.5500, Cls: 0.5418, GRQO: 0.0082, Acc: 0.8164 | Val - Loss: 0.9221, Cls: 0.9210, GRQO: 0.0011, Acc: 0.7388
2025-11-26 03:43:40,025 | INFO | [art_painting] New best val acc: 0.7388
2025-11-26 03:43:59,159 | INFO | [art_painting] Epoch 2/5 | Train - Loss: 0.1111, Cls: 0.1092, GRQO: 0.0019, Acc: 0.9650 | Val - Loss: 0.5916, Cls: 0.5912, GRQO: 0.0004, Acc: 0.8213
2025-11-26 03:43:59,242 | INFO | [art_painting] New best val acc: 0.8213
2025-11-26 03:44:18,361 | INFO | [art_painting] Epoch 3/5 | Train - Loss: 0.0271, Cls: 0.0259, GRQO: 0.0011, Acc: 0.9927 | Val - Loss: 0.7882, Cls: 0.7879, GRQO: 0.0004, Acc: 0.7925
2025-11-26 03:44:37,544 | INFO | [art_painting] Epoch 4/5 | Train - Loss: 0.0676, Cls: 0.0662, GRQO: 0.0013, Acc: 0.9792 | Val - Loss: 0.7928, Cls: 0.7921, GRQO: 0.0008, Acc: 0.7871
2025-11-26 03:44:56,791 | INFO | [art_painting] Epoch 5/5 | Train - Loss: 0.0302, Cls: 0.0293, GRQO: 0.0009, Acc: 0.9906 | Val - Loss: 0.7373, Cls: 0.7371, GRQO: 0.0002, Acc: 0.8071
2025-11-26 03:44:56,791 | INFO | [art_painting] Best Acc: 0.8213
2025-11-26 03:44:56,791 | INFO | ------------------------------------------------------------
2025-11-26 03:44:56,990 | INFO | === LODO: Leaving out domain 'cartoon' ===
2025-11-26 03:45:16,343 | INFO | [cartoon] Epoch 1/5 | Train - Loss: 0.5921, Cls: 0.5843, GRQO: 0.0078, Acc: 0.8033 | Val - Loss: 1.0353, Cls: 1.0342, GRQO: 0.0011, Acc: 0.6843
2025-11-26 03:45:16,426 | INFO | [cartoon] New best val acc: 0.6843
2025-11-26 03:45:35,740 | INFO | [cartoon] Epoch 2/5 | Train - Loss: 0.0947, Cls: 0.0933, GRQO: 0.0014, Acc: 0.9695 | Val - Loss: 0.8671, Cls: 0.8669, GRQO: 0.0002, Acc: 0.7415
2025-11-26 03:45:35,832 | INFO | [cartoon] New best val acc: 0.7415
2025-11-26 03:45:54,939 | INFO | [cartoon] Epoch 3/5 | Train - Loss: 0.0310, Cls: 0.0303, GRQO: 0.0007, Acc: 0.9905 | Val - Loss: 1.1249, Cls: 1.1242, GRQO: 0.0008, Acc: 0.7180
2025-11-26 03:46:14,206 | INFO | [cartoon] Epoch 4/5 | Train - Loss: 0.0221, Cls: 0.0217, GRQO: 0.0004, Acc: 0.9935 | Val - Loss: 0.7759, Cls: 0.7757, GRQO: 0.0001, Acc: 0.7811
2025-11-26 03:46:14,306 | INFO | [cartoon] New best val acc: 0.7811
2025-11-26 03:46:33,722 | INFO | [cartoon] Epoch 5/5 | Train - Loss: 0.0128, Cls: 0.0128, GRQO: 0.0001, Acc: 0.9961 | Val - Loss: 1.0939, Cls: 1.0939, GRQO: -0.0000, Acc: 0.7342
2025-11-26 03:46:33,722 | INFO | [cartoon] Best Acc: 0.7811
2025-11-26 03:46:33,722 | INFO | ------------------------------------------------------------
2025-11-26 03:46:33,890 | INFO | === LODO: Leaving out domain 'photo' ===
2025-11-26 03:46:53,124 | INFO | [photo] Epoch 1/5 | Train - Loss: 0.5935, Cls: 0.5869, GRQO: 0.0066, Acc: 0.8096 | Val - Loss: 0.2882, Cls: 0.2878, GRQO: 0.0004, Acc: 0.9072
2025-11-26 03:46:53,219 | INFO | [photo] New best val acc: 0.9072
2025-11-26 03:47:12,366 | INFO | [photo] Epoch 2/5 | Train - Loss: 0.1436, Cls: 0.1411, GRQO: 0.0025, Acc: 0.9557 | Val - Loss: 0.1526, Cls: 0.1525, GRQO: 0.0001, Acc: 0.9497
2025-11-26 03:47:12,455 | INFO | [photo] New best val acc: 0.9497
2025-11-26 03:47:31,373 | INFO | [photo] Epoch 3/5 | Train - Loss: 0.0625, Cls: 0.0543, GRQO: 0.0082, Acc: 0.9856 | Val - Loss: 0.1333, Cls: 0.1309, GRQO: 0.0024, Acc: 0.9527
2025-11-26 03:47:31,470 | INFO | [photo] New best val acc: 0.9527
2025-11-26 03:47:51,021 | INFO | [photo] Epoch 4/5 | Train - Loss: 0.0290, Cls: 0.0263, GRQO: 0.0027, Acc: 0.9923 | Val - Loss: 0.2255, Cls: 0.2241, GRQO: 0.0013, Acc: 0.9413
2025-11-26 03:48:10,421 | INFO | [photo] Epoch 5/5 | Train - Loss: 0.0820, Cls: 0.0741, GRQO: 0.0079, Acc: 0.9764 | Val - Loss: 0.1940, Cls: 0.1918, GRQO: 0.0022, Acc: 0.9485
2025-11-26 03:48:10,423 | INFO | [photo] Best Acc: 0.9527
2025-11-26 03:48:10,423 | INFO | ------------------------------------------------------------
2025-11-26 03:48:10,606 | INFO | === LODO: Leaving out domain 'sketch' ===
2025-11-26 03:48:31,304 | INFO | [sketch] Epoch 1/5 | Train - Loss: 0.6096, Cls: 0.5991, GRQO: 0.0105, Acc: 0.8237 | Val - Loss: 1.3698, Cls: 1.3681, GRQO: 0.0017, Acc: 0.5648
2025-11-26 03:48:31,405 | INFO | [sketch] New best val acc: 0.5648
2025-11-26 03:48:52,337 | INFO | [sketch] Epoch 2/5 | Train - Loss: 0.0625, Cls: 0.0610, GRQO: 0.0015, Acc: 0.9819 | Val - Loss: 1.2081, Cls: 1.2071, GRQO: 0.0010, Acc: 0.6083
2025-11-26 03:48:52,439 | INFO | [sketch] New best val acc: 0.6083
2025-11-26 03:49:14,240 | INFO | [sketch] Epoch 3/5 | Train - Loss: 0.0186, Cls: 0.0176, GRQO: 0.0010, Acc: 0.9946 | Val - Loss: 1.8681, Cls: 1.8673, GRQO: 0.0009, Acc: 0.5459
2025-11-26 03:49:35,764 | INFO | [sketch] Epoch 4/5 | Train - Loss: 0.0162, Cls: 0.0155, GRQO: 0.0007, Acc: 0.9965 | Val - Loss: 1.4705, Cls: 1.4698, GRQO: 0.0008, Acc: 0.6167
2025-11-26 03:49:35,875 | INFO | [sketch] New best val acc: 0.6167
2025-11-26 03:49:57,409 | INFO | [sketch] Epoch 5/5 | Train - Loss: 0.0187, Cls: 0.0182, GRQO: 0.0006, Acc: 0.9947 | Val - Loss: 1.6216, Cls: 1.6204, GRQO: 0.0011, Acc: 0.5724
2025-11-26 03:49:57,409 | INFO | [sketch] Best Acc: 0.6167
2025-11-26 03:49:57,409 | INFO | ------------------------------------------------------------
2025-11-26 03:49:57,409 | INFO | LODO finished | Mean Acc: 0.7930 | Summary saved to d:\Haseeb\SPROJ\GRQO\Vit-GRQO\resnet34_experiments\PACS\logs\lodo_summary_20251126_034957.json
2025-11-26 03:49:57,423 | INFO | Initializing ResNet baseline: resnet18
2025-11-26 03:49:57,503 | INFO | === Baseline LODO: Leaving out domain 'art_painting' ===
2025-11-26 03:50:13,335 | INFO | [art_painting] Epoch 1/5 | Train - Loss: 0.5251, Acc: 0.8282 | Val Acc: 0.7134
2025-11-26 03:50:29,085 | INFO | [art_painting] Epoch 2/5 | Train - Loss: 0.1147, Acc: 0.9664 | Val Acc: 0.7690
2025-11-26 03:50:44,885 | INFO | [art_painting] Epoch 3/5 | Train - Loss: 0.0382, Acc: 0.9950 | Val Acc: 0.7417
2025-11-26 03:51:00,718 | INFO | [art_painting] Epoch 4/5 | Train - Loss: 0.0201, Acc: 0.9980 | Val Acc: 0.7153
2025-11-26 03:51:16,768 | INFO | [art_painting] Epoch 5/5 | Train - Loss: 0.0077, Acc: 0.9999 | Val Acc: 0.7534
2025-11-26 03:51:16,768 | INFO | [art_painting] Best Val Acc: 0.7690
2025-11-26 03:51:16,768 | INFO | ------------------------------------------------------------
2025-11-26 03:51:16,768 | INFO | Initializing ResNet baseline: resnet18
2025-11-26 03:51:16,851 | INFO | === Baseline LODO: Leaving out domain 'cartoon' ===
2025-11-26 03:51:32,649 | INFO | [cartoon] Epoch 1/5 | Train - Loss: 0.5602, Acc: 0.8193 | Val Acc: 0.6980
2025-11-26 03:51:48,650 | INFO | [cartoon] Epoch 2/5 | Train - Loss: 0.1013, Acc: 0.9736 | Val Acc: 0.7560
2025-11-26 03:52:04,683 | INFO | [cartoon] Epoch 3/5 | Train - Loss: 0.0265, Acc: 0.9979 | Val Acc: 0.7086
2025-11-26 03:52:20,866 | INFO | [cartoon] Epoch 4/5 | Train - Loss: 0.0083, Acc: 1.0000 | Val Acc: 0.7223
2025-11-26 03:52:36,632 | INFO | [cartoon] Epoch 5/5 | Train - Loss: 0.0046, Acc: 1.0000 | Val Acc: 0.7317
2025-11-26 03:52:36,632 | INFO | [cartoon] Best Val Acc: 0.7560
2025-11-26 03:52:36,632 | INFO | ------------------------------------------------------------
2025-11-26 03:52:36,632 | INFO | Initializing ResNet baseline: resnet18
2025-11-26 03:52:36,714 | INFO | === Baseline LODO: Leaving out domain 'photo' ===
2025-11-26 03:52:51,932 | INFO | [photo] Epoch 1/5 | Train - Loss: 0.5748, Acc: 0.8111 | Val Acc: 0.9311
2025-11-26 03:53:07,148 | INFO | [photo] Epoch 2/5 | Train - Loss: 0.1231, Acc: 0.9665 | Val Acc: 0.9204
2025-11-26 03:53:22,346 | INFO | [photo] Epoch 3/5 | Train - Loss: 0.0338, Acc: 0.9970 | Val Acc: 0.9204
2025-11-26 03:53:37,515 | INFO | [photo] Epoch 4/5 | Train - Loss: 0.0120, Acc: 0.9998 | Val Acc: 0.9317
2025-11-26 03:53:52,748 | INFO | [photo] Epoch 5/5 | Train - Loss: 0.0088, Acc: 0.9999 | Val Acc: 0.9126
2025-11-26 03:53:52,748 | INFO | [photo] Best Val Acc: 0.9317
2025-11-26 03:53:52,748 | INFO | ------------------------------------------------------------
2025-11-26 03:53:52,748 | INFO | Initializing ResNet baseline: resnet18
2025-11-26 03:53:52,831 | INFO | === Baseline LODO: Leaving out domain 'sketch' ===
2025-11-26 03:54:11,233 | INFO | [sketch] Epoch 1/5 | Train - Loss: 0.5013, Acc: 0.8468 | Val Acc: 0.5447
2025-11-26 03:54:28,181 | INFO | [sketch] Epoch 2/5 | Train - Loss: 0.0761, Acc: 0.9833 | Val Acc: 0.6513
2025-11-26 03:54:45,869 | INFO | [sketch] Epoch 3/5 | Train - Loss: 0.0187, Acc: 0.9987 | Val Acc: 0.6360
2025-11-26 03:55:03,156 | INFO | [sketch] Epoch 4/5 | Train - Loss: 0.0079, Acc: 1.0000 | Val Acc: 0.6167
2025-11-26 03:55:20,063 | INFO | [sketch] Epoch 5/5 | Train - Loss: 0.0044, Acc: 1.0000 | Val Acc: 0.6292
2025-11-26 03:55:20,063 | INFO | [sketch] Best Val Acc: 0.6513
2025-11-26 03:55:20,063 | INFO | ------------------------------------------------------------
2025-11-26 03:55:20,063 | INFO | Baseline LODO (resnet18) finished | Mean Acc: 0.7770
