2025-12-01 09:54:01,107 | INFO | Initialized experiment directories for PACS
2025-12-01 09:54:01,107 | INFO | Logs: d:\Haseeb\SPROJ\GRQO\Vit-GRQO\resnet50_experiments\PACS\logs
2025-12-01 09:54:01,107 | INFO | Checkpoints: d:\Haseeb\SPROJ\GRQO\Vit-GRQO\resnet50_experiments\PACS\checkpoints
2025-12-01 09:54:01,107 | INFO | Plots: d:\Haseeb\SPROJ\GRQO\Vit-GRQO\resnet50_experiments\PACS\plots
2025-12-01 09:54:02,205 | INFO | === LODO: Leaving out domain 'art_painting' ===
2025-12-01 09:55:09,394 | INFO | [art_painting] Epoch 1/10 | Train - Loss: 0.5991, Cls: 0.5924, GRQO: 0.0067, Acc: 0.7926 | Val - Loss: 0.7827, Cls: 0.7813, GRQO: 0.0014, Acc: 0.7783
2025-12-01 09:55:09,505 | INFO | [art_painting] New best val acc: 0.7783
2025-12-01 09:55:34,622 | INFO | [art_painting] Epoch 2/10 | Train - Loss: 0.0866, Cls: 0.0855, GRQO: 0.0011, Acc: 0.9753 | Val - Loss: 0.7514, Cls: 0.7503, GRQO: 0.0011, Acc: 0.7881
2025-12-01 09:55:34,721 | INFO | [art_painting] New best val acc: 0.7881
2025-12-01 09:55:59,929 | INFO | [art_painting] Epoch 3/10 | Train - Loss: 0.0811, Cls: 0.0794, GRQO: 0.0017, Acc: 0.9771 | Val - Loss: 0.6966, Cls: 0.6962, GRQO: 0.0004, Acc: 0.8057
2025-12-01 09:56:00,037 | INFO | [art_painting] New best val acc: 0.8057
2025-12-01 09:56:25,137 | INFO | [art_painting] Epoch 4/10 | Train - Loss: 0.0635, Cls: 0.0626, GRQO: 0.0008, Acc: 0.9797 | Val - Loss: 1.0021, Cls: 1.0020, GRQO: 0.0001, Acc: 0.7603
2025-12-01 09:56:50,287 | INFO | [art_painting] Epoch 5/10 | Train - Loss: 0.0943, Cls: 0.0932, GRQO: 0.0010, Acc: 0.9729 | Val - Loss: 0.8867, Cls: 0.8866, GRQO: 0.0001, Acc: 0.7593
2025-12-01 09:57:15,321 | INFO | [art_painting] Epoch 6/10 | Train - Loss: 0.0157, Cls: 0.0159, GRQO: -0.0001, Acc: 0.9957 | Val - Loss: 0.7075, Cls: 0.7075, GRQO: 0.0001, Acc: 0.8066
2025-12-01 09:57:15,419 | INFO | [art_painting] New best val acc: 0.8066
2025-12-01 09:57:40,435 | INFO | [art_painting] Epoch 7/10 | Train - Loss: 0.0285, Cls: 0.0279, GRQO: 0.0005, Acc: 0.9908 | Val - Loss: 0.8157, Cls: 0.8155, GRQO: 0.0002, Acc: 0.8027
2025-12-01 09:58:05,668 | INFO | [art_painting] Epoch 8/10 | Train - Loss: 0.0450, Cls: 0.0441, GRQO: 0.0009, Acc: 0.9875 | Val - Loss: 1.0372, Cls: 1.0370, GRQO: 0.0003, Acc: 0.7344
2025-12-01 09:58:30,634 | INFO | [art_painting] Epoch 9/10 | Train - Loss: 0.0124, Cls: 0.0131, GRQO: -0.0008, Acc: 0.9958 | Val - Loss: 1.0119, Cls: 1.0115, GRQO: 0.0003, Acc: 0.7383
2025-12-01 09:58:56,817 | INFO | [art_painting] Epoch 10/10 | Train - Loss: 0.0830, Cls: 0.0825, GRQO: 0.0004, Acc: 0.9758 | Val - Loss: 1.0230, Cls: 1.0222, GRQO: 0.0008, Acc: 0.7544
2025-12-01 09:58:56,817 | INFO | [art_painting] Best Acc: 0.8066
2025-12-01 09:58:56,817 | INFO | ------------------------------------------------------------
2025-12-01 09:58:57,051 | INFO | === LODO: Leaving out domain 'cartoon' ===
2025-12-01 09:59:21,779 | INFO | [cartoon] Epoch 1/10 | Train - Loss: 0.5906, Cls: 0.5848, GRQO: 0.0059, Acc: 0.8121 | Val - Loss: 1.2359, Cls: 1.2344, GRQO: 0.0015, Acc: 0.6549
2025-12-01 09:59:21,884 | INFO | [cartoon] New best val acc: 0.6549
2025-12-01 09:59:52,500 | INFO | [cartoon] Epoch 2/10 | Train - Loss: 0.0951, Cls: 0.0941, GRQO: 0.0011, Acc: 0.9710 | Val - Loss: 0.9495, Cls: 0.9485, GRQO: 0.0010, Acc: 0.7457
2025-12-01 09:59:52,677 | INFO | [cartoon] New best val acc: 0.7457
2025-12-01 10:00:30,432 | INFO | [cartoon] Epoch 3/10 | Train - Loss: 0.0465, Cls: 0.0457, GRQO: 0.0008, Acc: 0.9846 | Val - Loss: 1.1335, Cls: 1.1317, GRQO: 0.0018, Acc: 0.7253
2025-12-01 10:01:06,982 | INFO | [cartoon] Epoch 4/10 | Train - Loss: 0.0210, Cls: 0.0209, GRQO: 0.0001, Acc: 0.9940 | Val - Loss: 1.0623, Cls: 1.0613, GRQO: 0.0010, Acc: 0.7436
2025-12-01 10:01:43,720 | INFO | [cartoon] Epoch 5/10 | Train - Loss: 0.0264, Cls: 0.0267, GRQO: -0.0003, Acc: 0.9916 | Val - Loss: 1.1236, Cls: 1.1226, GRQO: 0.0009, Acc: 0.7419
2025-12-01 10:02:20,464 | INFO | [cartoon] Epoch 6/10 | Train - Loss: 0.0360, Cls: 0.0360, GRQO: 0.0000, Acc: 0.9897 | Val - Loss: 1.1421, Cls: 1.1416, GRQO: 0.0005, Acc: 0.7257
2025-12-01 10:02:57,485 | INFO | [cartoon] Epoch 7/10 | Train - Loss: 0.0382, Cls: 0.0383, GRQO: -0.0001, Acc: 0.9874 | Val - Loss: 0.8810, Cls: 0.8791, GRQO: 0.0019, Acc: 0.7841
2025-12-01 10:02:57,648 | INFO | [cartoon] New best val acc: 0.7841
2025-12-01 10:03:30,018 | INFO | [cartoon] Epoch 8/10 | Train - Loss: 0.0218, Cls: 0.0222, GRQO: -0.0004, Acc: 0.9927 | Val - Loss: 1.4339, Cls: 1.4332, GRQO: 0.0007, Acc: 0.7120
2025-12-01 10:03:54,709 | INFO | [cartoon] Epoch 9/10 | Train - Loss: 0.0127, Cls: 0.0134, GRQO: -0.0007, Acc: 0.9957 | Val - Loss: 1.0720, Cls: 1.0713, GRQO: 0.0008, Acc: 0.7398
2025-12-01 10:04:19,283 | INFO | [cartoon] Epoch 10/10 | Train - Loss: 0.0120, Cls: 0.0126, GRQO: -0.0006, Acc: 0.9963 | Val - Loss: 1.1935, Cls: 1.1928, GRQO: 0.0007, Acc: 0.7479
2025-12-01 10:04:19,284 | INFO | [cartoon] Best Acc: 0.7841
2025-12-01 10:04:19,284 | INFO | ------------------------------------------------------------
2025-12-01 10:04:19,500 | INFO | === LODO: Leaving out domain 'photo' ===
2025-12-01 10:04:44,327 | INFO | [photo] Epoch 1/10 | Train - Loss: 0.6195, Cls: 0.6135, GRQO: 0.0059, Acc: 0.7903 | Val - Loss: 0.1286, Cls: 0.1281, GRQO: 0.0005, Acc: 0.9605
2025-12-01 10:04:44,444 | INFO | [photo] New best val acc: 0.9605
2025-12-01 10:05:10,144 | INFO | [photo] Epoch 2/10 | Train - Loss: 0.1112, Cls: 0.1034, GRQO: 0.0078, Acc: 0.9690 | Val - Loss: 0.1030, Cls: 0.1017, GRQO: 0.0013, Acc: 0.9683
2025-12-01 10:05:10,260 | INFO | [photo] New best val acc: 0.9683
2025-12-01 10:05:35,043 | INFO | [photo] Epoch 3/10 | Train - Loss: 0.0427, Cls: 0.0403, GRQO: 0.0024, Acc: 0.9865 | Val - Loss: 0.1181, Cls: 0.1177, GRQO: 0.0003, Acc: 0.9641
2025-12-01 10:05:59,925 | INFO | [photo] Epoch 4/10 | Train - Loss: 0.0932, Cls: 0.0834, GRQO: 0.0098, Acc: 0.9709 | Val - Loss: 0.1977, Cls: 0.1955, GRQO: 0.0023, Acc: 0.9455
2025-12-01 10:06:24,792 | INFO | [photo] Epoch 5/10 | Train - Loss: 0.0880, Cls: 0.0826, GRQO: 0.0054, Acc: 0.9716 | Val - Loss: 0.1622, Cls: 0.1605, GRQO: 0.0017, Acc: 0.9551
2025-12-01 10:06:49,642 | INFO | [photo] Epoch 6/10 | Train - Loss: 0.0182, Cls: 0.0158, GRQO: 0.0025, Acc: 0.9970 | Val - Loss: 0.1913, Cls: 0.1904, GRQO: 0.0009, Acc: 0.9497
2025-12-01 10:07:14,420 | INFO | [photo] Epoch 7/10 | Train - Loss: 0.0870, Cls: 0.0833, GRQO: 0.0036, Acc: 0.9725 | Val - Loss: 0.2212, Cls: 0.2205, GRQO: 0.0007, Acc: 0.9377
2025-12-01 10:07:39,267 | INFO | [photo] Epoch 8/10 | Train - Loss: 0.0354, Cls: 0.0338, GRQO: 0.0016, Acc: 0.9899 | Val - Loss: 0.2013, Cls: 0.2006, GRQO: 0.0007, Acc: 0.9491
2025-12-01 10:08:04,190 | INFO | [photo] Epoch 9/10 | Train - Loss: 0.0887, Cls: 0.0851, GRQO: 0.0036, Acc: 0.9734 | Val - Loss: 0.2529, Cls: 0.2515, GRQO: 0.0014, Acc: 0.9389
2025-12-01 10:08:29,023 | INFO | [photo] Epoch 10/10 | Train - Loss: 0.1094, Cls: 0.1066, GRQO: 0.0028, Acc: 0.9696 | Val - Loss: 0.3370, Cls: 0.3354, GRQO: 0.0016, Acc: 0.9263
2025-12-01 10:08:29,023 | INFO | [photo] Best Acc: 0.9683
2025-12-01 10:08:29,023 | INFO | ------------------------------------------------------------
2025-12-01 10:08:29,223 | INFO | === LODO: Leaving out domain 'sketch' ===
2025-12-01 10:08:53,788 | INFO | [sketch] Epoch 1/10 | Train - Loss: 0.6047, Cls: 0.5965, GRQO: 0.0082, Acc: 0.8062 | Val - Loss: 1.0735, Cls: 1.0714, GRQO: 0.0020, Acc: 0.6488
2025-12-01 10:08:53,889 | INFO | [sketch] New best val acc: 0.6488
2025-12-01 10:09:19,505 | INFO | [sketch] Epoch 2/10 | Train - Loss: 0.0773, Cls: 0.0760, GRQO: 0.0013, Acc: 0.9784 | Val - Loss: 0.8322, Cls: 0.8313, GRQO: 0.0009, Acc: 0.6928
2025-12-01 10:09:19,622 | INFO | [sketch] New best val acc: 0.6928
