2025-11-28 16:37:44,444 | INFO | Initialized experiment directories for PACS
2025-11-28 16:37:44,444 | INFO | Logs: d:\Haseeb\SPROJ\GRQO\Vit-GRQO\resnet18_experiments\PACS\logs
2025-11-28 16:37:44,444 | INFO | Checkpoints: d:\Haseeb\SPROJ\GRQO\Vit-GRQO\resnet18_experiments\PACS\checkpoints
2025-11-28 16:37:44,444 | INFO | Plots: d:\Haseeb\SPROJ\GRQO\Vit-GRQO\resnet18_experiments\PACS\plots
2025-11-28 16:37:44,671 | INFO | === LODO: Leaving out domain 'art_painting' ===
2025-11-28 16:38:01,158 | INFO | [art_painting] Epoch 1/10 | Train - Loss: 0.6943, Cls: 0.6829, GRQO: 0.0114, Acc: 0.8015 | Val - Loss: 0.7797, Cls: 0.7777, GRQO: 0.0020, Acc: 0.7500
2025-11-28 16:38:01,210 | INFO | [art_painting] New best val acc: 0.7500
2025-11-28 16:38:17,258 | INFO | [art_painting] Epoch 2/10 | Train - Loss: 0.1276, Cls: 0.1224, GRQO: 0.0051, Acc: 0.9629 | Val - Loss: 1.0716, Cls: 1.0707, GRQO: 0.0010, Acc: 0.7036
2025-11-28 16:38:33,358 | INFO | [art_painting] Epoch 3/10 | Train - Loss: 0.0388, Cls: 0.0345, GRQO: 0.0043, Acc: 0.9917 | Val - Loss: 0.9033, Cls: 0.9027, GRQO: 0.0007, Acc: 0.7490
2025-11-28 16:38:49,374 | INFO | [art_painting] Epoch 4/10 | Train - Loss: 0.0276, Cls: 0.0237, GRQO: 0.0039, Acc: 0.9945 | Val - Loss: 0.9784, Cls: 0.9778, GRQO: 0.0007, Acc: 0.7334
2025-11-28 16:39:05,524 | INFO | [art_painting] Epoch 5/10 | Train - Loss: 0.0100, Cls: 0.0066, GRQO: 0.0033, Acc: 0.9995 | Val - Loss: 0.9061, Cls: 0.9056, GRQO: 0.0004, Acc: 0.7651
2025-11-28 16:39:05,593 | INFO | [art_painting] New best val acc: 0.7651
2025-11-28 16:39:21,707 | INFO | [art_painting] Epoch 6/10 | Train - Loss: 0.0100, Cls: 0.0072, GRQO: 0.0029, Acc: 0.9987 | Val - Loss: 0.9343, Cls: 0.9340, GRQO: 0.0003, Acc: 0.7671
2025-11-28 16:39:21,758 | INFO | [art_painting] New best val acc: 0.7671
2025-11-28 16:39:37,857 | INFO | [art_painting] Epoch 7/10 | Train - Loss: 0.0176, Cls: 0.0150, GRQO: 0.0025, Acc: 0.9955 | Val - Loss: 1.0345, Cls: 1.0342, GRQO: 0.0003, Acc: 0.7539
2025-11-28 16:39:53,927 | INFO | [art_painting] Epoch 8/10 | Train - Loss: 0.0133, Cls: 0.0111, GRQO: 0.0022, Acc: 0.9972 | Val - Loss: 1.2256, Cls: 1.2252, GRQO: 0.0003, Acc: 0.7256
2025-11-28 16:40:10,123 | INFO | [art_painting] Epoch 9/10 | Train - Loss: 0.0109, Cls: 0.0090, GRQO: 0.0019, Acc: 0.9977 | Val - Loss: 1.5103, Cls: 1.5101, GRQO: 0.0002, Acc: 0.6929
2025-11-28 16:40:26,145 | INFO | [art_painting] Epoch 10/10 | Train - Loss: 0.0583, Cls: 0.0565, GRQO: 0.0018, Acc: 0.9838 | Val - Loss: 1.6803, Cls: 1.6800, GRQO: 0.0002, Acc: 0.6499
2025-11-28 16:40:26,145 | INFO | [art_painting] Best Acc: 0.7671
2025-11-28 16:40:26,145 | INFO | ------------------------------------------------------------
2025-11-28 16:40:26,238 | INFO | === LODO: Leaving out domain 'cartoon' ===
2025-11-28 16:40:42,439 | INFO | [cartoon] Epoch 1/10 | Train - Loss: 0.7894, Cls: 0.7787, GRQO: 0.0107, Acc: 0.7712 | Val - Loss: 0.9013, Cls: 0.8997, GRQO: 0.0016, Acc: 0.6881
2025-11-28 16:40:42,487 | INFO | [cartoon] New best val acc: 0.6881
2025-11-28 16:40:58,922 | INFO | [cartoon] Epoch 2/10 | Train - Loss: 0.1354, Cls: 0.1298, GRQO: 0.0056, Acc: 0.9592 | Val - Loss: 0.7968, Cls: 0.7959, GRQO: 0.0009, Acc: 0.7398
2025-11-28 16:40:58,973 | INFO | [cartoon] New best val acc: 0.7398
2025-11-28 16:41:15,055 | INFO | [cartoon] Epoch 3/10 | Train - Loss: 0.0357, Cls: 0.0310, GRQO: 0.0046, Acc: 0.9941 | Val - Loss: 0.9326, Cls: 0.9319, GRQO: 0.0008, Acc: 0.7312
2025-11-28 16:41:31,228 | INFO | [cartoon] Epoch 4/10 | Train - Loss: 0.0154, Cls: 0.0114, GRQO: 0.0040, Acc: 0.9986 | Val - Loss: 1.1055, Cls: 1.1049, GRQO: 0.0007, Acc: 0.7133
2025-11-28 16:41:48,440 | INFO | [cartoon] Epoch 5/10 | Train - Loss: 0.0098, Cls: 0.0064, GRQO: 0.0034, Acc: 0.9995 | Val - Loss: 1.0462, Cls: 1.0458, GRQO: 0.0004, Acc: 0.7410
2025-11-28 16:41:48,505 | INFO | [cartoon] New best val acc: 0.7410
2025-11-28 16:42:05,487 | INFO | [cartoon] Epoch 6/10 | Train - Loss: 0.0101, Cls: 0.0072, GRQO: 0.0029, Acc: 0.9992 | Val - Loss: 0.9727, Cls: 0.9723, GRQO: 0.0004, Acc: 0.7440
2025-11-28 16:42:05,547 | INFO | [cartoon] New best val acc: 0.7440
2025-11-28 16:42:22,504 | INFO | [cartoon] Epoch 7/10 | Train - Loss: 0.0082, Cls: 0.0058, GRQO: 0.0025, Acc: 0.9993 | Val - Loss: 1.2445, Cls: 1.2442, GRQO: 0.0003, Acc: 0.7129
2025-11-28 16:42:39,371 | INFO | [cartoon] Epoch 8/10 | Train - Loss: 0.0112, Cls: 0.0091, GRQO: 0.0021, Acc: 0.9976 | Val - Loss: 1.4216, Cls: 1.4213, GRQO: 0.0002, Acc: 0.6907
2025-11-28 16:42:56,287 | INFO | [cartoon] Epoch 9/10 | Train - Loss: 0.0218, Cls: 0.0199, GRQO: 0.0019, Acc: 0.9936 | Val - Loss: 1.5642, Cls: 1.5640, GRQO: 0.0002, Acc: 0.6796
2025-11-28 16:43:13,587 | INFO | [cartoon] Epoch 10/10 | Train - Loss: 0.0418, Cls: 0.0401, GRQO: 0.0017, Acc: 0.9857 | Val - Loss: 1.3926, Cls: 1.3924, GRQO: 0.0002, Acc: 0.6890
2025-11-28 16:43:13,587 | INFO | [cartoon] Best Acc: 0.7440
2025-11-28 16:43:13,587 | INFO | ------------------------------------------------------------
2025-11-28 16:43:13,703 | INFO | === LODO: Leaving out domain 'photo' ===
2025-11-28 16:43:30,274 | INFO | [photo] Epoch 1/10 | Train - Loss: 0.7854, Cls: 0.7762, GRQO: 0.0092, Acc: 0.7588 | Val - Loss: 0.2214, Cls: 0.2203, GRQO: 0.0010, Acc: 0.9341
2025-11-28 16:43:30,323 | INFO | [photo] New best val acc: 0.9341
2025-11-28 16:43:46,936 | INFO | [photo] Epoch 2/10 | Train - Loss: 0.1549, Cls: 0.1495, GRQO: 0.0054, Acc: 0.9583 | Val - Loss: 0.1775, Cls: 0.1770, GRQO: 0.0006, Acc: 0.9455
2025-11-28 16:43:46,999 | INFO | [photo] New best val acc: 0.9455
2025-11-28 16:44:03,300 | INFO | [photo] Epoch 3/10 | Train - Loss: 0.0678, Cls: 0.0616, GRQO: 0.0062, Acc: 0.9859 | Val - Loss: 0.1847, Cls: 0.1837, GRQO: 0.0010, Acc: 0.9413
2025-11-28 16:44:20,053 | INFO | [photo] Epoch 4/10 | Train - Loss: 0.0539, Cls: 0.0487, GRQO: 0.0051, Acc: 0.9877 | Val - Loss: 0.2555, Cls: 0.2545, GRQO: 0.0010, Acc: 0.9198
2025-11-28 16:44:36,468 | INFO | [photo] Epoch 5/10 | Train - Loss: 0.0824, Cls: 0.0737, GRQO: 0.0086, Acc: 0.9780 | Val - Loss: 0.2296, Cls: 0.2273, GRQO: 0.0023, Acc: 0.9311
2025-11-28 16:44:52,770 | INFO | [photo] Epoch 6/10 | Train - Loss: 0.0633, Cls: 0.0579, GRQO: 0.0054, Acc: 0.9827 | Val - Loss: 0.2230, Cls: 0.2213, GRQO: 0.0017, Acc: 0.9281
2025-11-28 16:45:09,052 | INFO | [photo] Epoch 7/10 | Train - Loss: 0.0410, Cls: 0.0337, GRQO: 0.0073, Acc: 0.9915 | Val - Loss: 0.2460, Cls: 0.2432, GRQO: 0.0028, Acc: 0.9263
2025-11-28 16:45:25,402 | INFO | [photo] Epoch 8/10 | Train - Loss: 0.0132, Cls: 0.0081, GRQO: 0.0051, Acc: 0.9996 | Val - Loss: 0.2650, Cls: 0.2632, GRQO: 0.0018, Acc: 0.9299
2025-11-28 16:45:41,233 | INFO | [photo] Epoch 9/10 | Train - Loss: 0.0700, Cls: 0.0635, GRQO: 0.0065, Acc: 0.9794 | Val - Loss: 0.2634, Cls: 0.2613, GRQO: 0.0021, Acc: 0.9281
2025-11-28 16:45:57,217 | INFO | [photo] Epoch 10/10 | Train - Loss: 0.0225, Cls: 0.0175, GRQO: 0.0050, Acc: 0.9962 | Val - Loss: 0.2796, Cls: 0.2782, GRQO: 0.0014, Acc: 0.9347
2025-11-28 16:45:57,217 | INFO | [photo] Best Acc: 0.9455
2025-11-28 16:45:57,227 | INFO | ------------------------------------------------------------
2025-11-28 16:45:57,317 | INFO | === LODO: Leaving out domain 'sketch' ===
2025-11-28 16:46:15,800 | INFO | [sketch] Epoch 1/10 | Train - Loss: 0.8586, Cls: 0.8417, GRQO: 0.0169, Acc: 0.7618 | Val - Loss: 0.9025, Cls: 0.9001, GRQO: 0.0024, Acc: 0.6783
2025-11-28 16:46:15,853 | INFO | [sketch] New best val acc: 0.6783
2025-11-28 16:46:34,133 | INFO | [sketch] Epoch 2/10 | Train - Loss: 0.1156, Cls: 0.1096, GRQO: 0.0060, Acc: 0.9698 | Val - Loss: 1.3795, Cls: 1.3775, GRQO: 0.0019, Acc: 0.5966
2025-11-28 16:46:52,282 | INFO | [sketch] Epoch 3/10 | Train - Loss: 0.0304, Cls: 0.0254, GRQO: 0.0050, Acc: 0.9964 | Val - Loss: 1.0072, Cls: 1.0054, GRQO: 0.0018, Acc: 0.6885
2025-11-28 16:46:52,332 | INFO | [sketch] New best val acc: 0.6885
2025-11-28 16:47:10,548 | INFO | [sketch] Epoch 4/10 | Train - Loss: 0.0140, Cls: 0.0097, GRQO: 0.0043, Acc: 0.9993 | Val - Loss: 1.2480, Cls: 1.2466, GRQO: 0.0014, Acc: 0.6630
2025-11-28 16:47:28,034 | INFO | [sketch] Epoch 5/10 | Train - Loss: 0.0096, Cls: 0.0058, GRQO: 0.0038, Acc: 0.9998 | Val - Loss: 1.6713, Cls: 1.6701, GRQO: 0.0011, Acc: 0.5910
2025-11-28 16:47:45,707 | INFO | [sketch] Epoch 6/10 | Train - Loss: 0.0075, Cls: 0.0042, GRQO: 0.0033, Acc: 1.0000 | Val - Loss: 1.5604, Cls: 1.5595, GRQO: 0.0009, Acc: 0.6088
2025-11-28 16:48:03,616 | INFO | [sketch] Epoch 7/10 | Train - Loss: 0.0060, Cls: 0.0030, GRQO: 0.0029, Acc: 1.0000 | Val - Loss: 1.5405, Cls: 1.5398, GRQO: 0.0007, Acc: 0.6220
2025-11-28 16:48:21,432 | INFO | [sketch] Epoch 8/10 | Train - Loss: 0.0051, Cls: 0.0025, GRQO: 0.0026, Acc: 1.0000 | Val - Loss: 1.5632, Cls: 1.5625, GRQO: 0.0007, Acc: 0.6274
2025-11-28 16:48:39,247 | INFO | [sketch] Epoch 9/10 | Train - Loss: 0.0046, Cls: 0.0023, GRQO: 0.0023, Acc: 1.0000 | Val - Loss: 1.6580, Cls: 1.6574, GRQO: 0.0005, Acc: 0.6208
2025-11-28 16:48:57,466 | INFO | [sketch] Epoch 10/10 | Train - Loss: 0.0041, Cls: 0.0020, GRQO: 0.0021, Acc: 1.0000 | Val - Loss: 1.5914, Cls: 1.5909, GRQO: 0.0005, Acc: 0.6269
2025-11-28 16:48:57,466 | INFO | [sketch] Best Acc: 0.6885
2025-11-28 16:48:57,466 | INFO | ------------------------------------------------------------
2025-11-28 16:48:57,480 | INFO | LODO finished | Mean Acc: 0.7863 | Summary saved to d:\Haseeb\SPROJ\GRQO\Vit-GRQO\resnet18_experiments\PACS\logs\lodo_summary_20251128_164857.json
2025-11-28 16:48:57,487 | INFO | Initializing ResNet baseline: resnet18
2025-11-28 16:48:57,564 | INFO | === Baseline LODO: Leaving out domain 'art_painting' ===
2025-11-28 16:49:12,998 | INFO | [art_painting] Epoch 1/10 | Train - Loss: 0.5256, Acc: 0.8338 | Val Acc: 0.7129
2025-11-28 16:49:28,302 | INFO | [art_painting] Epoch 2/10 | Train - Loss: 0.1066, Acc: 0.9724 | Val Acc: 0.7568
2025-11-28 16:49:43,714 | INFO | [art_painting] Epoch 3/10 | Train - Loss: 0.0339, Acc: 0.9962 | Val Acc: 0.7422
2025-11-28 16:49:58,895 | INFO | [art_painting] Epoch 4/10 | Train - Loss: 0.0246, Acc: 0.9963 | Val Acc: 0.7910
2025-11-28 16:50:14,029 | INFO | [art_painting] Epoch 5/10 | Train - Loss: 0.0163, Acc: 0.9974 | Val Acc: 0.7686
2025-11-28 16:50:29,302 | INFO | [art_painting] Epoch 6/10 | Train - Loss: 0.0058, Acc: 0.9999 | Val Acc: 0.7720
2025-11-28 16:50:44,445 | INFO | [art_painting] Epoch 7/10 | Train - Loss: 0.0031, Acc: 1.0000 | Val Acc: 0.7817
2025-11-28 16:50:59,867 | INFO | [art_painting] Epoch 8/10 | Train - Loss: 0.0024, Acc: 1.0000 | Val Acc: 0.7856
2025-11-28 16:51:15,228 | INFO | [art_painting] Epoch 9/10 | Train - Loss: 0.0019, Acc: 1.0000 | Val Acc: 0.7812
2025-11-28 16:51:30,392 | INFO | [art_painting] Epoch 10/10 | Train - Loss: 0.0062, Acc: 0.9986 | Val Acc: 0.7617
2025-11-28 16:51:30,392 | INFO | [art_painting] Best Val Acc: 0.7910
2025-11-28 16:51:30,392 | INFO | ------------------------------------------------------------
2025-11-28 16:51:30,394 | INFO | Initializing ResNet baseline: resnet18
2025-11-28 16:51:30,470 | INFO | === Baseline LODO: Leaving out domain 'cartoon' ===
2025-11-28 16:51:45,927 | INFO | [cartoon] Epoch 1/10 | Train - Loss: 0.5469, Acc: 0.8220 | Val Acc: 0.7078
2025-11-28 16:52:01,362 | INFO | [cartoon] Epoch 2/10 | Train - Loss: 0.1002, Acc: 0.9737 | Val Acc: 0.7218
2025-11-28 16:52:16,727 | INFO | [cartoon] Epoch 3/10 | Train - Loss: 0.0280, Acc: 0.9961 | Val Acc: 0.7342
2025-11-28 16:52:32,210 | INFO | [cartoon] Epoch 4/10 | Train - Loss: 0.0093, Acc: 0.9996 | Val Acc: 0.7304
2025-11-28 16:52:47,643 | INFO | [cartoon] Epoch 5/10 | Train - Loss: 0.0047, Acc: 1.0000 | Val Acc: 0.7415
2025-11-28 16:53:03,076 | INFO | [cartoon] Epoch 6/10 | Train - Loss: 0.0030, Acc: 1.0000 | Val Acc: 0.7248
2025-11-28 16:53:18,859 | INFO | [cartoon] Epoch 7/10 | Train - Loss: 0.0022, Acc: 1.0000 | Val Acc: 0.7389
2025-11-28 16:53:34,442 | INFO | [cartoon] Epoch 8/10 | Train - Loss: 0.0017, Acc: 1.0000 | Val Acc: 0.7180
2025-11-28 16:53:49,875 | INFO | [cartoon] Epoch 9/10 | Train - Loss: 0.0014, Acc: 1.0000 | Val Acc: 0.7359
2025-11-28 16:54:05,399 | INFO | [cartoon] Epoch 10/10 | Train - Loss: 0.0012, Acc: 1.0000 | Val Acc: 0.7342
2025-11-28 16:54:05,399 | INFO | [cartoon] Best Val Acc: 0.7415
2025-11-28 16:54:05,399 | INFO | ------------------------------------------------------------
2025-11-28 16:54:05,399 | INFO | Initializing ResNet baseline: resnet18
2025-11-28 16:54:05,475 | INFO | === Baseline LODO: Leaving out domain 'photo' ===
2025-11-28 16:54:20,441 | INFO | [photo] Epoch 1/10 | Train - Loss: 0.5686, Acc: 0.8108 | Val Acc: 0.9293
2025-11-28 16:54:35,391 | INFO | [photo] Epoch 2/10 | Train - Loss: 0.1194, Acc: 0.9701 | Val Acc: 0.9521
2025-11-28 16:54:50,757 | INFO | [photo] Epoch 3/10 | Train - Loss: 0.0328, Acc: 0.9969 | Val Acc: 0.9299
2025-11-28 16:55:05,841 | INFO | [photo] Epoch 4/10 | Train - Loss: 0.0134, Acc: 0.9998 | Val Acc: 0.9461
2025-11-28 16:55:20,674 | INFO | [photo] Epoch 5/10 | Train - Loss: 0.0070, Acc: 0.9999 | Val Acc: 0.9383
2025-11-28 16:55:35,723 | INFO | [photo] Epoch 6/10 | Train - Loss: 0.0057, Acc: 0.9999 | Val Acc: 0.9407
2025-11-28 16:55:50,630 | INFO | [photo] Epoch 7/10 | Train - Loss: 0.0047, Acc: 0.9999 | Val Acc: 0.9497
2025-11-28 16:56:05,543 | INFO | [photo] Epoch 8/10 | Train - Loss: 0.0045, Acc: 0.9999 | Val Acc: 0.9461
2025-11-28 16:56:20,461 | INFO | [photo] Epoch 9/10 | Train - Loss: 0.0034, Acc: 0.9999 | Val Acc: 0.9341
