2025-11-25 15:36:20,533 | INFO | Initialized experiment directories for VLCS
2025-11-25 15:36:20,533 | INFO | Logs: d:\Haseeb\SPROJ\GRQO\Vit-GRQO\resnet18_experiments\VLCS\logs
2025-11-25 15:36:20,534 | INFO | Checkpoints: d:\Haseeb\SPROJ\GRQO\Vit-GRQO\resnet18_experiments\VLCS\checkpoints
2025-11-25 15:36:20,534 | INFO | Plots: d:\Haseeb\SPROJ\GRQO\Vit-GRQO\resnet18_experiments\VLCS\plots
2025-11-25 15:36:20,771 | INFO | === LODO: Leaving out domain 'VOC2007' ===
2025-11-25 15:36:56,757 | INFO | [VOC2007] Epoch 1/20 | Train - Loss: 0.6675, Cls: 0.6654, GRQO: 0.0213, Acc: 0.7397 | Val - Loss: 0.7838, Cls: 0.7835, GRQO: 0.0035, Acc: 0.7008
2025-11-25 15:36:56,828 | INFO | [VOC2007] New best val acc: 0.7008
2025-11-25 15:37:31,974 | INFO | [VOC2007] Epoch 2/20 | Train - Loss: 0.3209, Cls: 0.3202, GRQO: 0.0068, Acc: 0.8883 | Val - Loss: 0.7383, Cls: 0.7380, GRQO: 0.0028, Acc: 0.7313
2025-11-25 15:37:32,044 | INFO | [VOC2007] New best val acc: 0.7313
2025-11-25 15:38:07,245 | INFO | [VOC2007] Epoch 3/20 | Train - Loss: 0.1158, Cls: 0.1150, GRQO: 0.0071, Acc: 0.9671 | Val - Loss: 0.9662, Cls: 0.9659, GRQO: 0.0031, Acc: 0.7287
2025-11-25 15:38:41,972 | INFO | [VOC2007] Epoch 4/20 | Train - Loss: 0.0337, Cls: 0.0329, GRQO: 0.0073, Acc: 0.9899 | Val - Loss: 1.2913, Cls: 1.2910, GRQO: 0.0025, Acc: 0.7334
2025-11-25 15:38:42,045 | INFO | [VOC2007] New best val acc: 0.7334
2025-11-25 15:39:17,338 | INFO | [VOC2007] Epoch 5/20 | Train - Loss: 0.0281, Cls: 0.0274, GRQO: 0.0073, Acc: 0.9899 | Val - Loss: 1.3073, Cls: 1.3069, GRQO: 0.0038, Acc: 0.7290
2025-11-25 15:39:52,340 | INFO | [VOC2007] Epoch 6/20 | Train - Loss: 0.0212, Cls: 0.0204, GRQO: 0.0076, Acc: 0.9928 | Val - Loss: 1.7691, Cls: 1.7688, GRQO: 0.0034, Acc: 0.6591
2025-11-25 15:40:28,054 | INFO | [VOC2007] Epoch 7/20 | Train - Loss: 0.0339, Cls: 0.0332, GRQO: 0.0068, Acc: 0.9906 | Val - Loss: 1.4918, Cls: 1.4915, GRQO: 0.0026, Acc: 0.6988
2025-11-25 15:41:04,420 | INFO | [VOC2007] Epoch 8/20 | Train - Loss: 0.0329, Cls: 0.0323, GRQO: 0.0065, Acc: 0.9884 | Val - Loss: 1.3036, Cls: 1.3034, GRQO: 0.0024, Acc: 0.7435
2025-11-25 15:41:04,486 | INFO | [VOC2007] New best val acc: 0.7435
2025-11-25 15:41:41,786 | INFO | [VOC2007] Epoch 9/20 | Train - Loss: 0.0163, Cls: 0.0157, GRQO: 0.0061, Acc: 0.9948 | Val - Loss: 1.5545, Cls: 1.5543, GRQO: 0.0014, Acc: 0.7148
2025-11-25 15:42:18,568 | INFO | [VOC2007] Epoch 10/20 | Train - Loss: 0.0191, Cls: 0.0185, GRQO: 0.0058, Acc: 0.9946 | Val - Loss: 1.5658, Cls: 1.5656, GRQO: 0.0017, Acc: 0.7124
2025-11-25 15:42:55,259 | INFO | [VOC2007] Epoch 11/20 | Train - Loss: 0.0149, Cls: 0.0144, GRQO: 0.0056, Acc: 0.9954 | Val - Loss: 1.3629, Cls: 1.3626, GRQO: 0.0026, Acc: 0.7402
2025-11-25 15:43:31,317 | INFO | [VOC2007] Epoch 12/20 | Train - Loss: 0.0130, Cls: 0.0124, GRQO: 0.0055, Acc: 0.9965 | Val - Loss: 1.4423, Cls: 1.4422, GRQO: 0.0014, Acc: 0.7533
2025-11-25 15:43:31,387 | INFO | [VOC2007] New best val acc: 0.7533
2025-11-25 15:44:08,817 | INFO | [VOC2007] Epoch 13/20 | Train - Loss: 0.0207, Cls: 0.0201, GRQO: 0.0055, Acc: 0.9928 | Val - Loss: 1.5007, Cls: 1.5004, GRQO: 0.0031, Acc: 0.7180
2025-11-25 15:44:45,034 | INFO | [VOC2007] Epoch 14/20 | Train - Loss: 0.0094, Cls: 0.0089, GRQO: 0.0053, Acc: 0.9974 | Val - Loss: 1.7410, Cls: 1.7409, GRQO: 0.0014, Acc: 0.7088
2025-11-25 15:45:21,049 | INFO | [VOC2007] Epoch 15/20 | Train - Loss: 0.0080, Cls: 0.0075, GRQO: 0.0049, Acc: 0.9976 | Val - Loss: 1.5449, Cls: 1.5448, GRQO: 0.0013, Acc: 0.7429
2025-11-25 15:45:57,896 | INFO | [VOC2007] Epoch 16/20 | Train - Loss: 0.0036, Cls: 0.0032, GRQO: 0.0046, Acc: 0.9986 | Val - Loss: 1.7677, Cls: 1.7676, GRQO: 0.0011, Acc: 0.7059
2025-11-25 15:46:34,982 | INFO | [VOC2007] Epoch 17/20 | Train - Loss: 0.0084, Cls: 0.0079, GRQO: 0.0046, Acc: 0.9980 | Val - Loss: 1.6441, Cls: 1.6440, GRQO: 0.0013, Acc: 0.7257
2025-11-25 15:47:10,946 | INFO | [VOC2007] Epoch 18/20 | Train - Loss: 0.0093, Cls: 0.0089, GRQO: 0.0043, Acc: 0.9973 | Val - Loss: 1.6451, Cls: 1.6450, GRQO: 0.0010, Acc: 0.7162
2025-11-25 15:47:47,546 | INFO | [VOC2007] Epoch 19/20 | Train - Loss: 0.0116, Cls: 0.0112, GRQO: 0.0042, Acc: 0.9965 | Val - Loss: 1.6570, Cls: 1.6567, GRQO: 0.0026, Acc: 0.7251
2025-11-25 15:48:24,332 | INFO | [VOC2007] Epoch 20/20 | Train - Loss: 0.0136, Cls: 0.0131, GRQO: 0.0046, Acc: 0.9959 | Val - Loss: 1.6230, Cls: 1.6229, GRQO: 0.0014, Acc: 0.7355
2025-11-25 15:48:24,333 | INFO | [VOC2007] Best Acc: 0.7533
2025-11-25 15:48:24,333 | INFO | ------------------------------------------------------------
2025-11-25 15:48:24,428 | INFO | === LODO: Leaving out domain 'LabelMe' ===
2025-11-25 15:49:46,043 | INFO | [LabelMe] Epoch 1/20 | Train - Loss: 0.5810, Cls: 0.5791, GRQO: 0.0186, Acc: 0.7855 | Val - Loss: 1.4724, Cls: 1.4720, GRQO: 0.0039, Acc: 0.6367
2025-11-25 15:49:46,112 | INFO | [LabelMe] New best val acc: 0.6367
2025-11-25 15:51:08,844 | INFO | [LabelMe] Epoch 2/20 | Train - Loss: 0.2248, Cls: 0.2242, GRQO: 0.0059, Acc: 0.9241 | Val - Loss: 1.9917, Cls: 1.9916, GRQO: 0.0013, Acc: 0.6306
2025-11-25 15:52:31,611 | INFO | [LabelMe] Epoch 3/20 | Train - Loss: 0.0777, Cls: 0.0770, GRQO: 0.0066, Acc: 0.9776 | Val - Loss: 2.8602, Cls: 2.8601, GRQO: 0.0010, Acc: 0.6258
2025-11-25 15:53:53,982 | INFO | [LabelMe] Epoch 4/20 | Train - Loss: 0.0192, Cls: 0.0186, GRQO: 0.0061, Acc: 0.9953 | Val - Loss: 3.0296, Cls: 3.0295, GRQO: 0.0011, Acc: 0.6423
2025-11-25 15:53:54,050 | INFO | [LabelMe] New best val acc: 0.6423
2025-11-25 15:55:15,904 | INFO | [LabelMe] Epoch 5/20 | Train - Loss: 0.0304, Cls: 0.0297, GRQO: 0.0068, Acc: 0.9902 | Val - Loss: 2.9458, Cls: 2.9457, GRQO: 0.0006, Acc: 0.6457
2025-11-25 15:55:15,975 | INFO | [LabelMe] New best val acc: 0.6457
2025-11-25 15:56:38,004 | INFO | [LabelMe] Epoch 6/20 | Train - Loss: 0.0067, Cls: 0.0061, GRQO: 0.0060, Acc: 0.9985 | Val - Loss: 3.5544, Cls: 3.5544, GRQO: 0.0004, Acc: 0.6352
2025-11-25 15:57:59,634 | INFO | [LabelMe] Epoch 7/20 | Train - Loss: 0.0086, Cls: 0.0080, GRQO: 0.0056, Acc: 0.9978 | Val - Loss: 3.3174, Cls: 3.3173, GRQO: 0.0008, Acc: 0.6386
2025-11-25 15:59:22,266 | INFO | [LabelMe] Epoch 8/20 | Train - Loss: 0.0113, Cls: 0.0107, GRQO: 0.0056, Acc: 0.9964 | Val - Loss: 3.4798, Cls: 3.4798, GRQO: 0.0001, Acc: 0.6246
2025-11-25 16:00:45,148 | INFO | [LabelMe] Epoch 9/20 | Train - Loss: 0.0030, Cls: 0.0025, GRQO: 0.0055, Acc: 0.9995 | Val - Loss: 3.2687, Cls: 3.2686, GRQO: 0.0006, Acc: 0.6457
2025-11-25 16:02:06,532 | INFO | [LabelMe] Epoch 10/20 | Train - Loss: 0.0073, Cls: 0.0068, GRQO: 0.0053, Acc: 0.9979 | Val - Loss: 3.4642, Cls: 3.4642, GRQO: 0.0000, Acc: 0.6337
2025-11-25 16:03:28,295 | INFO | [LabelMe] Epoch 11/20 | Train - Loss: 0.0499, Cls: 0.0479, GRQO: 0.0194, Acc: 0.9844 | Val - Loss: 3.0316, Cls: 3.0303, GRQO: 0.0131, Acc: 0.6295
2025-11-25 16:04:50,110 | INFO | [LabelMe] Epoch 12/20 | Train - Loss: 0.0805, Cls: 0.0789, GRQO: 0.0161, Acc: 0.9745 | Val - Loss: 3.2273, Cls: 3.2266, GRQO: 0.0073, Acc: 0.6178
2025-11-25 16:06:11,258 | INFO | [LabelMe] Epoch 13/20 | Train - Loss: 0.0692, Cls: 0.0679, GRQO: 0.0133, Acc: 0.9794 | Val - Loss: 3.1934, Cls: 3.1929, GRQO: 0.0046, Acc: 0.6322
2025-11-25 16:07:33,574 | INFO | [LabelMe] Epoch 14/20 | Train - Loss: 0.0109, Cls: 0.0101, GRQO: 0.0087, Acc: 0.9974 | Val - Loss: 3.6682, Cls: 3.6679, GRQO: 0.0027, Acc: 0.6118
2025-11-25 16:08:55,753 | INFO | [LabelMe] Epoch 15/20 | Train - Loss: 0.0062, Cls: 0.0054, GRQO: 0.0074, Acc: 0.9984 | Val - Loss: 3.5187, Cls: 3.5185, GRQO: 0.0024, Acc: 0.6235
2025-11-25 16:10:17,371 | INFO | [LabelMe] Epoch 16/20 | Train - Loss: 0.0027, Cls: 0.0020, GRQO: 0.0067, Acc: 0.9996 | Val - Loss: 3.4368, Cls: 3.4367, GRQO: 0.0016, Acc: 0.6480
2025-11-25 16:10:17,438 | INFO | [LabelMe] New best val acc: 0.6480
2025-11-25 16:11:39,352 | INFO | [LabelMe] Epoch 17/20 | Train - Loss: 0.0012, Cls: 0.0006, GRQO: 0.0061, Acc: 1.0000 | Val - Loss: 3.6070, Cls: 3.6068, GRQO: 0.0018, Acc: 0.6340
2025-11-25 16:13:02,051 | INFO | [LabelMe] Epoch 18/20 | Train - Loss: 0.0009, Cls: 0.0003, GRQO: 0.0056, Acc: 1.0000 | Val - Loss: 3.6713, Cls: 3.6712, GRQO: 0.0016, Acc: 0.6322
2025-11-25 16:14:24,433 | INFO | [LabelMe] Epoch 19/20 | Train - Loss: 0.0017, Cls: 0.0012, GRQO: 0.0053, Acc: 0.9999 | Val - Loss: 3.7413, Cls: 3.7411, GRQO: 0.0015, Acc: 0.6284
2025-11-25 16:15:46,300 | INFO | [LabelMe] Epoch 20/20 | Train - Loss: 0.0329, Cls: 0.0323, GRQO: 0.0059, Acc: 0.9886 | Val - Loss: 3.3664, Cls: 3.3662, GRQO: 0.0019, Acc: 0.6465
2025-11-25 16:15:46,300 | INFO | [LabelMe] Best Acc: 0.6480
2025-11-25 16:15:46,300 | INFO | ------------------------------------------------------------
2025-11-25 16:15:46,432 | INFO | === LODO: Leaving out domain 'Caltech101' ===
2025-11-25 16:16:18,500 | INFO | [Caltech101] Epoch 1/20 | Train - Loss: 0.7059, Cls: 0.7045, GRQO: 0.0135, Acc: 0.7342 | Val - Loss: 0.1220, Cls: 0.1216, GRQO: 0.0037, Acc: 0.9675
2025-11-25 16:16:18,581 | INFO | [Caltech101] New best val acc: 0.9675
2025-11-25 16:16:50,030 | INFO | [Caltech101] Epoch 2/20 | Train - Loss: 0.3433, Cls: 0.3427, GRQO: 0.0063, Acc: 0.8795 | Val - Loss: 0.1090, Cls: 0.1086, GRQO: 0.0042, Acc: 0.9675
2025-11-25 16:17:22,714 | INFO | [Caltech101] Epoch 3/20 | Train - Loss: 0.1156, Cls: 0.1149, GRQO: 0.0075, Acc: 0.9662 | Val - Loss: 0.2031, Cls: 0.2028, GRQO: 0.0031, Acc: 0.9336
2025-11-25 16:17:54,389 | INFO | [Caltech101] Epoch 4/20 | Train - Loss: 0.0387, Cls: 0.0380, GRQO: 0.0071, Acc: 0.9884 | Val - Loss: 0.2499, Cls: 0.2497, GRQO: 0.0023, Acc: 0.9208
2025-11-25 16:18:25,812 | INFO | [Caltech101] Epoch 5/20 | Train - Loss: 0.0340, Cls: 0.0333, GRQO: 0.0068, Acc: 0.9884 | Val - Loss: 0.2224, Cls: 0.2221, GRQO: 0.0033, Acc: 0.9420
2025-11-25 16:18:58,299 | INFO | [Caltech101] Epoch 6/20 | Train - Loss: 0.0407, Cls: 0.0401, GRQO: 0.0066, Acc: 0.9852 | Val - Loss: 0.1038, Cls: 0.1033, GRQO: 0.0042, Acc: 0.9689
2025-11-25 16:18:58,362 | INFO | [Caltech101] New best val acc: 0.9689
2025-11-25 16:19:31,394 | INFO | [Caltech101] Epoch 7/20 | Train - Loss: 0.0282, Cls: 0.0276, GRQO: 0.0063, Acc: 0.9900 | Val - Loss: 0.1327, Cls: 0.1326, GRQO: 0.0014, Acc: 0.9604
2025-11-25 16:20:02,926 | INFO | [Caltech101] Epoch 8/20 | Train - Loss: 0.0187, Cls: 0.0181, GRQO: 0.0055, Acc: 0.9941 | Val - Loss: 0.2340, Cls: 0.2338, GRQO: 0.0015, Acc: 0.9449
2025-11-25 16:20:34,450 | INFO | [Caltech101] Epoch 9/20 | Train - Loss: 0.0337, Cls: 0.0331, GRQO: 0.0057, Acc: 0.9890 | Val - Loss: 0.2781, Cls: 0.2775, GRQO: 0.0058, Acc: 0.9216
2025-11-25 16:21:06,667 | INFO | [Caltech101] Epoch 10/20 | Train - Loss: 0.0243, Cls: 0.0237, GRQO: 0.0057, Acc: 0.9913 | Val - Loss: 0.1813, Cls: 0.1812, GRQO: 0.0015, Acc: 0.9498
2025-11-25 16:21:38,326 | INFO | [Caltech101] Epoch 11/20 | Train - Loss: 0.0407, Cls: 0.0401, GRQO: 0.0056, Acc: 0.9867 | Val - Loss: 0.1431, Cls: 0.1429, GRQO: 0.0025, Acc: 0.9604
2025-11-25 16:22:10,697 | INFO | [Caltech101] Epoch 12/20 | Train - Loss: 0.0209, Cls: 0.0204, GRQO: 0.0051, Acc: 0.9936 | Val - Loss: 0.0672, Cls: 0.0671, GRQO: 0.0013, Acc: 0.9802
2025-11-25 16:22:10,758 | INFO | [Caltech101] New best val acc: 0.9802
2025-11-25 16:22:42,857 | INFO | [Caltech101] Epoch 13/20 | Train - Loss: 0.0192, Cls: 0.0187, GRQO: 0.0050, Acc: 0.9943 | Val - Loss: 0.1480, Cls: 0.1480, GRQO: 0.0008, Acc: 0.9633
2025-11-25 16:23:14,091 | INFO | [Caltech101] Epoch 14/20 | Train - Loss: 0.0075, Cls: 0.0070, GRQO: 0.0051, Acc: 0.9980 | Val - Loss: 0.0995, Cls: 0.0994, GRQO: 0.0014, Acc: 0.9739
2025-11-25 16:23:45,474 | INFO | [Caltech101] Epoch 15/20 | Train - Loss: 0.0041, Cls: 0.0036, GRQO: 0.0044, Acc: 0.9988 | Val - Loss: 0.1855, Cls: 0.1854, GRQO: 0.0010, Acc: 0.9583
2025-11-25 16:24:16,964 | INFO | [Caltech101] Epoch 16/20 | Train - Loss: 0.0045, Cls: 0.0040, GRQO: 0.0041, Acc: 0.9985 | Val - Loss: 0.1137, Cls: 0.1136, GRQO: 0.0006, Acc: 0.9696
2025-11-25 16:24:47,940 | INFO | [Caltech101] Epoch 17/20 | Train - Loss: 0.0068, Cls: 0.0065, GRQO: 0.0039, Acc: 0.9979 | Val - Loss: 0.1303, Cls: 0.1302, GRQO: 0.0005, Acc: 0.9640
2025-11-25 16:25:20,154 | INFO | [Caltech101] Epoch 18/20 | Train - Loss: 0.0196, Cls: 0.0192, GRQO: 0.0039, Acc: 0.9928 | Val - Loss: 0.2609, Cls: 0.2608, GRQO: 0.0013, Acc: 0.9216
2025-11-25 16:25:51,572 | INFO | [Caltech101] Epoch 19/20 | Train - Loss: 0.0300, Cls: 0.0297, GRQO: 0.0037, Acc: 0.9909 | Val - Loss: 0.2857, Cls: 0.2856, GRQO: 0.0008, Acc: 0.9223
2025-11-25 16:26:23,101 | INFO | [Caltech101] Epoch 20/20 | Train - Loss: 0.0167, Cls: 0.0164, GRQO: 0.0035, Acc: 0.9944 | Val - Loss: 0.2744, Cls: 0.2742, GRQO: 0.0012, Acc: 0.9442
2025-11-25 16:26:23,102 | INFO | [Caltech101] Best Acc: 0.9802
2025-11-25 16:26:23,103 | INFO | ------------------------------------------------------------
2025-11-25 16:26:23,203 | INFO | === LODO: Leaving out domain 'SUN09' ===
2025-11-25 16:27:03,769 | INFO | [SUN09] Epoch 1/20 | Train - Loss: 0.6295, Cls: 0.6276, GRQO: 0.0200, Acc: 0.7705 | Val - Loss: 0.7618, Cls: 0.7617, GRQO: 0.0013, Acc: 0.6737
2025-11-25 16:27:03,845 | INFO | [SUN09] New best val acc: 0.6737
2025-11-25 16:27:43,304 | INFO | [SUN09] Epoch 2/20 | Train - Loss: 0.2930, Cls: 0.2924, GRQO: 0.0057, Acc: 0.8993 | Val - Loss: 0.8551, Cls: 0.8548, GRQO: 0.0036, Acc: 0.6959
2025-11-25 16:27:43,368 | INFO | [SUN09] New best val acc: 0.6959
2025-11-25 16:28:22,984 | INFO | [SUN09] Epoch 3/20 | Train - Loss: 0.1194, Cls: 0.1187, GRQO: 0.0068, Acc: 0.9648 | Val - Loss: 1.1795, Cls: 1.1792, GRQO: 0.0028, Acc: 0.6938
2025-11-25 16:29:03,117 | INFO | [SUN09] Epoch 4/20 | Train - Loss: 0.0467, Cls: 0.0461, GRQO: 0.0068, Acc: 0.9856 | Val - Loss: 1.3447, Cls: 1.3444, GRQO: 0.0028, Acc: 0.7148
2025-11-25 16:29:03,196 | INFO | [SUN09] New best val acc: 0.7148
2025-11-25 16:29:43,284 | INFO | [SUN09] Epoch 5/20 | Train - Loss: 0.0164, Cls: 0.0158, GRQO: 0.0063, Acc: 0.9960 | Val - Loss: 1.3533, Cls: 1.3529, GRQO: 0.0043, Acc: 0.7179
2025-11-25 16:29:43,352 | INFO | [SUN09] New best val acc: 0.7179
2025-11-25 16:30:23,665 | INFO | [SUN09] Epoch 6/20 | Train - Loss: 0.0103, Cls: 0.0096, GRQO: 0.0063, Acc: 0.9973 | Val - Loss: 1.7981, Cls: 1.7979, GRQO: 0.0017, Acc: 0.6740
2025-11-25 16:31:04,033 | INFO | [SUN09] Epoch 7/20 | Train - Loss: 0.0170, Cls: 0.0164, GRQO: 0.0057, Acc: 0.9938 | Val - Loss: 1.7356, Cls: 1.7355, GRQO: 0.0010, Acc: 0.7054
2025-11-25 16:31:45,430 | INFO | [SUN09] Epoch 8/20 | Train - Loss: 0.0170, Cls: 0.0164, GRQO: 0.0058, Acc: 0.9953 | Val - Loss: 1.6285, Cls: 1.6283, GRQO: 0.0027, Acc: 0.7038
2025-11-25 16:32:25,529 | INFO | [SUN09] Epoch 9/20 | Train - Loss: 0.0185, Cls: 0.0179, GRQO: 0.0056, Acc: 0.9941 | Val - Loss: 2.0339, Cls: 2.0337, GRQO: 0.0018, Acc: 0.6700
2025-11-25 16:33:05,412 | INFO | [SUN09] Epoch 10/20 | Train - Loss: 0.0218, Cls: 0.0213, GRQO: 0.0056, Acc: 0.9927 | Val - Loss: 1.7105, Cls: 1.7104, GRQO: 0.0014, Acc: 0.7057
2025-11-25 16:33:45,094 | INFO | [SUN09] Epoch 11/20 | Train - Loss: 0.0265, Cls: 0.0259, GRQO: 0.0054, Acc: 0.9907 | Val - Loss: 1.6370, Cls: 1.6368, GRQO: 0.0019, Acc: 0.6990
2025-11-25 16:34:25,560 | INFO | [SUN09] Epoch 12/20 | Train - Loss: 0.0199, Cls: 0.0194, GRQO: 0.0053, Acc: 0.9932 | Val - Loss: 1.8082, Cls: 1.8080, GRQO: 0.0017, Acc: 0.6734
2025-11-25 16:35:06,244 | INFO | [SUN09] Epoch 13/20 | Train - Loss: 0.0233, Cls: 0.0228, GRQO: 0.0051, Acc: 0.9922 | Val - Loss: 1.6488, Cls: 1.6484, GRQO: 0.0044, Acc: 0.7069
2025-11-25 16:35:46,730 | INFO | [SUN09] Epoch 14/20 | Train - Loss: 0.0121, Cls: 0.0116, GRQO: 0.0050, Acc: 0.9965 | Val - Loss: 1.7517, Cls: 1.7516, GRQO: 0.0014, Acc: 0.7087
2025-11-25 16:36:26,893 | INFO | [SUN09] Epoch 15/20 | Train - Loss: 0.0187, Cls: 0.0182, GRQO: 0.0046, Acc: 0.9952 | Val - Loss: 1.7377, Cls: 1.7375, GRQO: 0.0013, Acc: 0.7029
2025-11-25 16:37:07,524 | INFO | [SUN09] Epoch 16/20 | Train - Loss: 0.0066, Cls: 0.0062, GRQO: 0.0042, Acc: 0.9979 | Val - Loss: 1.9214, Cls: 1.9213, GRQO: 0.0010, Acc: 0.6929
2025-11-25 16:37:47,690 | INFO | [SUN09] Epoch 17/20 | Train - Loss: 0.0056, Cls: 0.0052, GRQO: 0.0041, Acc: 0.9981 | Val - Loss: 1.9095, Cls: 1.9094, GRQO: 0.0011, Acc: 0.6993
2025-11-25 16:38:28,489 | INFO | [SUN09] Epoch 18/20 | Train - Loss: 0.0284, Cls: 0.0280, GRQO: 0.0043, Acc: 0.9906 | Val - Loss: 1.7245, Cls: 1.7243, GRQO: 0.0018, Acc: 0.6868
2025-11-25 16:39:08,656 | INFO | [SUN09] Epoch 19/20 | Train - Loss: 0.0101, Cls: 0.0097, GRQO: 0.0040, Acc: 0.9969 | Val - Loss: 1.7811, Cls: 1.7810, GRQO: 0.0013, Acc: 0.6843
2025-11-25 16:39:49,154 | INFO | [SUN09] Epoch 20/20 | Train - Loss: 0.0358, Cls: 0.0353, GRQO: 0.0053, Acc: 0.9883 | Val - Loss: 1.5080, Cls: 1.5079, GRQO: 0.0013, Acc: 0.7069
2025-11-25 16:39:49,154 | INFO | [SUN09] Best Acc: 0.7179
2025-11-25 16:39:49,154 | INFO | ------------------------------------------------------------
2025-11-25 16:39:49,154 | INFO | LODO finished | Mean Acc: 0.7748 | Summary saved to d:\Haseeb\SPROJ\GRQO\Vit-GRQO\resnet18_experiments\VLCS\logs\lodo_summary_20251125_163949.json
